
> ubumaths@0.1.1 test:unit /Users/david/Coding/js/ubumaths
> vitest


 RUN  v3.2.4 /Users/david/Coding/js/ubumaths

The following Vite config options will be overridden by SvelteKit:
  - base
 ❯ |server| tests/database/triggers/assignment-triggers.test.ts (12 tests | 12 failed) 7876ms
   × Exercise Completion Tracking Triggers > trigger_update_completion_last_viewed (BEFORE UPDATE) > should update last_viewed_at when view_count increases 810ms
     → Cannot read properties of null (reading 'id')
   × Exercise Completion Tracking Triggers > trigger_update_completion_last_viewed (BEFORE UPDATE) > should NOT update last_viewed_at when view_count does not change 355ms
     → Cannot read properties of null (reading 'id')
   × Exercise Completion Tracking Triggers > trigger_update_completion_last_viewed (BEFORE UPDATE) > should update last_viewed_at on multiple view increments 614ms
     → Cannot read properties of null (reading 'id')
   × Exercise Completion Tracking Triggers > trigger_update_completion_last_viewed (BEFORE UPDATE) > should set last_viewed_at to NOW() (recent timestamp) 370ms
     → Cannot read properties of null (reading 'id')
   × Exercise Completion Tracking Triggers > trigger_update_completion_last_viewed (BEFORE UPDATE) > should handle view_count decrease gracefully (edge case) 947ms
     → Cannot read properties of null (reading 'id')
   × Exercise Completion Tracking Triggers > trigger_update_completion_last_viewed (BEFORE UPDATE) > should NOT fire on INSERT (trigger is BEFORE UPDATE only) 588ms
     → Cannot read properties of null (reading 'id')
   × Exercise Completion Tracking Triggers > Integration with completion workflow > should track last viewed correctly in student practice session 846ms
     → Cannot read properties of null (reading 'id')
   × Exercise Completion Tracking Triggers > Integration with completion workflow > should support "recently viewed" feature with accurate timestamps 666ms
     → Cannot read properties of null (reading 'id')
   × Exercise Completion Tracking Triggers > Integration with completion workflow > should handle concurrent view tracking (multiple tabs) 676ms
     → Cannot read properties of null (reading 'id')
   × Exercise Completion Tracking Triggers > Edge cases > should handle view_count = 0 to view_count = 1 transition 388ms
     → Cannot read properties of null (reading 'id')
   × Exercise Completion Tracking Triggers > Edge cases > should preserve completed_at when updating view_count 533ms
     → Cannot read properties of null (reading 'id')
   × Exercise Completion Tracking Triggers > Edge cases > should handle NULL completed_at correctly 532ms
     → Cannot read properties of null (reading 'id')
 ❯ |server| tests/database/triggers/template-triggers.test.ts (13 tests | 13 failed) 7869ms
   × Template Version History Triggers > trigger_save_template_version (BEFORE UPDATE) > should create version history when title changes 787ms
     → Cannot read properties of null (reading 'id')
   × Template Version History Triggers > trigger_save_template_version (BEFORE UPDATE) > should create version history when subject_template changes 297ms
     → Cannot read properties of null (reading 'id')
   × Template Version History Triggers > trigger_save_template_version (BEFORE UPDATE) > should create version history when body_template changes 686ms
     → Cannot read properties of null (reading 'id')
   × Template Version History Triggers > trigger_save_template_version (BEFORE UPDATE) > should create version history when variables change 372ms
     → Cannot read properties of null (reading 'id')
   × Template Version History Triggers > trigger_save_template_version (BEFORE UPDATE) > should NOT create version when non-tracked fields change 668ms
     → Cannot read properties of null (reading 'id')
   × Template Version History Triggers > trigger_save_template_version (BEFORE UPDATE) > should track multiple versions over time 713ms
     → Cannot read properties of null (reading 'id')
   × Template Version History Triggers > trigger_save_template_version (BEFORE UPDATE) > should preserve all template fields in version snapshot 703ms
     → Cannot read properties of null (reading 'id')
   × Template Version History Triggers > trigger_save_template_version (BEFORE UPDATE) > should handle simultaneous updates to multiple tracked fields 517ms
     → Cannot read properties of null (reading 'id')
   × Template Version History Triggers > Edge cases > should handle NULL to non-NULL transitions 450ms
     → Cannot read properties of null (reading 'id')
   × Template Version History Triggers > Edge cases > should handle empty arrays in variables 668ms
     → Cannot read properties of null (reading 'id')
   × Template Version History Triggers > Edge cases > should handle rapid successive updates with version numbering 384ms
     → Cannot read properties of null (reading 'id')
   × Template Version History Triggers > Integration with template operations > should maintain version history when template is updated via UI workflow 532ms
     → Cannot read properties of null (reading 'id')
   × Template Version History Triggers > Integration with template operations > should NOT create version on INSERT 539ms
     → Cannot read properties of null (reading 'id')
 ❯ |server| tests/database/triggers/updated-at-triggers.test.ts (15 tests | 15 failed) 9018ms
   × Updated_at Triggers (Parameterized) > 'profiles' table > should set updated_at to NOW() when record is updated 676ms
     → duplicate key value violates unique constraint "profiles_pkey"
   × Updated_at Triggers (Parameterized) > 'profiles' table > should update updated_at on every UPDATE 419ms
     → duplicate key value violates unique constraint "profiles_pkey"
   × Updated_at Triggers (Parameterized) > 'profiles' table > should NOT set updated_at on INSERT 539ms
     → duplicate key value violates unique constraint "profiles_pkey"
   × Updated_at Triggers (Parameterized) > 'classes' table > should set updated_at to NOW() when record is updated 425ms
     → duplicate key value violates unique constraint "profiles_pkey"
   × Updated_at Triggers (Parameterized) > 'classes' table > should update updated_at on every UPDATE 1115ms
     → duplicate key value violates unique constraint "profiles_pkey"
   × Updated_at Triggers (Parameterized) > 'classes' table > should NOT set updated_at on INSERT 612ms
     → duplicate key value violates unique constraint "profiles_pkey"
   × Updated_at Triggers (Parameterized) > 'exercises' table > should set updated_at to NOW() when record is updated 816ms
     → insert or update on table "profiles" violates foreign key constraint "profiles_id_fkey"
   × Updated_at Triggers (Parameterized) > 'exercises' table > should update updated_at on every UPDATE 481ms
     → insert or update on table "profiles" violates foreign key constraint "profiles_id_fkey"
   × Updated_at Triggers (Parameterized) > 'exercises' table > should NOT set updated_at on INSERT 684ms
     → duplicate key value violates unique constraint "profiles_pkey"
   × Updated_at Triggers (Parameterized) > 'private_messages' table > should set updated_at to NOW() when record is updated 388ms
     → duplicate key value violates unique constraint "profiles_pkey"
   × Updated_at Triggers (Parameterized) > 'private_messages' table > should update updated_at on every UPDATE 485ms
     → duplicate key value violates unique constraint "profiles_pkey"
   × Updated_at Triggers (Parameterized) > 'private_messages' table > should NOT set updated_at on INSERT 540ms
     → duplicate key value violates unique constraint "profiles_pkey"
   × Updated_at Triggers (Parameterized) > Edge cases > should handle rapid successive updates correctly 587ms
     → duplicate key value violates unique constraint "profiles_pkey"
   × Updated_at Triggers (Parameterized) > Edge cases > should handle NULL field updates correctly 333ms
     → duplicate key value violates unique constraint "profiles_pkey"
   × Updated_at Triggers (Parameterized) > Performance > should handle bulk updates efficiently 493ms
     → duplicate key value violates unique constraint "profiles_pkey"
 ❯ |server| tests/database/triggers/chat-triggers.test.ts (14 tests | 14 failed) 9044ms
   × Chat System Triggers > trigger_create_class_chat_room > should create chat conversation when class is created 1041ms
     → duplicate key value violates unique constraint "profiles_pkey"
   × Chat System Triggers > trigger_create_class_chat_room > should add teacher as participant when class is created 620ms
     → duplicate key value violates unique constraint "profiles_pkey"
   × Chat System Triggers > trigger_create_class_chat_room > should add all existing class members to chat on class creation 453ms
     → duplicate key value violates unique constraint "profiles_pkey"
   × Chat System Triggers > trigger_add_student_to_class_chat > should add student to class chat when they join class 1009ms
     → duplicate key value violates unique constraint "profiles_pkey"
   × Chat System Triggers > trigger_add_student_to_class_chat > should handle duplicate participant insertion with ON CONFLICT 803ms
     → duplicate key value violates unique constraint "profiles_pkey"
   × Chat System Triggers > trigger_process_message_content > should extract plain text from TipTap JSON content 713ms
     → duplicate key value violates unique constraint "profiles_pkey"
   × Chat System Triggers > trigger_process_message_content > should extract plain text from nested TipTap paragraphs 560ms
     → duplicate key value violates unique constraint "profiles_pkey"
   × Chat System Triggers > trigger_process_message_content > should flag message when profanity is detected 596ms
     → duplicate key value violates unique constraint "profiles_pkey"
   × Chat System Triggers > trigger_process_message_content > should NOT flag message without profanity 360ms
     → duplicate key value violates unique constraint "profiles_pkey"
   × Chat System Triggers > trigger_process_message_content > should process content on UPDATE as well as INSERT 533ms
     → duplicate key value violates unique constraint "profiles_pkey"
   × Chat System Triggers > trigger_update_conversation_last_message > should update conversation with last message data 515ms
     → duplicate key value violates unique constraint "profiles_pkey"
   × Chat System Triggers > trigger_update_conversation_last_message > should truncate preview at 100 characters with ellipsis 589ms
     → duplicate key value violates unique constraint "profiles_pkey"
   × Chat System Triggers > trigger_update_conversation_last_message > should NOT add ellipsis for messages under 100 characters 337ms
     → duplicate key value violates unique constraint "profiles_pkey"
   × Chat System Triggers > trigger_update_conversation_last_message > should update with most recent message 483ms
     → duplicate key value violates unique constraint "profiles_pkey"
 ❯ |server| tests/database/triggers/messaging-triggers.test.ts (20 tests | 20 failed) 10611ms
   × Private Messaging Triggers > trigger_update_message_search_index > should create search index entry when message is inserted 1095ms
     → duplicate key value violates unique constraint "profiles_pkey"
   × Private Messaging Triggers > trigger_update_message_search_index > should populate TSVector fields for full-text search 596ms
     → duplicate key value violates unique constraint "profiles_pkey"
   × Private Messaging Triggers > trigger_update_message_search_index > should update search index when message is updated 408ms
     → duplicate key value violates unique constraint "profiles_pkey"
   × Private Messaging Triggers > trigger_update_message_search_index > should handle empty subject and content gracefully with COALESCE 1071ms
     → duplicate key value violates unique constraint "profiles_pkey"
   × Private Messaging Triggers > trigger_update_message_search_index > should populate sender info correctly from profiles table 936ms
     → duplicate key value violates unique constraint "profiles_pkey"
   × Private Messaging Triggers > trigger_update_message_search_index > should set has_attachments to false when no attachments exist 564ms
     → duplicate key value violates unique constraint "profiles_pkey"
   × Private Messaging Triggers > trigger_update_message_search_index > should store correct recipient_count from message 438ms
     → duplicate key value violates unique constraint "profiles_pkey"
   × Private Messaging Triggers > trigger_update_search_index_on_attachment > should update has_attachments flag when attachment is added 641ms
     → duplicate key value violates unique constraint "profiles_pkey"
   × Private Messaging Triggers > trigger_update_search_index_on_attachment > should update search index even when multiple attachments are added 413ms
     → duplicate key value violates unique constraint "profiles_pkey"
   × Private Messaging Triggers > trigger_update_folder_count_on_insert > should increment folder message count when message is added to folder 508ms
     → duplicate key value violates unique constraint "profiles_pkey"
   × Private Messaging Triggers > trigger_update_folder_count_on_insert > should not increment count if folder_id is NULL 507ms
     → duplicate key value violates unique constraint "profiles_pkey"
   × Private Messaging Triggers > trigger_update_folder_count_on_update > should adjust folder counts when message is moved between folders 594ms
     → duplicate key value violates unique constraint "profiles_pkey"
   × Private Messaging Triggers > trigger_update_folder_count_on_update > should only fire when folder_id changes (WHEN clause) 331ms
     → duplicate key value violates unique constraint "profiles_pkey"
   × Private Messaging Triggers > trigger_update_folder_count_on_update > should handle moving from folder to NULL (no folder) 496ms
     → duplicate key value violates unique constraint "profiles_pkey"
   × Private Messaging Triggers > trigger_update_folder_count_on_delete > should decrement folder count when inbox entry is deleted 427ms
     → duplicate key value violates unique constraint "profiles_pkey"
   × Private Messaging Triggers > trigger_update_folder_count_on_delete > should use GREATEST to prevent negative counts 285ms
     → duplicate key value violates unique constraint "profiles_pkey"
   × Private Messaging Triggers > enforce_max_attachments (BEFORE INSERT) > should allow up to 3 attachments per message 267ms
     → duplicate key value violates unique constraint "profiles_pkey"
   × Private Messaging Triggers > enforce_max_attachments (BEFORE INSERT) > should raise exception when trying to add 4th attachment 273ms
     → duplicate key value violates unique constraint "profiles_pkey"
   × Private Messaging Triggers > enforce_max_attachments (BEFORE INSERT) > should check count BEFORE insert (not after) 224ms
     → duplicate key value violates unique constraint "profiles_pkey"
   × Private Messaging Triggers > enforce_max_attachments (BEFORE INSERT) > should allow 3 attachments on different messages independently 316ms
     → duplicate key value violates unique constraint "profiles_pkey"
 ❯ |server| tests/database/triggers/profile-triggers.test.ts (7 tests | 7 failed) 5956ms
   × Profile Triggers > on_auth_user_created → handle_new_user() > should create profile when user signs up via Supabase Auth 1048ms
     → expected { code: 'PGRST116', …(3) } to be null
   × Profile Triggers > on_auth_user_created → handle_new_user() > should handle missing full_name metadata gracefully 761ms
     → expected undefined to be 'f536e049-de61-415c-a46f-0421ff6837f2@…' // Object.is equality
   × Profile Triggers > on_auth_user_created → handle_new_user() > should handle duplicate profile attempt gracefully (ON CONFLICT) 427ms
     → duplicate key value violates unique constraint "profiles_pkey"
   × Profile Triggers > on_auth_user_created → handle_new_user() > should not fail user creation even if profile creation fails 721ms
     → expected { code: 'PGRST205', …(3) } to be null
   × Profile Triggers > update_profiles_updated_at (BEFORE UPDATE) > should update updated_at timestamp when profile is updated 886ms
     → duplicate key value violates unique constraint "profiles_pkey"
   × Profile Triggers > update_profiles_updated_at (BEFORE UPDATE) > should set updated_at to NOW() on each update 974ms
     → duplicate key value violates unique constraint "profiles_pkey"
   × Profile Triggers > update_profiles_updated_at (BEFORE UPDATE) > should not modify updated_at on INSERT 694ms
     → duplicate key value violates unique constraint "profiles_pkey"
 ❯ |server| tests/database/triggers/game-triggers.test.ts (11 tests | 11 failed) 7480ms
   × Game System Triggers > trigger_create_game_profile_on_user_creation > should create game_players row when student profile is created 549ms
     → duplicate key value violates unique constraint "profiles_pkey"
   × Game System Triggers > trigger_create_game_profile_on_user_creation > should NOT create game_players row for teacher 554ms
     → duplicate key value violates unique constraint "profiles_pkey"
   × Game System Triggers > trigger_create_game_profile_on_user_creation > should NOT create game_players row for admin 259ms
     → duplicate key value violates unique constraint "profiles_pkey"
   × Game System Triggers > trigger_award_gidouilles_on_combat_victory > should award gidouilles to organizer on combat victory 215ms
     → duplicate key value violates unique constraint "profiles_pkey"
   × Game System Triggers > trigger_award_gidouilles_on_combat_victory > should award gidouilles to all ready participants 974ms
     → duplicate key value violates unique constraint "profiles_pkey"
   × Game System Triggers > trigger_award_gidouilles_on_combat_victory > should NOT award gidouilles on defeat 605ms
     → duplicate key value violates unique constraint "profiles_pkey"
   × Game System Triggers > trigger_award_gidouilles_on_combat_victory > should only fire when status changes to completed 564ms
     → duplicate key value violates unique constraint "profiles_pkey"
   × Game System Triggers > trigger_update_player_combat_stats > should increment total_combats and wins on victory 909ms
     → duplicate key value violates unique constraint "profiles_pkey"
   × Game System Triggers > trigger_update_player_combat_stats > should increment total_combats and losses on defeat 750ms
     → duplicate key value violates unique constraint "profiles_pkey"
   × Game System Triggers > trigger_ensure_single_active_deck (WHEN clause) > should deactivate other decks when setting a deck to active 828ms
     → duplicate key value violates unique constraint "profiles_pkey"
   × Game System Triggers > trigger_ensure_single_active_deck (WHEN clause) > should only fire when is_active changes to true (WHEN clause) 841ms
     → duplicate key value violates unique constraint "profiles_pkey"
 ❯ |server| tests/database/triggers/error-monitoring-triggers.test.ts (12 tests | 4 failed) 8374ms
   ✓ Error Monitoring Triggers > trigger_set_error_signature (BEFORE INSERT) > should generate error_signature on insert  413ms
   ✓ Error Monitoring Triggers > trigger_set_error_signature (BEFORE INSERT) > should produce same signature for identical errors 299ms
   ✓ Error Monitoring Triggers > trigger_set_error_signature (BEFORE INSERT) > should produce different signatures for different errors 256ms
   ✓ Error Monitoring Triggers > trigger_set_error_signature (BEFORE INSERT) > should use SHA-256 hash algorithm (not MD5) 279ms
   ✓ Error Monitoring Triggers > trigger_set_error_signature (BEFORE INSERT) > should handle NULL values in signature generation 229ms
   ✓ Error Monitoring Triggers > trigger_set_error_signature (BEFORE INSERT) > should generate different signatures when line number differs  657ms
   × Error Monitoring Triggers > trigger_update_error_occurrence (AFTER INSERT) > should create error_occurrence record on first error 403ms
     → expected 6 to be 1 // Object.is equality
   × Error Monitoring Triggers > trigger_update_error_occurrence (AFTER INSERT) > should increment occurrence_count on duplicate error 1269ms
     → expected 12 to be 2 // Object.is equality
   ✓ Error Monitoring Triggers > trigger_update_error_occurrence (AFTER INSERT) > should update last_occurred_at (last_seen) on duplicate  1328ms
   × Error Monitoring Triggers > trigger_update_error_occurrence (AFTER INSERT) > should track occurrence count correctly for multiple duplicates 1408ms
     → expected 35 to be 5 // Object.is equality
   × Error Monitoring Triggers > trigger_update_error_occurrence (AFTER INSERT) > should maintain separate occurrence counts for different errors 1146ms
     → expected 12 to be 2 // Object.is equality
   ✓ Error Monitoring Triggers > trigger_update_error_occurrence (AFTER INSERT) > should denormalize error details to error_occurrences  470ms
stderr | src/lib/server/assessments.test.ts > createAssessment > should handle database errors during creation
Error creating assessment: { message: [32m'Database error'[39m }

stderr | src/lib/server/assessments.test.ts > getAssessment > should handle assessment not found
Error fetching assessment: { message: [32m'Not found'[39m }

stderr | src/routes/api/srs/api-routes.test.ts > POST /api/srs/decks - Create Deck > should create a personal deck with valid data
[RESPONSE VALIDATION ERROR] POST /api/srs/decks: {
  issues: [
    {
      origin: [32m'string'[39m,
      code: [32m'invalid_format'[39m,
      format: [32m'uuid'[39m,
      pattern: [32m'/^([0-9a-fA-F]{8}-[0-9a-fA-F]{4}-[1-8][0-9a-fA-F]{3}-[89abAB][0-9a-fA-F]{3}-[0-9a-fA-F]{12}|00000000-0000-0000-0000-000000000000|ffffffff-ffff-ffff-ffff-ffffffffffff)$/'[39m,
      path: [36m[Array][39m,
      message: [32m'Invalid UUID'[39m
    },
    {
      origin: [32m'string'[39m,
      code: [32m'invalid_format'[39m,
      format: [32m'uuid'[39m,
      pattern: [32m'/^([0-9a-fA-F]{8}-[0-9a-fA-F]{4}-[1-8][0-9a-fA-F]{3}-[89abAB][0-9a-fA-F]{3}-[0-9a-fA-F]{12}|00000000-0000-0000-0000-000000000000|ffffffff-ffff-ffff-ffff-ffffffffffff)$/'[39m,
      path: [36m[Array][39m,
      message: [32m'Invalid UUID'[39m
    },
    {
      expected: [32m'number'[39m,
      code: [32m'invalid_type'[39m,
      path: [36m[Array][39m,
      message: [32m'Invalid input: expected number, received undefined'[39m
    }
  ],
  data: [32m'{\n'[39m +
    [32m'  "deck": {\n'[39m +
    [32m'    "id": "deck-123",\n'[39m +
    [32m'    "name": "Test Deck",\n'[39m +
    [32m'    "description": "Test Description",\n'[39m +
    [32m'    "owner_id": "user-123",\n'[39m +
    [32m'    "deck_type": "personal",\n'[39m +
    [32m'    "is_assigned": false,\n'[39m +
    [32m'    "config": {\n'[39m +
    [32m'      "desiredRetention": 0.9\n'[39m +
    [32m'    },\n'[39m +
    [32m'    "created_at": "2025-10-30T12:39:31.839Z",\n'[39m +
    [32m'    "updated_at": "2025-10-30T12:39:31.840Z"\n'[39m +
    [32m'  }\n'[39m +
    [32m'}'[39m
}
Unexpected error in POST /api/srs/decks: HttpError {
  status: [33m500[39m,
  body: { message: [32m'Internal server error: Invalid response format'[39m }
}

stderr | src/routes/api/srs/api-routes.test.ts > POST /api/srs/decks - Create Deck > should apply default config if not provided
[RESPONSE VALIDATION ERROR] POST /api/srs/decks: {
  issues: [
    {
      origin: [32m'string'[39m,
      code: [32m'invalid_format'[39m,
      format: [32m'uuid'[39m,
      pattern: [32m'/^([0-9a-fA-F]{8}-[0-9a-fA-F]{4}-[1-8][0-9a-fA-F]{3}-[89abAB][0-9a-fA-F]{3}-[0-9a-fA-F]{12}|00000000-0000-0000-0000-000000000000|ffffffff-ffff-ffff-ffff-ffffffffffff)$/'[39m,
      path: [36m[Array][39m,
      message: [32m'Invalid UUID'[39m
    },
    {
      origin: [32m'string'[39m,
      code: [32m'invalid_format'[39m,
      format: [32m'uuid'[39m,
      pattern: [32m'/^([0-9a-fA-F]{8}-[0-9a-fA-F]{4}-[1-8][0-9a-fA-F]{3}-[89abAB][0-9a-fA-F]{3}-[0-9a-fA-F]{12}|00000000-0000-0000-0000-000000000000|ffffffff-ffff-ffff-ffff-ffffffffffff)$/'[39m,
      path: [36m[Array][39m,
      message: [32m'Invalid UUID'[39m
    },
    {
      expected: [32m'string'[39m,
      code: [32m'invalid_type'[39m,
      path: [36m[Array][39m,
      message: [32m'Invalid input: expected string, received undefined'[39m
    },
    {
      expected: [32m'string'[39m,
      code: [32m'invalid_type'[39m,
      path: [36m[Array][39m,
      message: [32m'Invalid input: expected string, received undefined'[39m
    }
  ],
  data: [32m'{\n'[39m +
    [32m'  "deck": {\n'[39m +
    [32m'    "name": "Test Deck",\n'[39m +
    [32m'    "description": null,\n'[39m +
    [32m'    "owner_id": "user-123",\n'[39m +
    [32m'    "deck_type": "personal",\n'[39m +
    [32m'    "is_assigned": false,\n'[39m +
    [32m'    "config": {\n'[39m +
    [32m'      "desiredRetention": 0.9,\n'[39m +
    [32m'      "maximumInterval": 36500\n'[39m +
    [32m'    },\n'[39m +
    [32m'    "id": "deck-123"\n'[39m +
    [32m'  }\n'[39m +
    [32m'}'[39m
}
Unexpected error in POST /api/srs/decks: HttpError {
  status: [33m500[39m,
  body: { message: [32m'Internal server error: Invalid response format'[39m }
}

stderr | src/routes/api/srs/api-routes.test.ts > GET /api/srs/decks - List Decks > should return user decks with stats
Unexpected error in GET /api/srs/decks: TypeError: Cannot read properties of undefined (reading 'searchParams')
    at GET [90m(/Users/david/Coding/js/ubumaths/[39msrc/routes/api/srs/decks/+server.ts:45:18[90m)[39m
[90m    at processTicksAndRejections (node:internal/process/task_queues:105:5)[39m
    at [90m/Users/david/Coding/js/ubumaths/[39msrc/routes/api/srs/api-routes.test.ts:309:20
    at [90mfile:///Users/david/Coding/js/ubumaths/[39mnode_modules/[4m.pnpm[24m/@vitest+runner@3.2.4/node_modules/[4m@vitest/runner[24m/dist/chunk-hooks.js:752:20

stderr | src/routes/api/srs/api-routes.test.ts > GET /api/srs/decks - List Decks > should handle empty deck list
Unexpected error in GET /api/srs/decks: TypeError: Cannot read properties of undefined (reading 'searchParams')
    at GET [90m(/Users/david/Coding/js/ubumaths/[39msrc/routes/api/srs/decks/+server.ts:45:18[90m)[39m
[90m    at processTicksAndRejections (node:internal/process/task_queues:105:5)[39m
    at [90m/Users/david/Coding/js/ubumaths/[39msrc/routes/api/srs/api-routes.test.ts:364:20
    at [90mfile:///Users/david/Coding/js/ubumaths/[39mnode_modules/[4m.pnpm[24m/@vitest+runner@3.2.4/node_modules/[4m@vitest/runner[24m/dist/chunk-hooks.js:752:20

 ❯ |server| src/routes/api/srs/api-routes.test.ts (23 tests | 20 failed) 1122ms
   × POST /api/srs/decks - Create Deck > should create a personal deck with valid data 354ms
     → expected 500 to be 201 // Object.is equality
   ✓ POST /api/srs/decks - Create Deck > should reject request without authentication 4ms
   × POST /api/srs/decks - Create Deck > should reject request without deck name 46ms
     → expected 'Invalid input: expected string, recei…' to contain 'name'
   × POST /api/srs/decks - Create Deck > should reject invalid deck type 34ms
     → expected 'Invalid option: expected one of "offi…' to contain 'deck type'
   × POST /api/srs/decks - Create Deck > should reject invalid desired retention 4ms
     → expected 'Too small: expected number to be >=0.7' to contain 'retention'
   ✓ POST /api/srs/decks - Create Deck > should apply default config if not provided 4ms
   × GET /api/srs/decks - List Decks > should return user decks with stats 5ms
     → expected 500 to be 200 // Object.is equality
   ✓ GET /api/srs/decks - List Decks > should require authentication 1ms
   × GET /api/srs/decks - List Decks > should handle empty deck list 3ms
     → expected 500 to be 200 // Object.is equality
   × POST /api/srs/cards - Add Card to Deck > should add template card to deck 15ms
     → expected 400 to be 201 // Object.is equality
   × POST /api/srs/cards - Add Card to Deck > should add custom card to deck 3ms
     → expected 400 to be 201 // Object.is equality
   × POST /api/srs/cards - Add Card to Deck > should reject adding card to assigned deck 1ms
     → expected 400 to be 403 // Object.is equality
   × POST /api/srs/cards - Add Card to Deck > should reject template card with unpublished template 2ms
     → expected 'Invalid UUID' to contain 'published'
   × POST /api/srs/cards - Add Card to Deck > should reject custom card with empty content 1ms
     → expected 'Invalid UUID' to contain 'empty'
   × GET /api/srs/cards - List Cards > should list cards in deck 1ms
     → expected 400 to be 200 // Object.is equality
   × GET /api/srs/cards - List Cards > should require deck_id parameter 1ms
     → expected 'Invalid input: expected string, recei…' to contain 'deck_id'
   × POST /api/srs/review/submit - Submit Review > should submit review and update stats 24ms
     → expected 400 to be 200 // Object.is equality
   × POST /api/srs/review/submit - Submit Review > should validate grade value 1ms
     → expected 'Invalid UUID' to contain 'grade'
   × POST /api/srs/review/submit - Submit Review > should require cardId 1ms
     → expected 'Invalid input: expected string, recei…' to contain 'cardId'
   × POST /api/srs/review/submit - Submit Review > should require deckId 1ms
     → expected 'Invalid UUID' to contain 'deckId'
   × GET /api/srs/review/due - Get Due Cards > should return due cards for deck 610ms
     → expected 400 to be 200 // Object.is equality
   × GET /api/srs/review/due - Get Due Cards > should require deck_id parameter 1ms
     → expected 'Invalid input: expected string, recei…' to contain 'deck_id'
   × GET /api/srs/review/due - Get Due Cards > should return empty array when no cards are due 1ms
     → expected 400 to be 200 // Object.is equality
 ❯ |server| src/lib/server/assessments.test.ts (44 tests | 2 failed) 5160ms
   ✓ createAssessment > should create a draft assessment successfully 5ms
   ✓ createAssessment > should create a published assessment 1ms
   ✓ createAssessment > should handle database errors during creation 2ms
   ✓ createAssessment > should include categories and settings in JSONB format 2ms
   ✓ getAssessment > should retrieve assessment by ID 1ms
   ✓ getAssessment > should handle assessment not found 1ms
   ✓ getTeacherAssessments > should retrieve all assessments for a teacher 2ms
   ✓ getTeacherAssessments > should filter assessments by status 1ms
   ✓ getTeacherAssessments > should return empty array when teacher has no assessments 1ms
   ✓ updateAssessment > should update assessment title 1ms
   ✓ updateAssessment > should merge settings with existing settings 1ms
   ✓ updateAssessment > should reject update when not authorized 1ms
   ✓ updateAssessment > should reject update when assessment not found 1ms
   ✓ updateAssessment > should update multiple fields at once 1ms
   ✓ publishAssessment > should publish a draft assessment 1ms
   ✓ archiveAssessment > should archive an assessment 1ms
   ✓ deleteAssessment > should soft delete by archiving 1ms
   ✓ assignAssessment > should assign assessment to classes 1ms
   ✓ assignAssessment > should assign assessment to individual students 1ms
   ✓ assignAssessment > should assign to both classes and students 1ms
   ✓ assignAssessment > should reject assignment when not authorized 1ms
   ✓ assignAssessment > should reject assignment when assessment is not published 1ms
   ✓ assignAssessment > should reject assignment when no targets specified 1ms
   ✓ assignAssessment > should reject assignment when assessment not found 1ms
   ✓ getAssessmentAssignments > should retrieve all assignments for an assessment 1ms
   ✓ getAssessmentAssignments > should return empty array when no assignments exist 1ms
   ✓ removeAssignment > should remove an assignment 2ms
   ✓ removeAssignment > should reject removal when not authorized 2ms
   ✓ removeAssignment > should reject removal when assignment not found 1ms
   ✓ getStudentAssignments > should get student assignments (direct + class-based) 2ms
   × getStudentAssignments > should include attempt statistics for each assignment 12ms
     → expected +0 to be 3 // Object.is equality
   × getStudentAssignments > should return empty array when student has no assignments 5023ms
     → Test timed out in 5000ms.
If this is a long-running test, pass a timeout value as the last argument or configure it globally with "testTimeout".
   ✓ validateAttempt > should allow attempt when conditions are met 29ms
   ✓ validateAttempt > should reject when deadline has passed 18ms
   ✓ validateAttempt > should reject when max attempts reached 2ms
   ✓ validateAttempt > should allow unlimited attempts when max_attempts is null 2ms
   ✓ validateAttempt > should handle assignment not found 2ms
   ✓ getAssessmentResults > should get results for class assignments 4ms
   ✓ getAssessmentResults > should filter test students when isTestMode is true 8ms
   ✓ getAssessmentResults > should return empty array when no assignments exist 4ms
   ✓ getAssessmentStatistics > should calculate statistics from results 4ms
   ✓ getAssessmentStatistics > should handle zero assignments 3ms
   ✓ getClassStatistics > should calculate statistics per class 3ms
   ✓ getClassStatistics > should return empty array when no class assignments exist 2ms
 ❯ |server| tests/database/triggers/cleanup-triggers.test.ts (9 tests | 9 failed) 5547ms
   × Exercise Cleanup Triggers > trigger_delete_exercise_images → delete_exercise_images() > should delete images from storage.objects when exercise is deleted (old path pattern) 570ms
     → duplicate key value violates unique constraint "profiles_pkey"
   × Exercise Cleanup Triggers > trigger_delete_exercise_images → delete_exercise_images() > should delete images from storage.objects when exercise is deleted (new path pattern) 395ms
     → duplicate key value violates unique constraint "profiles_pkey"
   × Exercise Cleanup Triggers > trigger_delete_exercise_images → delete_exercise_images() > should only delete images for specific exercise, not other exercises 215ms
     → duplicate key value violates unique constraint "profiles_pkey"
   × Exercise Cleanup Triggers > trigger_delete_exercise_images → delete_exercise_images() > should not delete images from other users 871ms
     → duplicate key value violates unique constraint "profiles_pkey"
   × Exercise Cleanup Triggers > trigger_delete_exercise_images → delete_exercise_images() > should handle deletion when no images exist (no error) 1022ms
     → duplicate key value violates unique constraint "profiles_pkey"
   × Exercise Cleanup Triggers > trigger_delete_exercise_images → delete_exercise_images() > should delete multiple images from mixed path patterns 1031ms
     → duplicate key value violates unique constraint "profiles_pkey"
   × Exercise Cleanup Triggers > trigger_delete_exercise_images → delete_exercise_images() > should verify SECURITY DEFINER function works without exposing permissions 539ms
     → duplicate key value violates unique constraint "profiles_pkey"
   × Exercise Cleanup Triggers > trigger_delete_exercise_images → delete_exercise_images() > should handle special characters in exercise ID gracefully 360ms
     → duplicate key value violates unique constraint "profiles_pkey"
   × Exercise Cleanup Triggers > Exercise deletion CASCADE behavior > should verify exercise_assignments are deleted via CASCADE foreign key 289ms
     → duplicate key value violates unique constraint "profiles_pkey"
stderr | src/routes/api/assessments/api-routes.test.ts > GET /api/assessments/assigned > should handle database errors
Error fetching student assignments: { message: [32m'Database error'[39m }

stderr | src/routes/api/assessments/api-routes.test.ts > GET /api/assessments/assigned > should handle database errors
Failed to fetch assigned assessments: { message: [32m'Database error'[39m }

 ❯ |server| src/routes/api/assessments/api-routes.test.ts (47 tests | 42 failed) 5873ms
   × POST /api/assessments > should reject unauthenticated requests 350ms
     → expected undefined to be 401 // Object.is equality
   ✓ POST /api/assessments > should reject non-teacher users 6ms
   × POST /api/assessments > should create draft assessment successfully 10ms
     → undefined
   × POST /api/assessments > should create published assessment 5ms
     → undefined
   × POST /api/assessments > should validate required fields 5ms
     → expected 'Invalid input: expected string, recei…' to be 'Missing required fields' // Object.is equality
   × POST /api/assessments > should reject empty categories array 3ms
     → expected 'Invalid option: expected one of "6eme…' to be 'Missing required fields' // Object.is equality
   × POST /api/assessments > should handle database errors 3ms
     → expected 400 to be 500 // Object.is equality
   × GET /api/assessments > should reject unauthenticated requests 2ms
     → expected undefined to be 401 // Object.is equality
   ✓ GET /api/assessments > should reject non-teacher users 3ms
   × GET /api/assessments > should return all teacher assessments 2ms
     → undefined
   × GET /api/assessments > should filter assessments by status 2ms
     → undefined
   × GET /api/assessments > should handle database errors 12ms
     → expected 400 to be 500 // Object.is equality
   × GET /api/assessments/[id] > should reject unauthenticated requests 15ms
     → expected undefined to be 401 // Object.is equality
   × GET /api/assessments/[id] > should allow teacher to view their own assessment 3ms
     → undefined
   × GET /api/assessments/[id] > should reject teacher viewing another teacher's assessment 2ms
     → expected 400 to be 403 // Object.is equality
   × GET /api/assessments/[id] > should handle assessment not found 7ms
     → expected 400 to be 404 // Object.is equality
   × PUT /api/assessments/[id] > should reject unauthenticated requests 3ms
     → expected undefined to be 401 // Object.is equality
   × PUT /api/assessments/[id] > should reject non-teacher users 2ms
     → expected 400 to be 403 // Object.is equality
   × PUT /api/assessments/[id] > should update assessment successfully 2ms
     → undefined
   × PUT /api/assessments/[id] > should reject update when not authorized 3ms
     → expected 400 to be 403 // Object.is equality
   × DELETE /api/assessments/[id] > should reject unauthenticated requests 2ms
     → expected undefined to be 401 // Object.is equality
   × DELETE /api/assessments/[id] > should reject non-teacher users 2ms
     → expected 400 to be 403 // Object.is equality
   × DELETE /api/assessments/[id] > should archive assessment successfully 3ms
     → undefined
   × DELETE /api/assessments/[id] > should reject delete when not authorized 5ms
     → expected 400 to be 403 // Object.is equality
   × POST /api/assessments/[id]/assign > should reject unauthenticated requests 74ms
     → expected undefined to be 401 // Object.is equality
   × POST /api/assessments/[id]/assign > should reject non-teacher users 2ms
     → expected 400 to be 403 // Object.is equality
   × POST /api/assessments/[id]/assign > should assign to classes successfully 1ms
     → undefined
   × POST /api/assessments/[id]/assign > should assign to individual students 1ms
     → undefined
   × POST /api/assessments/[id]/assign > should reject when no targets specified 2ms
     → expected 'Invalid assessment ID format' to be 'Must specify at least one class or st…' // Object.is equality
   × POST /api/assessments/[id]/assign > should reject when assessment is not published 6ms
     → expected 'Invalid assessment ID format' to be 'Assessment must be published before a…' // Object.is equality
   × POST /api/assessments/[id]/assign > should reject when not authorized 2ms
     → expected 400 to be 403 // Object.is equality
   × POST /api/assessments/[id]/validate-attempt > should reject unauthenticated requests 59ms
     → expected undefined to be 401 // Object.is equality
   × POST /api/assessments/[id]/validate-attempt > should reject non-student users 3ms
     → expected 400 to be 403 // Object.is equality
   × POST /api/assessments/[id]/validate-attempt > should allow attempt when conditions are met 3ms
     → undefined
   × POST /api/assessments/[id]/validate-attempt > should reject when deadline has passed 3ms
     → undefined
   × POST /api/assessments/[id]/validate-attempt > should reject when max attempts reached 2ms
     → undefined
   × GET /api/assessments/assigned > should reject unauthenticated requests 77ms
     → expected undefined to be 401 // Object.is equality
   ✓ GET /api/assessments/assigned > should reject non-student users 2ms
   ✓ GET /api/assessments/assigned > should return student assignments 8ms
   × GET /api/assessments/assigned > should return empty array when student has no assignments 5071ms
     → Test timed out in 5000ms.
If this is a long-running test, pass a timeout value as the last argument or configure it globally with "testTimeout".
   ✓ GET /api/assessments/assigned > should handle database errors 12ms
   × GET /api/assessments/[id]/results > should reject unauthenticated requests 63ms
     → expected undefined to be 401 // Object.is equality
   × GET /api/assessments/[id]/results > should reject non-teacher users 10ms
     → expected 400 to be 403 // Object.is equality
   × GET /api/assessments/[id]/results > should reject when teacher does not own assessment 5ms
     → expected 400 to be 403 // Object.is equality
   × GET /api/assessments/[id]/results > should return results successfully 7ms
     → undefined
   × GET /api/assessments/[id]/results > should include statistics when requested 2ms
     → undefined
   × GET /api/assessments/[id]/results > should include class statistics when requested 2ms
     → undefined
 ❯ |server| tests/database/triggers/sync-triggers.test.ts (10 tests | 10 failed) 6176ms
   × Class Synchronization Triggers > sync_class_members_insert > should add class_id to profiles.class_ids when student joins class 753ms
     → duplicate key value violates unique constraint "profiles_pkey"
   × Class Synchronization Triggers > sync_class_members_insert > should handle multiple class memberships correctly (array operations) 317ms
     → duplicate key value violates unique constraint "profiles_pkey"
   × Class Synchronization Triggers > sync_class_members_insert > should maintain array uniqueness (no duplicates) 237ms
     → duplicate key value violates unique constraint "profiles_pkey"
   × Class Synchronization Triggers > sync_class_members_insert > should only affect the specific student being added to class 664ms
     → duplicate key value violates unique constraint "profiles_pkey"
   × Class Synchronization Triggers > sync_class_members_delete > should remove class_id from profiles.class_ids when student leaves class 1076ms
     → duplicate key value violates unique constraint "profiles_pkey"
   × Class Synchronization Triggers > sync_class_members_delete > should remove only the deleted class, keeping other classes 922ms
     → duplicate key value violates unique constraint "profiles_pkey"
   × Class Synchronization Triggers > sync_class_members_delete > should set class_ids to empty array when last class is removed 626ms
     → duplicate key value violates unique constraint "profiles_pkey"
   × Class Synchronization Triggers > sync_class_members_delete > should only affect the specific student being removed from class 373ms
     → duplicate key value violates unique constraint "profiles_pkey"
   × Class Synchronization Triggers > Bidirectional Synchronization (INSERT + DELETE) > should handle rapid add/remove cycles correctly 277ms
     → duplicate key value violates unique constraint "profiles_pkey"
   × Class Synchronization Triggers > Bidirectional Synchronization (INSERT + DELETE) > should keep class_ids synchronized with class_members as source of truth 284ms
     → duplicate key value violates unique constraint "profiles_pkey"
 ❯ |server| tests/unit/utils/academic-period.test.ts (13 tests | 6 failed) 16ms
   ✓ findCurrentPeriod > should return null for empty array 4ms
   ✓ findCurrentPeriod > should find period where today is within date range 1ms
   ✓ findCurrentPeriod > should return most recent period when no active period 1ms
   ✓ findCurrentPeriod > should handle edge case at period boundary (start date) 0ms
   ✓ findCurrentPeriod > should handle edge case at period boundary (end date) 0ms
   ✓ getPeriodName > should return period name when set 0ms
   ✓ getPeriodName > should return fallback name when name is empty 2ms
   × isDateInPeriod > should return true for date within period 4ms
     → (0 , isDateInPeriod) is not a function
   × isDateInPeriod > should return false for date before period 0ms
     → (0 , isDateInPeriod) is not a function
   × isDateInPeriod > should return false for date after period 0ms
     → (0 , isDateInPeriod) is not a function
   × isDateInPeriod > should handle Date objects 0ms
     → (0 , isDateInPeriod) is not a function
   × getPeriodsForYear > should filter periods by school year 0ms
     → (0 , getPeriodsForYear) is not a function
   × getPeriodsForYear > should return empty array when no periods match 0ms
     → (0 , getPeriodsForYear) is not a function
stderr | src/routes/api/riddles/api-routes.test.ts > POST /api/riddles/auto-select-daily > should handle unexpected errors gracefully
Error in auto-select endpoint: Error: Unexpected error
    at [90m/Users/david/Coding/js/ubumaths/[39msrc/routes/api/riddles/api-routes.test.ts:614:55
    at [90mfile:///Users/david/Coding/js/ubumaths/[39mnode_modules/[4m.pnpm[24m/@vitest+runner@3.2.4/node_modules/[4m@vitest/runner[24m/dist/chunk-hooks.js:155:11
    at [90mfile:///Users/david/Coding/js/ubumaths/[39mnode_modules/[4m.pnpm[24m/@vitest+runner@3.2.4/node_modules/[4m@vitest/runner[24m/dist/chunk-hooks.js:752:26
    at [90mfile:///Users/david/Coding/js/ubumaths/[39mnode_modules/[4m.pnpm[24m/@vitest+runner@3.2.4/node_modules/[4m@vitest/runner[24m/dist/chunk-hooks.js:1897:20
    at new Promise (<anonymous>)
    at runWithTimeout [90m(file:///Users/david/Coding/js/ubumaths/[39mnode_modules/[4m.pnpm[24m/@vitest+runner@3.2.4/node_modules/[4m@vitest/runner[24m/dist/chunk-hooks.js:1863:10[90m)[39m
    at runTest [90m(file:///Users/david/Coding/js/ubumaths/[39mnode_modules/[4m.pnpm[24m/@vitest+runner@3.2.4/node_modules/[4m@vitest/runner[24m/dist/chunk-hooks.js:1574:12[90m)[39m
[90m    at processTicksAndRejections (node:internal/process/task_queues:105:5)[39m
    at runSuite [90m(file:///Users/david/Coding/js/ubumaths/[39mnode_modules/[4m.pnpm[24m/@vitest+runner@3.2.4/node_modules/[4m@vitest/runner[24m/dist/chunk-hooks.js:1729:8[90m)[39m
    at runSuite [90m(file:///Users/david/Coding/js/ubumaths/[39mnode_modules/[4m.pnpm[24m/@vitest+runner@3.2.4/node_modules/[4m@vitest/runner[24m/dist/chunk-hooks.js:1729:8[90m)[39m

 ❯ |server| src/routes/api/riddles/api-routes.test.ts (16 tests | 4 failed) 33ms
   ✓ POST /api/riddles/[id]/submit > should reject unauthenticated requests 7ms
   ✓ POST /api/riddles/[id]/submit > should reject requests without answer 1ms
   × POST /api/riddles/[id]/submit > should handle automatic validation for correct answer 1ms
     → undefined
   × POST /api/riddles/[id]/submit > should handle automatic validation for incorrect answer 1ms
     → undefined
   × POST /api/riddles/[id]/submit > should handle manual validation and create teacher message 1ms
     → undefined
   ✓ POST /api/riddles/[id]/submit > should handle non-existent riddle 1ms
   ✓ POST /api/riddles/[id]/submit > should handle RPC submission errors 1ms
   × POST /api/riddles/[id]/submit > should call RPC with correct parameters 1ms
     → undefined
   ✓ POST /api/riddles/auto-select-daily > should successfully auto-select riddle 3ms
   ✓ POST /api/riddles/auto-select-daily > should skip if riddle already exists 1ms
   ✓ POST /api/riddles/auto-select-daily > should handle auto-selection failure 1ms
   ✓ POST /api/riddles/auto-select-daily > should validate API key when configured 1ms
   ✓ POST /api/riddles/auto-select-daily > should accept valid API key 1ms
   ✓ POST /api/riddles/auto-select-daily > should handle unexpected errors gracefully 8ms
   ✓ GET /api/riddles/auto-select-daily > should return riddle status when riddle exists 4ms
   ✓ GET /api/riddles/auto-select-daily > should return no riddle when none exists 1ms
 ✓ |server| src/routes/api/messages/api-routes.test.ts (78 tests) 316ms
stderr | src/lib/exercises/services/image-upload.test.ts > Upload Operations > uploadExerciseImage > should handle upload errors
Storage upload error: { message: [32m'Storage quota exceeded'[39m }

stderr | src/lib/exercises/services/image-upload.test.ts > Upload Operations > uploadExerciseImage > should handle "already exists" error gracefully
Storage upload error: { message: [32m'The resource already exists'[39m }

stderr | src/lib/exercises/services/image-upload.test.ts > Upload Operations > uploadExerciseImage > should handle exceptions during upload
Exception during image upload: Error: Network error
    at [90m/Users/david/Coding/js/ubumaths/[39msrc/lib/exercises/services/image-upload.test.ts:321:33
    at [90mfile:///Users/david/Coding/js/ubumaths/[39mnode_modules/[4m.pnpm[24m/@vitest+runner@3.2.4/node_modules/[4m@vitest/runner[24m/dist/chunk-hooks.js:155:11
    at [90mfile:///Users/david/Coding/js/ubumaths/[39mnode_modules/[4m.pnpm[24m/@vitest+runner@3.2.4/node_modules/[4m@vitest/runner[24m/dist/chunk-hooks.js:752:26
    at [90mfile:///Users/david/Coding/js/ubumaths/[39mnode_modules/[4m.pnpm[24m/@vitest+runner@3.2.4/node_modules/[4m@vitest/runner[24m/dist/chunk-hooks.js:1897:20
    at new Promise (<anonymous>)
    at runWithTimeout [90m(file:///Users/david/Coding/js/ubumaths/[39mnode_modules/[4m.pnpm[24m/@vitest+runner@3.2.4/node_modules/[4m@vitest/runner[24m/dist/chunk-hooks.js:1863:10[90m)[39m
    at runTest [90m(file:///Users/david/Coding/js/ubumaths/[39mnode_modules/[4m.pnpm[24m/@vitest+runner@3.2.4/node_modules/[4m@vitest/runner[24m/dist/chunk-hooks.js:1574:12[90m)[39m
[90m    at processTicksAndRejections (node:internal/process/task_queues:105:5)[39m
    at runSuite [90m(file:///Users/david/Coding/js/ubumaths/[39mnode_modules/[4m.pnpm[24m/@vitest+runner@3.2.4/node_modules/[4m@vitest/runner[24m/dist/chunk-hooks.js:1729:8[90m)[39m
    at runSuite [90m(file:///Users/david/Coding/js/ubumaths/[39mnode_modules/[4m.pnpm[24m/@vitest+runner@3.2.4/node_modules/[4m@vitest/runner[24m/dist/chunk-hooks.js:1729:8[90m)[39m

stderr | src/lib/exercises/services/image-upload.test.ts > Delete Operations > deleteExerciseImage > should handle delete errors
Storage delete error: { message: [32m'File not found'[39m }

stderr | src/lib/exercises/services/image-upload.test.ts > Delete Operations > deleteExerciseImage > should handle exceptions during deletion
Exception during image deletion: Error: Network error
    at [90m/Users/david/Coding/js/ubumaths/[39msrc/lib/exercises/services/image-upload.test.ts:457:33
    at [90mfile:///Users/david/Coding/js/ubumaths/[39mnode_modules/[4m.pnpm[24m/@vitest+runner@3.2.4/node_modules/[4m@vitest/runner[24m/dist/chunk-hooks.js:155:11
    at [90mfile:///Users/david/Coding/js/ubumaths/[39mnode_modules/[4m.pnpm[24m/@vitest+runner@3.2.4/node_modules/[4m@vitest/runner[24m/dist/chunk-hooks.js:752:26
    at [90mfile:///Users/david/Coding/js/ubumaths/[39mnode_modules/[4m.pnpm[24m/@vitest+runner@3.2.4/node_modules/[4m@vitest/runner[24m/dist/chunk-hooks.js:1897:20
    at new Promise (<anonymous>)
    at runWithTimeout [90m(file:///Users/david/Coding/js/ubumaths/[39mnode_modules/[4m.pnpm[24m/@vitest+runner@3.2.4/node_modules/[4m@vitest/runner[24m/dist/chunk-hooks.js:1863:10[90m)[39m
    at runTest [90m(file:///Users/david/Coding/js/ubumaths/[39mnode_modules/[4m.pnpm[24m/@vitest+runner@3.2.4/node_modules/[4m@vitest/runner[24m/dist/chunk-hooks.js:1574:12[90m)[39m
[90m    at processTicksAndRejections (node:internal/process/task_queues:105:5)[39m
    at runSuite [90m(file:///Users/david/Coding/js/ubumaths/[39mnode_modules/[4m.pnpm[24m/@vitest+runner@3.2.4/node_modules/[4m@vitest/runner[24m/dist/chunk-hooks.js:1729:8[90m)[39m
    at runSuite [90m(file:///Users/david/Coding/js/ubumaths/[39mnode_modules/[4m.pnpm[24m/@vitest+runner@3.2.4/node_modules/[4m@vitest/runner[24m/dist/chunk-hooks.js:1729:8[90m)[39m

 ✓ |server| src/lib/exercises/services/image-upload.test.ts (50 tests) 207ms
stderr | src/routes/api/exercises/api-routes.test.ts > DELETE /api/exercises/[id]/complete > should handle database errors
Error marking exercise as incomplete: { message: [32m'Database error'[39m }

stderr | src/routes/api/exercises/api-routes.test.ts > DELETE /api/exercises/[id]/complete > should handle database errors
Failed to mark exercise as incomplete: Database error

stderr | src/routes/api/exercises/api-routes.test.ts > GET /api/exercises/[id]/access > should handle RPC errors gracefully
Error checking exercise access: { message: [32m'RPC error'[39m }

stderr | src/routes/api/exercises/api-routes.test.ts > Error handling > should handle database connection errors gracefully
Error fetching student exercises: { message: [32m'Connection failed'[39m }

 ❯ |server| src/routes/api/exercises/api-routes.test.ts (27 tests | 12 failed) 5860ms
   × POST /api/exercises/[id]/assign > should reject unauthenticated requests 5007ms
     → Test timed out in 5000ms.
If this is a long-running test, pass a timeout value as the last argument or configure it globally with "testTimeout".
   ✓ POST /api/exercises/[id]/assign > should reject non-teacher users  710ms
   × POST /api/exercises/[id]/assign > should create single student assignment 5ms
     → Cannot read properties of undefined (reading 'map')
   × POST /api/exercises/[id]/assign > should create bulk assignments 4ms
     → Cannot read properties of undefined (reading 'map')
   × POST /api/exercises/[id]/assign > should reject assignment when not exercise owner 2ms
     → Cannot read properties of undefined (reading 'map')
   × GET /api/exercises/assigned > should reject unauthenticated requests 36ms
     → Cannot destructure property 'user' of '(intermediate value)' as it is null.
   ✓ GET /api/exercises/assigned > should return student exercises with filters 3ms
   ✓ GET /api/exercises/assigned > should parse filter parameters correctly 3ms
   × POST /api/exercises/[id]/view > should reject unauthenticated requests 28ms
     → Cannot destructure property 'user' of '(intermediate value)' as it is null.
   × POST /api/exercises/[id]/view > should track view for authenticated user 3ms
     → Cannot read properties of undefined (reading 'map')
   ✓ POST /api/exercises/[id]/view > should handle invalid JSON body gracefully 2ms
   × POST /api/exercises/[id]/complete > should reject unauthenticated requests 11ms
     → Cannot destructure property 'user' of '(intermediate value)' as it is null.
   ✓ POST /api/exercises/[id]/complete > should mark exercise as complete 2ms
   ✓ POST /api/exercises/[id]/complete > should create completion record if none exists 2ms
   × DELETE /api/exercises/[id]/complete > should reject unauthenticated requests 2ms
     → Cannot destructure property 'user' of '(intermediate value)' as it is null.
   ✓ DELETE /api/exercises/[id]/complete > should unmark exercise as complete 2ms
   ✓ DELETE /api/exercises/[id]/complete > should handle database errors 3ms
   × GET /api/exercises/[id]/access > should reject unauthenticated requests 9ms
     → Cannot destructure property 'user' of '(intermediate value)' as it is null.
   ✓ GET /api/exercises/[id]/access > should return true when student has access 3ms
   ✓ GET /api/exercises/[id]/access > should return false when student does not have access 2ms
   ✓ GET /api/exercises/[id]/access > should handle RPC errors gracefully 2ms
   × Request validation > should validate assignment type fields 2ms
     → Cannot read properties of undefined (reading 'map')
   ✓ Request validation > should handle malformed JSON 2ms
   ✓ Error handling > should handle database connection errors gracefully 2ms
   ✓ Error handling > should handle missing parameters gracefully 2ms
   ✓ Authorization edge cases > should prevent students from creating assignments 2ms
   × Authorization edge cases > should prevent teachers from assigning exercises they do not own 5ms
     → Cannot read properties of undefined (reading 'map')
 ✓ |server| src/lib/questions/generator/variable-resolver.test.ts (39 tests | 1 skipped) 241ms
 ✓ |server| src/lib/server/validation/exercises.test.ts (66 tests) 33ms
 ✓ |server| src/lib/questions/generator/instance-generator.test.ts (27 tests | 4 skipped) 187ms
stdout | src/lib/questions/generator/test-exact-repro.test.ts > Exact reproduction > should generate simple numerical question instance
Result: {
  success: [33mtrue[39m,
  answer: [32m'12'[39m,
  answerType: [32m'string'[39m,
  answerString: [32m'12'[39m,
  variables: [ { name: [32m'a'[39m, value: [32m'5'[39m }, { name: [32m'b'[39m, value: [32m'7'[39m } ]
}

 ✓ |server| src/lib/questions/generator/test-exact-repro.test.ts (1 test) 212ms
 ✓ |server| src/lib/shared/parameterization/resolver/variable-resolver.test.ts (46 tests) 270ms
 ✓ |server| src/lib/exercises/generator/instance-generator.test.ts (27 tests) 245ms
stderr | src/lib/templates/advancedEngine.test.ts > applyFilter > should return original value for unknown filter
Unknown filter: unknown_filter

stderr | src/lib/templates/advancedEngine.test.ts > applyFilters > should handle empty filter expression
Unknown filter: 

 ✓ |server| src/lib/templates/templateEngine.test.ts (63 tests) 118ms
 ✓ |server| src/lib/templates/advancedEngine.test.ts (108 tests) 135ms
 ✓ |server| src/lib/server/exercise-import-export.test.ts (23 tests) 104ms
stderr | src/lib/server/riddle-auto-select.test.ts > autoSelectRiddleOfTheDay > RPC Function Call > should handle RPC errors
Error setting riddle of the day: { message: [32m'RPC failed'[39m }

stderr | src/lib/server/riddle-auto-select.test.ts > autoSelectRiddleOfTheDay > Error Handling > should handle database errors gracefully
Unexpected error in autoSelectRiddleOfTheDay: Error: Database connection failed
    at [90m/Users/david/Coding/js/ubumaths/[39msrc/lib/server/riddle-auto-select.test.ts:839:41
    at [90mfile:///Users/david/Coding/js/ubumaths/[39mnode_modules/[4m.pnpm[24m/@vitest+runner@3.2.4/node_modules/[4m@vitest/runner[24m/dist/chunk-hooks.js:155:11
    at [90mfile:///Users/david/Coding/js/ubumaths/[39mnode_modules/[4m.pnpm[24m/@vitest+runner@3.2.4/node_modules/[4m@vitest/runner[24m/dist/chunk-hooks.js:752:26
    at [90mfile:///Users/david/Coding/js/ubumaths/[39mnode_modules/[4m.pnpm[24m/@vitest+runner@3.2.4/node_modules/[4m@vitest/runner[24m/dist/chunk-hooks.js:1897:20
    at new Promise (<anonymous>)
    at runWithTimeout [90m(file:///Users/david/Coding/js/ubumaths/[39mnode_modules/[4m.pnpm[24m/@vitest+runner@3.2.4/node_modules/[4m@vitest/runner[24m/dist/chunk-hooks.js:1863:10[90m)[39m
    at runTest [90m(file:///Users/david/Coding/js/ubumaths/[39mnode_modules/[4m.pnpm[24m/@vitest+runner@3.2.4/node_modules/[4m@vitest/runner[24m/dist/chunk-hooks.js:1574:12[90m)[39m
[90m    at processTicksAndRejections (node:internal/process/task_queues:105:5)[39m
    at runSuite [90m(file:///Users/david/Coding/js/ubumaths/[39mnode_modules/[4m.pnpm[24m/@vitest+runner@3.2.4/node_modules/[4m@vitest/runner[24m/dist/chunk-hooks.js:1729:8[90m)[39m
    at runSuite [90m(file:///Users/david/Coding/js/ubumaths/[39mnode_modules/[4m.pnpm[24m/@vitest+runner@3.2.4/node_modules/[4m@vitest/runner[24m/dist/chunk-hooks.js:1729:8[90m)[39m

 ✓ |server| src/lib/server/riddle-auto-select.test.ts (17 tests) 133ms
 ✓ |server| src/lib/server/validation/tests.test.ts (50 tests) 87ms
stdout | src/lib/utils/game/challenge-variables.test.ts > Challenge Variable System > generateChallengeInstance > should generate instance with evaluated variables
Challenge answer definition: {
  "value": "a + b"
}
Variables: {
  "a": 1,
  "b": 1
}
Evaluated correct answer: [33m2[39m

stdout | src/lib/utils/game/challenge-variables.test.ts > Challenge Variable System > generateChallengeInstance > should evaluate numeric values correctly
Challenge answer definition: {
  "value": "a + b"
}
Variables: {
  "a": 5,
  "b": 10
}
Evaluated correct answer: [33m15[39m

stdout | src/lib/utils/game/challenge-variables.test.ts > Challenge Variable System > generateChallengeInstance > should handle variable dependencies
Challenge answer definition: {
  "value": "a + b"
}
Variables: {
  "a": 5,
  "b": 10
}
Evaluated correct answer: [33m15[39m

stdout | src/lib/utils/game/challenge-variables.test.ts > Challenge Variable System > generateChallengeInstance > should handle complex dependencies with topological sorting
Challenge answer definition: {
  "value": "a + b"
}
Variables: {
  "a": 3,
  "b": 6,
  "c": 9
}
Evaluated correct answer: [33m9[39m

 ✓ |server| src/lib/questions/validators/template-validator.test.ts (34 tests) 16ms
stdout | src/lib/utils/game/challenge-variables.test.ts > Challenge Variable System > generateChallengeInstance > should handle array values without evaluation
Challenge answer definition: {
  "value": "a + b"
}
Variables: {
  "options": [
    "A",
    "B",
    "C"
  ]
}
Evaluated correct answer: [1mnull[22m

stderr | src/lib/utils/game/challenge-variables.test.ts > Challenge Variable System > generateChallengeInstance > should handle array values without evaluation
Failed to evaluate expression: a + b Error: Undefined symbol a
    at SymbolNode.onUndefinedSymbol [90m(file:///Users/david/Coding/js/ubumaths/[39mnode_modules/[4m.pnpm[24m/mathjs@15.0.0/node_modules/[4mmathjs[24m/lib/esm/expression/node/SymbolNode.js:101:13[90m)[39m
    at [90mfile:///Users/david/Coding/js/ubumaths/[39mnode_modules/[4m.pnpm[24m/mathjs@15.0.0/node_modules/[4mmathjs[24m/lib/esm/expression/node/SymbolNode.js:73:97
    at evalOperatorNode [90m(file:///Users/david/Coding/js/ubumaths/[39mnode_modules/[4m.pnpm[24m/mathjs@15.0.0/node_modules/[4mmathjs[24m/lib/esm/expression/node/OperatorNode.js:304:21[90m)[39m
    at Object.evaluate [90m(file:///Users/david/Coding/js/ubumaths/[39mnode_modules/[4m.pnpm[24m/mathjs@15.0.0/node_modules/[4mmathjs[24m/lib/esm/expression/node/Node.js:56:16[90m)[39m
    at Object.string_Map__Object [90m(file:///Users/david/Coding/js/ubumaths/[39mnode_modules/[4m.pnpm[24m/mathjs@15.0.0/node_modules/[4mmathjs[24m/lib/esm/expression/function/evaluate.js:54:36[90m)[39m
    at Object.evaluate [90m(/Users/david/Coding/js/ubumaths/[39mnode_modules/[4m.pnpm[24m/typed-function@4.2.1/node_modules/[4mtyped-function[24m/lib/esm/typed-function.mjs:1467:20[90m)[39m
    at evaluateWithContext [90m(/Users/david/Coding/js/ubumaths/[39msrc/lib/utils/game/challenge-variables.ts:187:15[90m)[39m
    at evaluateAnswer [90m(/Users/david/Coding/js/ubumaths/[39msrc/lib/utils/game/challenge-variables.ts:394:11[90m)[39m
    at generateChallengeInstance [90m(/Users/david/Coding/js/ubumaths/[39msrc/lib/utils/game/challenge-variables.ts:146:24[90m)[39m
    at [90m/Users/david/Coding/js/ubumaths/[39msrc/lib/utils/game/challenge-variables.test.ts:92:21

stdout | src/lib/utils/game/challenge-variables.test.ts > Challenge Variable System > generateChallengeInstance > should evaluate randomInt function
Challenge answer definition: {
  "value": "a + b"
}
Variables: {
  "a": 1
}
Evaluated correct answer: [1mnull[22m

stderr | src/lib/utils/game/challenge-variables.test.ts > Challenge Variable System > generateChallengeInstance > should evaluate randomInt function
Failed to evaluate expression: a + b TypeError: Unexpected type of argument in function addScalar (expected: number or bigint or string or boolean or BigNumber or Complex or Fraction, actual: Unit | identifier, index: 1)
    at typed.createError [90m(/Users/david/Coding/js/ubumaths/[39mnode_modules/[4m.pnpm[24m/typed-function@4.2.1/node_modules/[4mtyped-function[24m/lib/esm/typed-function.mjs:719:17[90m)[39m
    at typed.onMismatch [90m(file:///Users/david/Coding/js/ubumaths/[39mnode_modules/[4m.pnpm[24m/mathjs@15.0.0/node_modules/[4mmathjs[24m/lib/esm/core/function/typed.js:432:28[90m)[39m
    at generic [90m(/Users/david/Coding/js/ubumaths/[39mnode_modules/[4m.pnpm[24m/typed-function@4.2.1/node_modules/[4mtyped-function[24m/lib/esm/typed-function.mjs:1446:20[90m)[39m
    at addScalar [90m(/Users/david/Coding/js/ubumaths/[39mnode_modules/[4m.pnpm[24m/typed-function@4.2.1/node_modules/[4mtyped-function[24m/lib/esm/typed-function.mjs:1472:22[90m)[39m
    at generic [90m(/Users/david/Coding/js/ubumaths/[39mnode_modules/[4m.pnpm[24m/typed-function@4.2.1/node_modules/[4mtyped-function[24m/lib/esm/typed-function.mjs:1443:25[90m)[39m
    at add [90m(/Users/david/Coding/js/ubumaths/[39mnode_modules/[4m.pnpm[24m/typed-function@4.2.1/node_modules/[4mtyped-function[24m/lib/esm/typed-function.mjs:1472:22[90m)[39m
    at evalOperatorNode [90m(file:///Users/david/Coding/js/ubumaths/[39mnode_modules/[4m.pnpm[24m/mathjs@15.0.0/node_modules/[4mmathjs[24m/lib/esm/expression/node/OperatorNode.js:304:18[90m)[39m
    at Object.evaluate [90m(file:///Users/david/Coding/js/ubumaths/[39mnode_modules/[4m.pnpm[24m/mathjs@15.0.0/node_modules/[4mmathjs[24m/lib/esm/expression/node/Node.js:56:16[90m)[39m
    at Object.string_Map__Object [90m(file:///Users/david/Coding/js/ubumaths/[39mnode_modules/[4m.pnpm[24m/mathjs@15.0.0/node_modules/[4mmathjs[24m/lib/esm/expression/function/evaluate.js:54:36[90m)[39m
    at Object.evaluate [90m(/Users/david/Coding/js/ubumaths/[39mnode_modules/[4m.pnpm[24m/typed-function@4.2.1/node_modules/[4mtyped-function[24m/lib/esm/typed-function.mjs:1467:20[90m)[39m {
  data: {
    category: [32m'wrongType'[39m,
    fn: [32m'addScalar'[39m,
    index: [33m1[39m,
    actual: [ [32m'Unit'[39m, [32m'identifier'[39m ],
    expected: [
      [32m'number'[39m,
      [32m'bigint'[39m,
      [32m'string'[39m,
      [32m'boolean'[39m,
      [32m'BigNumber'[39m,
      [32m'Complex'[39m,
      [32m'Fraction'[39m
    ]
  }
}

stdout | src/lib/utils/game/challenge-variables.test.ts > Challenge Variable System > generateChallengeInstance > should evaluate pickRandom function
Challenge answer definition: {
  "value": "choice"
}
Variables: {
  "choice": 1
}
Evaluated correct answer: [33m1[39m

stdout | src/lib/utils/game/challenge-variables.test.ts > Challenge Variable System > generateChallengeInstance > should handle expression templates
Challenge answer definition: {
  "value": "a + b"
}
Variables: {
  "a": 5
}
Evaluated correct answer: [1mnull[22m

stderr | src/lib/utils/game/challenge-variables.test.ts > Challenge Variable System > generateChallengeInstance > should handle expression templates
Failed to evaluate expression: a + b TypeError: Unexpected type of argument in function addScalar (expected: number or bigint or string or boolean or BigNumber or Complex or Fraction, actual: Unit | identifier, index: 1)
    at typed.createError [90m(/Users/david/Coding/js/ubumaths/[39mnode_modules/[4m.pnpm[24m/typed-function@4.2.1/node_modules/[4mtyped-function[24m/lib/esm/typed-function.mjs:719:17[90m)[39m
    at typed.onMismatch [90m(file:///Users/david/Coding/js/ubumaths/[39mnode_modules/[4m.pnpm[24m/mathjs@15.0.0/node_modules/[4mmathjs[24m/lib/esm/core/function/typed.js:432:28[90m)[39m
    at generic [90m(/Users/david/Coding/js/ubumaths/[39mnode_modules/[4m.pnpm[24m/typed-function@4.2.1/node_modules/[4mtyped-function[24m/lib/esm/typed-function.mjs:1446:20[90m)[39m
    at addScalar [90m(/Users/david/Coding/js/ubumaths/[39mnode_modules/[4m.pnpm[24m/typed-function@4.2.1/node_modules/[4mtyped-function[24m/lib/esm/typed-function.mjs:1472:22[90m)[39m
    at generic [90m(/Users/david/Coding/js/ubumaths/[39mnode_modules/[4m.pnpm[24m/typed-function@4.2.1/node_modules/[4mtyped-function[24m/lib/esm/typed-function.mjs:1443:25[90m)[39m
    at add [90m(/Users/david/Coding/js/ubumaths/[39mnode_modules/[4m.pnpm[24m/typed-function@4.2.1/node_modules/[4mtyped-function[24m/lib/esm/typed-function.mjs:1472:22[90m)[39m
    at evalOperatorNode [90m(file:///Users/david/Coding/js/ubumaths/[39mnode_modules/[4m.pnpm[24m/mathjs@15.0.0/node_modules/[4mmathjs[24m/lib/esm/expression/node/OperatorNode.js:304:18[90m)[39m
    at Object.evaluate [90m(file:///Users/david/Coding/js/ubumaths/[39mnode_modules/[4m.pnpm[24m/mathjs@15.0.0/node_modules/[4mmathjs[24m/lib/esm/expression/node/Node.js:56:16[90m)[39m
    at Object.string_Map__Object [90m(file:///Users/david/Coding/js/ubumaths/[39mnode_modules/[4m.pnpm[24m/mathjs@15.0.0/node_modules/[4mmathjs[24m/lib/esm/expression/function/evaluate.js:54:36[90m)[39m
    at Object.evaluate [90m(/Users/david/Coding/js/ubumaths/[39mnode_modules/[4m.pnpm[24m/typed-function@4.2.1/node_modules/[4mtyped-function[24m/lib/esm/typed-function.mjs:1467:20[90m)[39m {
  data: {
    category: [32m'wrongType'[39m,
    fn: [32m'addScalar'[39m,
    index: [33m1[39m,
    actual: [ [32m'Unit'[39m, [32m'identifier'[39m ],
    expected: [
      [32m'number'[39m,
      [32m'bigint'[39m,
      [32m'string'[39m,
      [32m'boolean'[39m,
      [32m'BigNumber'[39m,
      [32m'Complex'[39m,
      [32m'Fraction'[39m
    ]
  }
}

stdout | src/lib/utils/game/challenge-variables.test.ts > Challenge Variable System > generateChallengeInstance > should evaluate correct answer from variable
Challenge answer definition: {
  "value": "a + b"
}
Variables: {
  "a": 7,
  "b": 3
}
Evaluated correct answer: [33m10[39m

stdout | src/lib/utils/game/challenge-variables.test.ts > Challenge Variable System > generateChallengeInstance > should evaluate correct answer from array format
Challenge answer definition: [
  "result"
]
Variables: {
  "result": 42
}
Evaluated correct answer: [33m42[39m

stdout | src/lib/utils/game/challenge-variables.test.ts > Challenge Variable System > generateChallengeInstance > should handle conditional answers
Challenge answer definition: [
  {
    "if": "a > 5",
    "choice": "15"
  },
  {
    "if": "a <= 5",
    "choice": "5"
  }
]
Variables: {
  "a": 10
}
Evaluated correct answer: [33m15[39m

stdout | src/lib/utils/game/challenge-variables.test.ts > Challenge Variable System > generateChallengeInstance > should handle determined choice answers
Challenge answer definition: [
  {
    "determined": true,
    "choice": "{a} - {b}"
  }
]
Variables: {
  "a": 10,
  "b": 5
}
Evaluated correct answer: [33m5[39m

stdout | src/lib/utils/game/challenge-variables.test.ts > Challenge Variable System > generateChallengeInstance > should handle pgcd (GCD) function
Challenge answer definition: {
  "value": "a + b"
}
Variables: {
  "result": 4
}
Evaluated correct answer: [1mnull[22m

stderr | src/lib/utils/game/challenge-variables.test.ts > Challenge Variable System > generateChallengeInstance > should handle pgcd (GCD) function
Failed to evaluate expression: a + b Error: Undefined symbol a
    at SymbolNode.onUndefinedSymbol [90m(file:///Users/david/Coding/js/ubumaths/[39mnode_modules/[4m.pnpm[24m/mathjs@15.0.0/node_modules/[4mmathjs[24m/lib/esm/expression/node/SymbolNode.js:101:13[90m)[39m
    at [90mfile:///Users/david/Coding/js/ubumaths/[39mnode_modules/[4m.pnpm[24m/mathjs@15.0.0/node_modules/[4mmathjs[24m/lib/esm/expression/node/SymbolNode.js:73:97
    at evalOperatorNode [90m(file:///Users/david/Coding/js/ubumaths/[39mnode_modules/[4m.pnpm[24m/mathjs@15.0.0/node_modules/[4mmathjs[24m/lib/esm/expression/node/OperatorNode.js:304:21[90m)[39m
    at Object.evaluate [90m(file:///Users/david/Coding/js/ubumaths/[39mnode_modules/[4m.pnpm[24m/mathjs@15.0.0/node_modules/[4mmathjs[24m/lib/esm/expression/node/Node.js:56:16[90m)[39m
    at Object.string_Map__Object [90m(file:///Users/david/Coding/js/ubumaths/[39mnode_modules/[4m.pnpm[24m/mathjs@15.0.0/node_modules/[4mmathjs[24m/lib/esm/expression/function/evaluate.js:54:36[90m)[39m
    at Object.evaluate [90m(/Users/david/Coding/js/ubumaths/[39mnode_modules/[4m.pnpm[24m/typed-function@4.2.1/node_modules/[4mtyped-function[24m/lib/esm/typed-function.mjs:1467:20[90m)[39m
    at evaluateWithContext [90m(/Users/david/Coding/js/ubumaths/[39msrc/lib/utils/game/challenge-variables.ts:187:15[90m)[39m
    at evaluateAnswer [90m(/Users/david/Coding/js/ubumaths/[39msrc/lib/utils/game/challenge-variables.ts:394:11[90m)[39m
    at generateChallengeInstance [90m(/Users/david/Coding/js/ubumaths/[39msrc/lib/utils/game/challenge-variables.ts:146:24[90m)[39m
    at [90m/Users/david/Coding/js/ubumaths/[39msrc/lib/utils/game/challenge-variables.test.ts:212:21

stdout | src/lib/utils/game/challenge-variables.test.ts > Challenge Variable System > generateChallengeInstance > should handle ppcm (LCM) function
Challenge answer definition: {
  "value": "a + b"
}
Variables: {
  "result": 12
}
Evaluated correct answer: [1mnull[22m

stderr | src/lib/utils/game/challenge-variables.test.ts > Challenge Variable System > generateChallengeInstance > should handle ppcm (LCM) function
Failed to evaluate expression: a + b Error: Undefined symbol a
    at SymbolNode.onUndefinedSymbol [90m(file:///Users/david/Coding/js/ubumaths/[39mnode_modules/[4m.pnpm[24m/mathjs@15.0.0/node_modules/[4mmathjs[24m/lib/esm/expression/node/SymbolNode.js:101:13[90m)[39m
    at [90mfile:///Users/david/Coding/js/ubumaths/[39mnode_modules/[4m.pnpm[24m/mathjs@15.0.0/node_modules/[4mmathjs[24m/lib/esm/expression/node/SymbolNode.js:73:97
    at evalOperatorNode [90m(file:///Users/david/Coding/js/ubumaths/[39mnode_modules/[4m.pnpm[24m/mathjs@15.0.0/node_modules/[4mmathjs[24m/lib/esm/expression/node/OperatorNode.js:304:21[90m)[39m
    at Object.evaluate [90m(file:///Users/david/Coding/js/ubumaths/[39mnode_modules/[4m.pnpm[24m/mathjs@15.0.0/node_modules/[4mmathjs[24m/lib/esm/expression/node/Node.js:56:16[90m)[39m
    at Object.string_Map__Object [90m(file:///Users/david/Coding/js/ubumaths/[39mnode_modules/[4m.pnpm[24m/mathjs@15.0.0/node_modules/[4mmathjs[24m/lib/esm/expression/function/evaluate.js:54:36[90m)[39m
    at Object.evaluate [90m(/Users/david/Coding/js/ubumaths/[39mnode_modules/[4m.pnpm[24m/typed-function@4.2.1/node_modules/[4mtyped-function[24m/lib/esm/typed-function.mjs:1467:20[90m)[39m
    at evaluateWithContext [90m(/Users/david/Coding/js/ubumaths/[39msrc/lib/utils/game/challenge-variables.ts:187:15[90m)[39m
    at evaluateAnswer [90m(/Users/david/Coding/js/ubumaths/[39msrc/lib/utils/game/challenge-variables.ts:394:11[90m)[39m
    at generateChallengeInstance [90m(/Users/david/Coding/js/ubumaths/[39msrc/lib/utils/game/challenge-variables.ts:146:24[90m)[39m
    at [90m/Users/david/Coding/js/ubumaths/[39msrc/lib/utils/game/challenge-variables.test.ts:225:21

stdout | src/lib/utils/game/challenge-variables.test.ts > Challenge Variable System > validateAnswer > should validate correct numeric answer
[validateAnswer] Starting validation
[validateAnswer] Student: 42 Type: number
[validateAnswer] Correct: 42 Type: number
[validateAnswer] Tolerance: [33m0.01[39m
[validateAnswer] Correct answer is number, checking student...
[validateAnswer] Numeric comparison: diff = [33m0[39m tolerance = [33m0.01[39m result = [33mtrue[39m
[validateAnswer] Starting validation
[validateAnswer] Student: 42 Type: number
[validateAnswer] Correct: 41 Type: number
[validateAnswer] Tolerance: [33m0.01[39m
[validateAnswer] Correct answer is number, checking student...
[validateAnswer] Numeric comparison: diff = [33m1[39m tolerance = [33m0.01[39m result = [33mfalse[39m

stdout | src/lib/utils/game/challenge-variables.test.ts > Challenge Variable System > validateAnswer > should handle numeric tolerance
[validateAnswer] Starting validation
[validateAnswer] Student: 42.01 Type: number
[validateAnswer] Correct: 42 Type: number
[validateAnswer] Tolerance: [33m0.05[39m
[validateAnswer] Correct answer is number, checking student...
[validateAnswer] Numeric comparison: diff = [33m0.00999999999999801[39m tolerance = [33m0.05[39m result = [33mtrue[39m
[validateAnswer] Starting validation
[validateAnswer] Student: 42.1 Type: number
[validateAnswer] Correct: 42 Type: number
[validateAnswer] Tolerance: [33m0.05[39m
[validateAnswer] Correct answer is number, checking student...
[validateAnswer] Numeric comparison: diff = [33m0.10000000000000142[39m tolerance = [33m0.05[39m result = [33mfalse[39m

stdout | src/lib/utils/game/challenge-variables.test.ts > Challenge Variable System > validateAnswer > should validate string answers (case-insensitive)
[validateAnswer] Starting validation
[validateAnswer] Student: "Paris" Type: string
[validateAnswer] Correct: "paris" Type: string
[validateAnswer] Tolerance: [33m0.01[39m
[validateAnswer] String comparison: paris === paris ? [33mtrue[39m
[validateAnswer] Starting validation
[validateAnswer] Student: "PARIS" Type: string
[validateAnswer] Correct: "paris" Type: string
[validateAnswer] Tolerance: [33m0.01[39m
[validateAnswer] String comparison: paris === paris ? [33mtrue[39m
[validateAnswer] Starting validation
[validateAnswer] Student: "Paris" Type: string
[validateAnswer] Correct: "Lyon" Type: string
[validateAnswer] Tolerance: [33m0.01[39m
[validateAnswer] String comparison: paris === lyon ? [33mfalse[39m

stdout | src/lib/utils/game/challenge-variables.test.ts > Challenge Variable System > validateAnswer > should trim whitespace in string comparison
[validateAnswer] Starting validation
[validateAnswer] Student: "  Paris  " Type: string
[validateAnswer] Correct: "paris" Type: string
[validateAnswer] Tolerance: [33m0.01[39m
[validateAnswer] String comparison: paris === paris ? [33mtrue[39m
[validateAnswer] Starting validation
[validateAnswer] Student: "Paris" Type: string
[validateAnswer] Correct: "  paris  " Type: string
[validateAnswer] Tolerance: [33m0.01[39m
[validateAnswer] String comparison: paris === paris ? [33mtrue[39m

stdout | src/lib/utils/game/challenge-variables.test.ts > Challenge Variable System > validateAnswer > should validate array answers
[validateAnswer] Starting validation
[validateAnswer] Student: [1,2,3] Type: object
[validateAnswer] Correct: [1,2,3] Type: object
[validateAnswer] Tolerance: [33m0.01[39m
[validateAnswer] Array comparison
[validateAnswer] Starting validation
[validateAnswer] Student: 1 Type: number
[validateAnswer] Correct: 1 Type: number
[validateAnswer] Tolerance: [33m0.01[39m
[validateAnswer] Correct answer is number, checking student...
[validateAnswer] Numeric comparison: diff = [33m0[39m tolerance = [33m0.01[39m result = [33mtrue[39m
[validateAnswer] Starting validation
[validateAnswer] Student: 2 Type: number
[validateAnswer] Correct: 2 Type: number
[validateAnswer] Tolerance: [33m0.01[39m
[validateAnswer] Correct answer is number, checking student...
[validateAnswer] Numeric comparison: diff = [33m0[39m tolerance = [33m0.01[39m result = [33mtrue[39m
[validateAnswer] Starting validation
[validateAnswer] Student: 3 Type: number
[validateAnswer] Correct: 3 Type: number
[validateAnswer] Tolerance: [33m0.01[39m
[validateAnswer] Correct answer is number, checking student...
[validateAnswer] Numeric comparison: diff = [33m0[39m tolerance = [33m0.01[39m result = [33mtrue[39m
[validateAnswer] SUCCESS: All array elements match
[validateAnswer] Starting validation
[validateAnswer] Student: [1,2,3] Type: object
[validateAnswer] Correct: [1,2,4] Type: object
[validateAnswer] Tolerance: [33m0.01[39m
[validateAnswer] Array comparison
[validateAnswer] Starting validation
[validateAnswer] Student: 1 Type: number
[validateAnswer] Correct: 1 Type: number
[validateAnswer] Tolerance: [33m0.01[39m
[validateAnswer] Correct answer is number, checking student...
[validateAnswer] Numeric comparison: diff = [33m0[39m tolerance = [33m0.01[39m result = [33mtrue[39m
[validateAnswer] Starting validation
[validateAnswer] Student: 2 Type: number
[validateAnswer] Correct: 2 Type: number
[validateAnswer] Tolerance: [33m0.01[39m
[validateAnswer] Correct answer is number, checking student...
[validateAnswer] Numeric comparison: diff = [33m0[39m tolerance = [33m0.01[39m result = [33mtrue[39m
[validateAnswer] Starting validation
[validateAnswer] Student: 3 Type: number
[validateAnswer] Correct: 4 Type: number
[validateAnswer] Tolerance: [33m0.01[39m
[validateAnswer] Correct answer is number, checking student...
[validateAnswer] Numeric comparison: diff = [33m1[39m tolerance = [33m0.01[39m result = [33mfalse[39m
[validateAnswer] FAIL: Array element [33m2[39m differs
[validateAnswer] Starting validation
[validateAnswer] Student: [1,2] Type: object
[validateAnswer] Correct: [1,2,3] Type: object
[validateAnswer] Tolerance: [33m0.01[39m
[validateAnswer] Array comparison
[validateAnswer] FAIL: Array lengths differ

stdout | src/lib/utils/game/challenge-variables.test.ts > Challenge Variable System > validateAnswer > should handle nested array validation
[validateAnswer] Starting validation
[validateAnswer] Student: [[1,2],[3,4]] Type: object
[validateAnswer] Correct: [[1,2],[3,4]] Type: object
[validateAnswer] Tolerance: [33m0.01[39m
[validateAnswer] Array comparison
[validateAnswer] Starting validation
[validateAnswer] Student: [1,2] Type: object
[validateAnswer] Correct: [1,2] Type: object
[validateAnswer] Tolerance: [33m0.01[39m
[validateAnswer] Array comparison
[validateAnswer] Starting validation
[validateAnswer] Student: 1 Type: number
[validateAnswer] Correct: 1 Type: number
[validateAnswer] Tolerance: [33m0.01[39m
[validateAnswer] Correct answer is number, checking student...
[validateAnswer] Numeric comparison: diff = [33m0[39m tolerance = [33m0.01[39m result = [33mtrue[39m
[validateAnswer] Starting validation
[validateAnswer] Student: 2 Type: number
[validateAnswer] Correct: 2 Type: number
[validateAnswer] Tolerance: [33m0.01[39m
[validateAnswer] Correct answer is number, checking student...
[validateAnswer] Numeric comparison: diff = [33m0[39m tolerance = [33m0.01[39m result = [33mtrue[39m
[validateAnswer] SUCCESS: All array elements match
[validateAnswer] Starting validation
[validateAnswer] Student: [3,4] Type: object
[validateAnswer] Correct: [3,4] Type: object
[validateAnswer] Tolerance: [33m0.01[39m
[validateAnswer] Array comparison
[validateAnswer] Starting validation
[validateAnswer] Student: 3 Type: number
[validateAnswer] Correct: 3 Type: number
[validateAnswer] Tolerance: [33m0.01[39m
[validateAnswer] Correct answer is number, checking student...
[validateAnswer] Numeric comparison: diff = [33m0[39m tolerance = [33m0.01[39m result = [33mtrue[39m
[validateAnswer] Starting validation
[validateAnswer] Student: 4 Type: number
[validateAnswer] Correct: 4 Type: number
[validateAnswer] Tolerance: [33m0.01[39m
[validateAnswer] Correct answer is number, checking student...
[validateAnswer] Numeric comparison: diff = [33m0[39m tolerance = [33m0.01[39m result = [33mtrue[39m
[validateAnswer] SUCCESS: All array elements match
[validateAnswer] SUCCESS: All array elements match
[validateAnswer] Starting validation
[validateAnswer] Student: [[1,2],[3,4]] Type: object
[validateAnswer] Correct: [[1,2],[3,5]] Type: object
[validateAnswer] Tolerance: [33m0.01[39m
[validateAnswer] Array comparison
[validateAnswer] Starting validation
[validateAnswer] Student: [1,2] Type: object
[validateAnswer] Correct: [1,2] Type: object
[validateAnswer] Tolerance: [33m0.01[39m
[validateAnswer] Array comparison
[validateAnswer] Starting validation
[validateAnswer] Student: 1 Type: number
[validateAnswer] Correct: 1 Type: number
[validateAnswer] Tolerance: [33m0.01[39m
[validateAnswer] Correct answer is number, checking student...
[validateAnswer] Numeric comparison: diff = [33m0[39m tolerance = [33m0.01[39m result = [33mtrue[39m
[validateAnswer] Starting validation
[validateAnswer] Student: 2 Type: number
[validateAnswer] Correct: 2 Type: number
[validateAnswer] Tolerance: [33m0.01[39m
[validateAnswer] Correct answer is number, checking student...
[validateAnswer] Numeric comparison: diff = [33m0[39m tolerance = [33m0.01[39m result = [33mtrue[39m
[validateAnswer] SUCCESS: All array elements match
[validateAnswer] Starting validation
[validateAnswer] Student: [3,4] Type: object
[validateAnswer] Correct: [3,5] Type: object
[validateAnswer] Tolerance: [33m0.01[39m
[validateAnswer] Array comparison
[validateAnswer] Starting validation
[validateAnswer] Student: 3 Type: number
[validateAnswer] Correct: 3 Type: number
[validateAnswer] Tolerance: [33m0.01[39m
[validateAnswer] Correct answer is number, checking student...
[validateAnswer] Numeric comparison: diff = [33m0[39m tolerance = [33m0.01[39m result = [33mtrue[39m
[validateAnswer] Starting validation
[validateAnswer] Student: 4 Type: number
[validateAnswer] Correct: 5 Type: number
[validateAnswer] Tolerance: [33m0.01[39m
[validateAnswer] Correct answer is number, checking student...
[validateAnswer] Numeric comparison: diff = [33m1[39m tolerance = [33m0.01[39m result = [33mfalse[39m
[validateAnswer] FAIL: Array element [33m1[39m differs
[validateAnswer] FAIL: Array element [33m1[39m differs

stdout | src/lib/utils/game/challenge-variables.test.ts > Challenge Variable System > validateAnswer > should parse numeric strings
[validateAnswer] Starting validation
[validateAnswer] Student: "42" Type: string
[validateAnswer] Correct: 42 Type: number
[validateAnswer] Tolerance: [33m0.01[39m
[validateAnswer] Parsed student answer from string to number: [33m42[39m
[validateAnswer] Correct answer is number, checking student...
[validateAnswer] Numeric comparison: diff = [33m0[39m tolerance = [33m0.01[39m result = [33mtrue[39m
[validateAnswer] Starting validation
[validateAnswer] Student: "3.14" Type: string
[validateAnswer] Correct: 3.14 Type: number
[validateAnswer] Tolerance: [33m0.01[39m
[validateAnswer] Parsed student answer from string to number: [33m3.14[39m
[validateAnswer] Correct answer is number, checking student...
[validateAnswer] Numeric comparison: diff = [33m0[39m tolerance = [33m0.01[39m result = [33mtrue[39m

stdout | src/lib/utils/game/challenge-variables.test.ts > Challenge Variable System > validateAnswer > should reject null/undefined answers
[validateAnswer] Starting validation
[validateAnswer] Student: null Type: object
[validateAnswer] Correct: 42 Type: number
[validateAnswer] Tolerance: [33m0.01[39m
[validateAnswer] FAIL: Student answer is null/undefined
[validateAnswer] Starting validation
[validateAnswer] Student: [90mundefined[39m Type: undefined
[validateAnswer] Correct: 42 Type: number
[validateAnswer] Tolerance: [33m0.01[39m
[validateAnswer] FAIL: Student answer is null/undefined
[validateAnswer] Starting validation
[validateAnswer] Student: 42 Type: number
[validateAnswer] Correct: null Type: object
[validateAnswer] Tolerance: [33m0.01[39m
[validateAnswer] FAIL: Correct answer is null/undefined
[validateAnswer] Starting validation
[validateAnswer] Student: 42 Type: number
[validateAnswer] Correct: [90mundefined[39m Type: undefined
[validateAnswer] Tolerance: [33m0.01[39m
[validateAnswer] FAIL: Correct answer is null/undefined

stdout | src/lib/utils/game/challenge-variables.test.ts > Challenge Variable System > validateAnswer > should handle object comparison
[validateAnswer] Starting validation
[validateAnswer] Student: {"x":1,"y":2} Type: object
[validateAnswer] Correct: {"x":1,"y":2} Type: object
[validateAnswer] Tolerance: [33m0.01[39m
[validateAnswer] Object comparison: [33mtrue[39m
[validateAnswer] Starting validation
[validateAnswer] Student: {"x":1,"y":2} Type: object
[validateAnswer] Correct: {"x":1,"y":3} Type: object
[validateAnswer] Tolerance: [33m0.01[39m
[validateAnswer] Object comparison: [33mfalse[39m

stdout | src/lib/utils/game/challenge-variables.test.ts > Challenge Variable System > validateAnswer > should apply default tolerance of 0.01
[validateAnswer] Starting validation
[validateAnswer] Student: 42.005 Type: number
[validateAnswer] Correct: 42 Type: number
[validateAnswer] Tolerance: [33m0.01[39m
[validateAnswer] Correct answer is number, checking student...
[validateAnswer] Numeric comparison: diff = [33m0.005000000000002558[39m tolerance = [33m0.01[39m result = [33mtrue[39m
[validateAnswer] Starting validation
[validateAnswer] Student: 42.02 Type: number
[validateAnswer] Correct: 42 Type: number
[validateAnswer] Tolerance: [33m0.01[39m
[validateAnswer] Correct answer is number, checking student...
[validateAnswer] Numeric comparison: diff = [33m0.020000000000003126[39m tolerance = [33m0.01[39m result = [33mfalse[39m

stdout | src/lib/utils/game/challenge-variables.test.ts > Challenge Variable System > validateAnswer > should handle negative numbers
[validateAnswer] Starting validation
[validateAnswer] Student: -42 Type: number
[validateAnswer] Correct: -42 Type: number
[validateAnswer] Tolerance: [33m0.01[39m
[validateAnswer] Correct answer is number, checking student...
[validateAnswer] Numeric comparison: diff = [33m0[39m tolerance = [33m0.01[39m result = [33mtrue[39m
[validateAnswer] Starting validation
[validateAnswer] Student: "-42" Type: string
[validateAnswer] Correct: -42 Type: number
[validateAnswer] Tolerance: [33m0.01[39m
[validateAnswer] Parsed student answer from string to number: [33m-42[39m
[validateAnswer] Correct answer is number, checking student...
[validateAnswer] Numeric comparison: diff = [33m0[39m tolerance = [33m0.01[39m result = [33mtrue[39m
[validateAnswer] Starting validation
[validateAnswer] Student: -42 Type: number
[validateAnswer] Correct: 42 Type: number
[validateAnswer] Tolerance: [33m0.01[39m
[validateAnswer] Correct answer is number, checking student...
[validateAnswer] Numeric comparison: diff = [33m84[39m tolerance = [33m0.01[39m result = [33mfalse[39m

stdout | src/lib/utils/game/challenge-variables.test.ts > Challenge Variable System > validateAnswer > should validate zero
[validateAnswer] Starting validation
[validateAnswer] Student: 0 Type: number
[validateAnswer] Correct: 0 Type: number
[validateAnswer] Tolerance: [33m0.01[39m
[validateAnswer] Correct answer is number, checking student...
[validateAnswer] Numeric comparison: diff = [33m0[39m tolerance = [33m0.01[39m result = [33mtrue[39m
[validateAnswer] Starting validation
[validateAnswer] Student: "0" Type: string
[validateAnswer] Correct: 0 Type: number
[validateAnswer] Tolerance: [33m0.01[39m
[validateAnswer] Parsed student answer from string to number: [33m0[39m
[validateAnswer] Correct answer is number, checking student...
[validateAnswer] Numeric comparison: diff = [33m0[39m tolerance = [33m0.01[39m result = [33mtrue[39m

stdout | src/lib/utils/game/challenge-variables.test.ts > Challenge Variable System > Edge Cases & Error Handling > should handle circular dependencies gracefully
Challenge answer definition: {
  "value": "a + b"
}
Variables: {}
Evaluated correct answer: [1mnull[22m

stderr | src/lib/utils/game/challenge-variables.test.ts > Challenge Variable System > Edge Cases & Error Handling > should handle circular dependencies gracefully
Failed to evaluate expression: a + b Error: Undefined symbol a
    at SymbolNode.onUndefinedSymbol [90m(file:///Users/david/Coding/js/ubumaths/[39mnode_modules/[4m.pnpm[24m/mathjs@15.0.0/node_modules/[4mmathjs[24m/lib/esm/expression/node/SymbolNode.js:101:13[90m)[39m
    at [90mfile:///Users/david/Coding/js/ubumaths/[39mnode_modules/[4m.pnpm[24m/mathjs@15.0.0/node_modules/[4mmathjs[24m/lib/esm/expression/node/SymbolNode.js:73:97
    at evalOperatorNode [90m(file:///Users/david/Coding/js/ubumaths/[39mnode_modules/[4m.pnpm[24m/mathjs@15.0.0/node_modules/[4mmathjs[24m/lib/esm/expression/node/OperatorNode.js:304:21[90m)[39m
    at Object.evaluate [90m(file:///Users/david/Coding/js/ubumaths/[39mnode_modules/[4m.pnpm[24m/mathjs@15.0.0/node_modules/[4mmathjs[24m/lib/esm/expression/node/Node.js:56:16[90m)[39m
    at Object.string_Map__Object [90m(file:///Users/david/Coding/js/ubumaths/[39mnode_modules/[4m.pnpm[24m/mathjs@15.0.0/node_modules/[4mmathjs[24m/lib/esm/expression/function/evaluate.js:54:36[90m)[39m
    at Object.evaluate [90m(/Users/david/Coding/js/ubumaths/[39mnode_modules/[4m.pnpm[24m/typed-function@4.2.1/node_modules/[4mtyped-function[24m/lib/esm/typed-function.mjs:1467:20[90m)[39m
    at evaluateWithContext [90m(/Users/david/Coding/js/ubumaths/[39msrc/lib/utils/game/challenge-variables.ts:187:15[90m)[39m
    at evaluateAnswer [90m(/Users/david/Coding/js/ubumaths/[39msrc/lib/utils/game/challenge-variables.ts:394:11[90m)[39m
    at generateChallengeInstance [90m(/Users/david/Coding/js/ubumaths/[39msrc/lib/utils/game/challenge-variables.ts:146:24[90m)[39m
    at [90m/Users/david/Coding/js/ubumaths/[39msrc/lib/utils/game/challenge-variables.test.ts:409:21

stdout | src/lib/utils/game/challenge-variables.test.ts > Challenge Variable System > Edge Cases & Error Handling > should handle invalid Math.js expressions
Challenge answer definition: {
  "value": "a + b"
}
Variables: {
  "a": null
}
Evaluated correct answer: [1mnull[22m

stderr | src/lib/utils/game/challenge-variables.test.ts > Challenge Variable System > Edge Cases & Error Handling > should handle invalid Math.js expressions
Failed to evaluate expression: invalid expression !!! Error: Undefined symbol invalid
    at SymbolNode.onUndefinedSymbol [90m(file:///Users/david/Coding/js/ubumaths/[39mnode_modules/[4m.pnpm[24m/mathjs@15.0.0/node_modules/[4mmathjs[24m/lib/esm/expression/node/SymbolNode.js:101:13[90m)[39m
    at [90mfile:///Users/david/Coding/js/ubumaths/[39mnode_modules/[4m.pnpm[24m/mathjs@15.0.0/node_modules/[4mmathjs[24m/lib/esm/expression/node/SymbolNode.js:73:97
    at evalOperatorNode [90m(file:///Users/david/Coding/js/ubumaths/[39mnode_modules/[4m.pnpm[24m/mathjs@15.0.0/node_modules/[4mmathjs[24m/lib/esm/expression/node/OperatorNode.js:304:21[90m)[39m
    at Object.evaluate [90m(file:///Users/david/Coding/js/ubumaths/[39mnode_modules/[4m.pnpm[24m/mathjs@15.0.0/node_modules/[4mmathjs[24m/lib/esm/expression/node/Node.js:56:16[90m)[39m
    at Object.string_Map__Object [90m(file:///Users/david/Coding/js/ubumaths/[39mnode_modules/[4m.pnpm[24m/mathjs@15.0.0/node_modules/[4mmathjs[24m/lib/esm/expression/function/evaluate.js:54:36[90m)[39m
    at Object.evaluate [90m(/Users/david/Coding/js/ubumaths/[39mnode_modules/[4m.pnpm[24m/typed-function@4.2.1/node_modules/[4mtyped-function[24m/lib/esm/typed-function.mjs:1467:20[90m)[39m
    at evaluateWithContext [90m(/Users/david/Coding/js/ubumaths/[39msrc/lib/utils/game/challenge-variables.ts:187:15[90m)[39m
    at generateChallengeInstance [90m(/Users/david/Coding/js/ubumaths/[39msrc/lib/utils/game/challenge-variables.ts:124:24[90m)[39m
    at [90m/Users/david/Coding/js/ubumaths/[39msrc/lib/utils/game/challenge-variables.test.ts:422:21
    at [90mfile:///Users/david/Coding/js/ubumaths/[39mnode_modules/[4m.pnpm[24m/@vitest+runner@3.2.4/node_modules/[4m@vitest/runner[24m/dist/chunk-hooks.js:155:11
Failed to evaluate expression: a + b TypeError: Unexpected type of argument in function addScalar (expected: number or Complex or BigNumber or bigint or Fraction or Unit or string or boolean, actual: identifier | null, index: 0)
    at typed.createError [90m(/Users/david/Coding/js/ubumaths/[39mnode_modules/[4m.pnpm[24m/typed-function@4.2.1/node_modules/[4mtyped-function[24m/lib/esm/typed-function.mjs:719:17[90m)[39m
    at typed.onMismatch [90m(file:///Users/david/Coding/js/ubumaths/[39mnode_modules/[4m.pnpm[24m/mathjs@15.0.0/node_modules/[4mmathjs[24m/lib/esm/core/function/typed.js:432:28[90m)[39m
    at generic [90m(/Users/david/Coding/js/ubumaths/[39mnode_modules/[4m.pnpm[24m/typed-function@4.2.1/node_modules/[4mtyped-function[24m/lib/esm/typed-function.mjs:1446:20[90m)[39m
    at addScalar [90m(/Users/david/Coding/js/ubumaths/[39mnode_modules/[4m.pnpm[24m/typed-function@4.2.1/node_modules/[4mtyped-function[24m/lib/esm/typed-function.mjs:1472:22[90m)[39m
    at generic [90m(/Users/david/Coding/js/ubumaths/[39mnode_modules/[4m.pnpm[24m/typed-function@4.2.1/node_modules/[4mtyped-function[24m/lib/esm/typed-function.mjs:1443:25[90m)[39m
    at add [90m(/Users/david/Coding/js/ubumaths/[39mnode_modules/[4m.pnpm[24m/typed-function@4.2.1/node_modules/[4mtyped-function[24m/lib/esm/typed-function.mjs:1472:22[90m)[39m
    at evalOperatorNode [90m(file:///Users/david/Coding/js/ubumaths/[39mnode_modules/[4m.pnpm[24m/mathjs@15.0.0/node_modules/[4mmathjs[24m/lib/esm/expression/node/OperatorNode.js:304:18[90m)[39m
    at Object.evaluate [90m(file:///Users/david/Coding/js/ubumaths/[39mnode_modules/[4m.pnpm[24m/mathjs@15.0.0/node_modules/[4mmathjs[24m/lib/esm/expression/node/Node.js:56:16[90m)[39m
    at Object.string_Map__Object [90m(file:///Users/david/Coding/js/ubumaths/[39mnode_modules/[4m.pnpm[24m/mathjs@15.0.0/node_modules/[4mmathjs[24m/lib/esm/expression/function/evaluate.js:54:36[90m)[39m
    at Object.evaluate [90m(/Users/david/Coding/js/ubumaths/[39mnode_modules/[4m.pnpm[24m/typed-function@4.2.1/node_modules/[4mtyped-function[24m/lib/esm/typed-function.mjs:1467:20[90m)[39m {
  data: {
    category: [32m'wrongType'[39m,
    fn: [32m'addScalar'[39m,
    index: [33m0[39m,
    actual: [ [32m'identifier'[39m, [32m'null'[39m ],
    expected: [
      [32m'number'[39m,    [32m'Complex'[39m,
      [32m'BigNumber'[39m, [32m'bigint'[39m,
      [32m'Fraction'[39m,  [32m'Unit'[39m,
      [32m'string'[39m,    [32m'boolean'[39m
    ]
  }
}

stdout | src/lib/utils/game/challenge-variables.test.ts > Challenge Variable System > Edge Cases & Error Handling > should handle division by zero
Challenge answer definition: {
  "value": "a + b"
}
Variables: {
  "a": 10,
  "b": 0,
  "result": null
}
Evaluated correct answer: [33m10[39m

stdout | src/lib/utils/game/challenge-variables.test.ts > Challenge Variable System > Edge Cases & Error Handling > should handle missing variable references
Challenge answer definition: {
  "value": "a + b"
}
Variables: {
  "a": null
}
Evaluated correct answer: [1mnull[22m

stderr | src/lib/utils/game/challenge-variables.test.ts > Challenge Variable System > Edge Cases & Error Handling > should handle missing variable references
Failed to evaluate expression: {nonexistent} Error: Undefined symbol nonexistent
    at SymbolNode.onUndefinedSymbol [90m(file:///Users/david/Coding/js/ubumaths/[39mnode_modules/[4m.pnpm[24m/mathjs@15.0.0/node_modules/[4mmathjs[24m/lib/esm/expression/node/SymbolNode.js:101:13[90m)[39m
    at [90mfile:///Users/david/Coding/js/ubumaths/[39mnode_modules/[4m.pnpm[24m/mathjs@15.0.0/node_modules/[4mmathjs[24m/lib/esm/expression/node/SymbolNode.js:73:97
    at Object.evaluate [90m(file:///Users/david/Coding/js/ubumaths/[39mnode_modules/[4m.pnpm[24m/mathjs@15.0.0/node_modules/[4mmathjs[24m/lib/esm/expression/node/Node.js:56:16[90m)[39m
    at Object.string_Map__Object [90m(file:///Users/david/Coding/js/ubumaths/[39mnode_modules/[4m.pnpm[24m/mathjs@15.0.0/node_modules/[4mmathjs[24m/lib/esm/expression/function/evaluate.js:54:36[90m)[39m
    at Object.evaluate [90m(/Users/david/Coding/js/ubumaths/[39mnode_modules/[4m.pnpm[24m/typed-function@4.2.1/node_modules/[4mtyped-function[24m/lib/esm/typed-function.mjs:1467:20[90m)[39m
    at evaluateWithContext [90m(/Users/david/Coding/js/ubumaths/[39msrc/lib/utils/game/challenge-variables.ts:187:15[90m)[39m
    at generateChallengeInstance [90m(/Users/david/Coding/js/ubumaths/[39msrc/lib/utils/game/challenge-variables.ts:124:24[90m)[39m
    at [90m/Users/david/Coding/js/ubumaths/[39msrc/lib/utils/game/challenge-variables.test.ts:452:21
    at [90mfile:///Users/david/Coding/js/ubumaths/[39mnode_modules/[4m.pnpm[24m/@vitest+runner@3.2.4/node_modules/[4m@vitest/runner[24m/dist/chunk-hooks.js:155:11
    at [90mfile:///Users/david/Coding/js/ubumaths/[39mnode_modules/[4m.pnpm[24m/@vitest+runner@3.2.4/node_modules/[4m@vitest/runner[24m/dist/chunk-hooks.js:752:26
Failed to evaluate expression: a + b TypeError: Unexpected type of argument in function addScalar (expected: number or Complex or BigNumber or bigint or Fraction or Unit or string or boolean, actual: identifier | null, index: 0)
    at typed.createError [90m(/Users/david/Coding/js/ubumaths/[39mnode_modules/[4m.pnpm[24m/typed-function@4.2.1/node_modules/[4mtyped-function[24m/lib/esm/typed-function.mjs:719:17[90m)[39m
    at typed.onMismatch [90m(file:///Users/david/Coding/js/ubumaths/[39mnode_modules/[4m.pnpm[24m/mathjs@15.0.0/node_modules/[4mmathjs[24m/lib/esm/core/function/typed.js:432:28[90m)[39m
    at generic [90m(/Users/david/Coding/js/ubumaths/[39mnode_modules/[4m.pnpm[24m/typed-function@4.2.1/node_modules/[4mtyped-function[24m/lib/esm/typed-function.mjs:1446:20[90m)[39m
    at addScalar [90m(/Users/david/Coding/js/ubumaths/[39mnode_modules/[4m.pnpm[24m/typed-function@4.2.1/node_modules/[4mtyped-function[24m/lib/esm/typed-function.mjs:1472:22[90m)[39m
    at generic [90m(/Users/david/Coding/js/ubumaths/[39mnode_modules/[4m.pnpm[24m/typed-function@4.2.1/node_modules/[4mtyped-function[24m/lib/esm/typed-function.mjs:1443:25[90m)[39m
    at add [90m(/Users/david/Coding/js/ubumaths/[39mnode_modules/[4m.pnpm[24m/typed-function@4.2.1/node_modules/[4mtyped-function[24m/lib/esm/typed-function.mjs:1472:22[90m)[39m
    at evalOperatorNode [90m(file:///Users/david/Coding/js/ubumaths/[39mnode_modules/[4m.pnpm[24m/mathjs@15.0.0/node_modules/[4mmathjs[24m/lib/esm/expression/node/OperatorNode.js:304:18[90m)[39m
    at Object.evaluate [90m(file:///Users/david/Coding/js/ubumaths/[39mnode_modules/[4m.pnpm[24m/mathjs@15.0.0/node_modules/[4mmathjs[24m/lib/esm/expression/node/Node.js:56:16[90m)[39m
    at Object.string_Map__Object [90m(file:///Users/david/Coding/js/ubumaths/[39mnode_modules/[4m.pnpm[24m/mathjs@15.0.0/node_modules/[4mmathjs[24m/lib/esm/expression/function/evaluate.js:54:36[90m)[39m
    at Object.evaluate [90m(/Users/david/Coding/js/ubumaths/[39mnode_modules/[4m.pnpm[24m/typed-function@4.2.1/node_modules/[4mtyped-function[24m/lib/esm/typed-function.mjs:1467:20[90m)[39m {
  data: {
    category: [32m'wrongType'[39m,
    fn: [32m'addScalar'[39m,
    index: [33m0[39m,
    actual: [ [32m'identifier'[39m, [32m'null'[39m ],
    expected: [
      [32m'number'[39m,    [32m'Complex'[39m,
      [32m'BigNumber'[39m, [32m'bigint'[39m,
      [32m'Fraction'[39m,  [32m'Unit'[39m,
      [32m'string'[39m,    [32m'boolean'[39m
    ]
  }
}

stdout | src/lib/utils/game/challenge-variables.test.ts > Challenge Variable System > Edge Cases & Error Handling > should handle "x" as multiplication operator
Challenge answer definition: {
  "value": "a + b"
}
Variables: {
  "result": 15
}
Evaluated correct answer: [1mnull[22m

stderr | src/lib/utils/game/challenge-variables.test.ts > Challenge Variable System > Edge Cases & Error Handling > should handle "x" as multiplication operator
Failed to evaluate expression: a + b Error: Undefined symbol a
    at SymbolNode.onUndefinedSymbol [90m(file:///Users/david/Coding/js/ubumaths/[39mnode_modules/[4m.pnpm[24m/mathjs@15.0.0/node_modules/[4mmathjs[24m/lib/esm/expression/node/SymbolNode.js:101:13[90m)[39m
    at [90mfile:///Users/david/Coding/js/ubumaths/[39mnode_modules/[4m.pnpm[24m/mathjs@15.0.0/node_modules/[4mmathjs[24m/lib/esm/expression/node/SymbolNode.js:73:97
    at evalOperatorNode [90m(file:///Users/david/Coding/js/ubumaths/[39mnode_modules/[4m.pnpm[24m/mathjs@15.0.0/node_modules/[4mmathjs[24m/lib/esm/expression/node/OperatorNode.js:304:21[90m)[39m
    at Object.evaluate [90m(file:///Users/david/Coding/js/ubumaths/[39mnode_modules/[4m.pnpm[24m/mathjs@15.0.0/node_modules/[4mmathjs[24m/lib/esm/expression/node/Node.js:56:16[90m)[39m
    at Object.string_Map__Object [90m(file:///Users/david/Coding/js/ubumaths/[39mnode_modules/[4m.pnpm[24m/mathjs@15.0.0/node_modules/[4mmathjs[24m/lib/esm/expression/function/evaluate.js:54:36[90m)[39m
    at Object.evaluate [90m(/Users/david/Coding/js/ubumaths/[39mnode_modules/[4m.pnpm[24m/typed-function@4.2.1/node_modules/[4mtyped-function[24m/lib/esm/typed-function.mjs:1467:20[90m)[39m
    at evaluateWithContext [90m(/Users/david/Coding/js/ubumaths/[39msrc/lib/utils/game/challenge-variables.ts:187:15[90m)[39m
    at evaluateAnswer [90m(/Users/david/Coding/js/ubumaths/[39msrc/lib/utils/game/challenge-variables.ts:394:11[90m)[39m
    at generateChallengeInstance [90m(/Users/david/Coding/js/ubumaths/[39msrc/lib/utils/game/challenge-variables.ts:146:24[90m)[39m
    at [90m/Users/david/Coding/js/ubumaths/[39msrc/lib/utils/game/challenge-variables.test.ts:466:21

stdout | src/lib/utils/game/challenge-variables.test.ts > Challenge Variable System > Edge Cases & Error Handling > should handle "x" without spaces
Challenge answer definition: {
  "value": "a + b"
}
Variables: {
  "result": 15
}
Evaluated correct answer: [1mnull[22m

stderr | src/lib/utils/game/challenge-variables.test.ts > Challenge Variable System > Edge Cases & Error Handling > should handle "x" without spaces
Failed to evaluate expression: a + b Error: Undefined symbol a
    at SymbolNode.onUndefinedSymbol [90m(file:///Users/david/Coding/js/ubumaths/[39mnode_modules/[4m.pnpm[24m/mathjs@15.0.0/node_modules/[4mmathjs[24m/lib/esm/expression/node/SymbolNode.js:101:13[90m)[39m
    at [90mfile:///Users/david/Coding/js/ubumaths/[39mnode_modules/[4m.pnpm[24m/mathjs@15.0.0/node_modules/[4mmathjs[24m/lib/esm/expression/node/SymbolNode.js:73:97
    at evalOperatorNode [90m(file:///Users/david/Coding/js/ubumaths/[39mnode_modules/[4m.pnpm[24m/mathjs@15.0.0/node_modules/[4mmathjs[24m/lib/esm/expression/node/OperatorNode.js:304:21[90m)[39m
    at Object.evaluate [90m(file:///Users/david/Coding/js/ubumaths/[39mnode_modules/[4m.pnpm[24m/mathjs@15.0.0/node_modules/[4mmathjs[24m/lib/esm/expression/node/Node.js:56:16[90m)[39m
    at Object.string_Map__Object [90m(file:///Users/david/Coding/js/ubumaths/[39mnode_modules/[4m.pnpm[24m/mathjs@15.0.0/node_modules/[4mmathjs[24m/lib/esm/expression/function/evaluate.js:54:36[90m)[39m
    at Object.evaluate [90m(/Users/david/Coding/js/ubumaths/[39mnode_modules/[4m.pnpm[24m/typed-function@4.2.1/node_modules/[4mtyped-function[24m/lib/esm/typed-function.mjs:1467:20[90m)[39m
    at evaluateWithContext [90m(/Users/david/Coding/js/ubumaths/[39msrc/lib/utils/game/challenge-variables.ts:187:15[90m)[39m
    at evaluateAnswer [90m(/Users/david/Coding/js/ubumaths/[39msrc/lib/utils/game/challenge-variables.ts:394:11[90m)[39m
    at generateChallengeInstance [90m(/Users/david/Coding/js/ubumaths/[39msrc/lib/utils/game/challenge-variables.ts:146:24[90m)[39m
    at [90m/Users/david/Coding/js/ubumaths/[39msrc/lib/utils/game/challenge-variables.test.ts:479:21

stdout | src/lib/utils/game/challenge-variables.test.ts > Challenge Variable System > Simple Challenge Types (Priority) > Addition Challenges > should generate valid addition challenge
Challenge answer definition: {
  "value": "a + b"
}
Variables: {
  "a": 1,
  "b": 1
}
Evaluated correct answer: [33m2[39m

stdout | src/lib/utils/game/challenge-variables.test.ts > Challenge Variable System > Simple Challenge Types (Priority) > Addition Challenges > should interpolate addition question correctly
Challenge answer definition: {
  "value": "a + b"
}
Variables: {
  "a": 1,
  "b": 1
}
Evaluated correct answer: [33m2[39m

stdout | src/lib/utils/game/challenge-variables.test.ts > Challenge Variable System > Simple Challenge Types (Priority) > Subtraction Challenges > should generate valid subtraction challenge
Challenge answer definition: {
  "value": "a - b"
}
Variables: {
  "a": 10,
  "b": 1
}
Evaluated correct answer: [33m9[39m

stdout | src/lib/utils/game/challenge-variables.test.ts > Challenge Variable System > Simple Challenge Types (Priority) > Subtraction Challenges > should ensure a > b for positive results
Challenge answer definition: {
  "value": "a - b"
}
Variables: {
  "a": 10,
  "b": 1
}
Evaluated correct answer: [33m9[39m

stdout | src/lib/utils/game/challenge-variables.test.ts > Challenge Variable System > Simple Challenge Types (Priority) > Multiplication Challenges > should generate valid multiplication challenge
Challenge answer definition: {
  "value": "a * b"
}
Variables: {
  "a": 2,
  "b": 2
}
Evaluated correct answer: [33m4[39m

 ✓ |server| src/lib/utils/game/challenge-variables.test.ts (48 tests) 252ms
 ✓ |server| src/lib/exercises/markdown-frontmatter.test.ts (17 tests) 67ms
 ✓ |server| src/lib/server/validation/message-templates.test.ts (81 tests) 79ms
 ✓ |server| src/lib/server/validation/misc-modules.test.ts (114 tests) 56ms
 ✓ |server| src/lib/server/validation/response-utils.test.ts (34 tests) 70ms
 ✓ |server| src/lib/server/validation/rewards-messages-notifications.test.ts (105 tests) 123ms
 ✓ |server| src/lib/server/env.test.ts (19 tests) 312ms
 ✓ |server| src/lib/server/validation/srs.test.ts (50 tests) 271ms
 ✓ |server| src/lib/server/validation/admin.test.ts (40 tests) 167ms
 ✓ |server| src/lib/templates/templateVariables.test.ts (79 tests) 30ms
 ✓ |server| src/lib/shared/parameterization/validator/variable-validator.test.ts (42 tests) 16ms
 ✓ |server| src/lib/shared/parameterization/resolver/random-generator.test.ts (37 tests) 20ms
stderr | src/lib/server/riddle-messages.test.ts > createRiddleValidationMessage > should handle database errors
Error creating validation message: { message: [32m'Database insert failed'[39m }

stderr | src/lib/server/riddle-messages.test.ts > createRiddleValidationMessage > should handle unexpected errors
Error in createRiddleValidationMessage: Error: Unexpected error
    at Object.<anonymous> [90m(/Users/david/Coding/js/ubumaths/[39msrc/lib/server/riddle-messages.test.ts:166:10[90m)[39m
    at Object.mockCall [90m(file:///Users/david/Coding/js/ubumaths/[39mnode_modules/[4m.pnpm[24m/@vitest+spy@3.2.4/node_modules/[4m@vitest/spy[24m/dist/index.js:96:15[90m)[39m
    at Object.spy [as from] [90m(file:///Users/david/Coding/js/ubumaths/[39mnode_modules/[4m.pnpm[24m/tinyspy@4.0.4/node_modules/[4mtinyspy[24m/dist/index.js:47:80[90m)[39m
    at createRiddleValidationMessage [90m(/Users/david/Coding/js/ubumaths/[39msrc/lib/server/riddle-messages.ts:39:5[90m)[39m
    at [90m/Users/david/Coding/js/ubumaths/[39msrc/lib/server/riddle-messages.test.ts:169:24
    at [90mfile:///Users/david/Coding/js/ubumaths/[39mnode_modules/[4m.pnpm[24m/@vitest+runner@3.2.4/node_modules/[4m@vitest/runner[24m/dist/chunk-hooks.js:155:11
    at [90mfile:///Users/david/Coding/js/ubumaths/[39mnode_modules/[4m.pnpm[24m/@vitest+runner@3.2.4/node_modules/[4m@vitest/runner[24m/dist/chunk-hooks.js:752:26
    at [90mfile:///Users/david/Coding/js/ubumaths/[39mnode_modules/[4m.pnpm[24m/@vitest+runner@3.2.4/node_modules/[4m@vitest/runner[24m/dist/chunk-hooks.js:1897:20
    at new Promise (<anonymous>)
    at runWithTimeout [90m(file:///Users/david/Coding/js/ubumaths/[39mnode_modules/[4m.pnpm[24m/@vitest+runner@3.2.4/node_modules/[4m@vitest/runner[24m/dist/chunk-hooks.js:1863:10[90m)[39m

stderr | src/lib/server/riddle-messages.test.ts > getRiddleTeacherId > should return null for non-existent riddle
Error fetching riddle teacher: { message: [32m'Not found'[39m }

stderr | src/lib/server/riddle-messages.test.ts > getRiddleTeacherId > should return null on database error
Error fetching riddle teacher: { message: [32m'Database error'[39m }

stderr | src/lib/server/riddle-messages.test.ts > sendValidationResultMessage > should handle database errors
Error sending validation result: { message: [32m'Insert failed'[39m }

stderr | src/lib/server/riddle-messages.test.ts > sendValidationResultMessage > should handle unexpected errors
Error in sendValidationResultMessage: Error: Unexpected error
    at Object.<anonymous> [90m(/Users/david/Coding/js/ubumaths/[39msrc/lib/server/riddle-messages.test.ts:529:10[90m)[39m
    at Object.mockCall [90m(file:///Users/david/Coding/js/ubumaths/[39mnode_modules/[4m.pnpm[24m/@vitest+spy@3.2.4/node_modules/[4m@vitest/spy[24m/dist/index.js:96:15[90m)[39m
    at Object.spy [as from] [90m(file:///Users/david/Coding/js/ubumaths/[39mnode_modules/[4m.pnpm[24m/tinyspy@4.0.4/node_modules/[4mtinyspy[24m/dist/index.js:47:80[90m)[39m
    at sendValidationResultMessage [90m(/Users/david/Coding/js/ubumaths/[39msrc/lib/server/riddle-messages.ts:132:50[90m)[39m
    at [90m/Users/david/Coding/js/ubumaths/[39msrc/lib/server/riddle-messages.test.ts:532:24
    at [90mfile:///Users/david/Coding/js/ubumaths/[39mnode_modules/[4m.pnpm[24m/@vitest+runner@3.2.4/node_modules/[4m@vitest/runner[24m/dist/chunk-hooks.js:155:11
    at [90mfile:///Users/david/Coding/js/ubumaths/[39mnode_modules/[4m.pnpm[24m/@vitest+runner@3.2.4/node_modules/[4m@vitest/runner[24m/dist/chunk-hooks.js:752:26
    at [90mfile:///Users/david/Coding/js/ubumaths/[39mnode_modules/[4m.pnpm[24m/@vitest+runner@3.2.4/node_modules/[4m@vitest/runner[24m/dist/chunk-hooks.js:1897:20
    at new Promise (<anonymous>)
    at runWithTimeout [90m(file:///Users/david/Coding/js/ubumaths/[39mnode_modules/[4m.pnpm[24m/@vitest+runner@3.2.4/node_modules/[4m@vitest/runner[24m/dist/chunk-hooks.js:1863:10[90m)[39m

 ✓ |server| tests/unit/validation/academic.test.ts (113 tests) 74ms
 ✓ |server| src/lib/server/riddle-messages.test.ts (22 tests) 72ms
stderr | src/lib/server/exercises.test.ts > getExercise > should handle not found error
Error fetching exercise: { message: [32m'Not found'[39m }

 ✓ |server| src/lib/server/exercises.test.ts (15 tests) 35ms
 ✓ |server| src/lib/exercises/validation.test.ts (14 tests) 21ms
 ✓ |server| src/lib/srs/config.test.ts (39 tests) 11ms
 ✓ |server| src/lib/server/validation/assessments.test.ts (42 tests) 27ms
 ✓ |server| src/lib/server/validation/common.test.ts (68 tests) 32ms
 ✓ |server| src/lib/questions/parser/variable-parser.test.ts (31 tests) 11ms
 ✓ |server| src/lib/exercises/transpilers/latex-transpiler.test.ts (31 tests) 25ms
 ✓ |server| src/lib/questions/generator/random-generator.test.ts (36 tests) 31ms
 ✓ |server| tests/unit/validation/warnings.test.ts (67 tests) 21ms
 ✓ |server| src/lib/exercises/parser/markdown-parser.test.ts (15 tests) 12ms
 ✓ |server| src/lib/shared/parameterization/parser/random-parser.test.ts (47 tests) 13ms
 ✓ |server| src/lib/questions/generator/choice-shuffler.test.ts (23 tests) 30ms
 ✓ |server| src/lib/srs/fsrs.test.ts (60 tests) 23ms
 ✓ |server| src/lib/shared/parameterization/resolver/text-resolver.test.ts (31 tests) 13ms
 ✓ |server| src/lib/shared/parameterization/parser/tokenizer.test.ts (25 tests) 16ms
 ✓ |server| src/lib/questions/parser/random-parser.test.ts (29 tests) 11ms
 ✓ |server| src/lib/exercises/parser/table-parser.test.ts (36 tests) 11ms
stderr | src/lib/server/csrfProtection.test.ts > CSRF Protection > validateOrigin > should block requests from evil.com
[CSRF] Blocked request from invalid origin: https://evil.com

stderr | src/lib/server/csrfProtection.test.ts > CSRF Protection > validateOrigin > should block requests from malicious subdomain
[CSRF] Blocked request from invalid origin: https://phishing.ubumaths.com

stderr | src/lib/server/csrfProtection.test.ts > CSRF Protection > validateOrigin > should block requests without origin or referer
[CSRF] Request missing both origin and referer headers

stderr | src/lib/server/csrfProtection.test.ts > CSRF Protection > validateOrigin > should block requests with invalid referer when origin is missing
[CSRF] Blocked request from invalid referer: https://evil.com/page

stderr | src/lib/server/csrfProtection.test.ts > CSRF Protection > isValidOrigin > should return false for invalid origin
[CSRF] Blocked request from invalid origin: https://evil.com

stderr | src/lib/server/csrfProtection.test.ts > CSRF Protection > isValidOrigin > should return false for missing headers
[CSRF] Request missing both origin and referer headers

 ✓ |server| src/lib/server/csrfProtection.test.ts (14 tests) 10ms
 ✓ |server| src/lib/exercises/parser/math-extractor.test.ts (26 tests) 12ms
 ✓ |server| src/lib/utils/game/combat.test.ts (38 tests) 9ms
 ✓ |server| src/lib/shared/parameterization/validator/circular-dependency.test.ts (26 tests) 44ms
 ✓ |server| src/lib/server/rateLimiter.test.ts (20 tests) 13ms
 ✓ |server| src/lib/questions/parser/tokenizer.test.ts (31 tests) 16ms
 ✓ |server| src/lib/utils/riddle-badges.test.ts (33 tests) 14ms
 ✓ |server| src/lib/srs/generator.test.ts (25 tests) 13ms
 ✓ |server| src/lib/utils/riddle-validator.test.ts (55 tests) 13ms
 ✓ |server| src/lib/exercises/parser/list-parser.test.ts (33 tests) 27ms
 ✓ |server| src/lib/questions/parser/eval-parser.test.ts (42 tests) 13ms
 ✓ |server| src/lib/questions/generator/content-resolver.test.ts (41 tests | 1 skipped) 58ms
 ✓ |server| src/lib/shared/parameterization/parser/variable-parser.test.ts (19 tests) 5ms
 ✓ |server| src/lib/server/passwordPolicy.test.ts (31 tests) 10ms
stderr | src/lib/server/exercise-assignments.test.ts > createExerciseAssignment > should reject assignment when exercise not found
Error fetching exercise: { message: [32m'Not found'[39m }

 ✓ |server| src/lib/shared/parameterization/parser/eval-parser.test.ts (23 tests) 9ms
stderr | src/lib/server/exercise-assignments.test.ts > studentHasAccess > should return false on error
Error checking exercise access: { message: [32m'Database error'[39m }

stderr | src/lib/server/exercise-assignments.test.ts > getStudentClasses > should handle error gracefully
Error fetching student classes: { message: [32m'Database error'[39m }

 ✓ |server| src/lib/server/exercise-assignments.test.ts (43 tests) 71ms

⎯⎯⎯⎯⎯⎯ Failed Tests 201 ⎯⎯⎯⎯⎯⎯

 FAIL  |server| src/lib/server/assessments.test.ts > getStudentAssignments > should include attempt statistics for each assignment
AssertionError: expected +0 to be 3 // Object.is equality

[32m- Expected[39m
[31m+ Received[39m

[32m- 3[39m
[31m+ 0[39m

 ❯ src/lib/server/assessments.test.ts:982:43
    980| 
    981|   expect(result.error).toBeNull();
    982|   expect(result.data?.[0].attempts_count).toBe(3);
       |                                           ^
    983|   expect(result.data?.[0].best_score).toBe(9);
    984|   expect(result.data?.[0].status).toBe('completed');

⎯⎯⎯⎯⎯⎯⎯⎯⎯⎯⎯⎯⎯⎯⎯⎯⎯⎯⎯⎯⎯⎯[1/201]⎯

 FAIL  |server| src/lib/server/assessments.test.ts > getStudentAssignments > should return empty array when student has no assignments
Error: Test timed out in 5000ms.
If this is a long-running test, pass a timeout value as the last argument or configure it globally with "testTimeout".
 ❯ src/lib/server/assessments.test.ts:987:2
    985|  });
    986| 
    987|  it('should return empty array when student has no assignments', async…
       |  ^
    988|   // Mock no classes - query 1: .select().eq() (awaited directly)
    989|   supabase._mockChain.then.mockImplementationOnce((onFulfilled) => {

⎯⎯⎯⎯⎯⎯⎯⎯⎯⎯⎯⎯⎯⎯⎯⎯⎯⎯⎯⎯⎯⎯[2/201]⎯

 FAIL  |server| tests/database/triggers/assignment-triggers.test.ts > Exercise Completion Tracking Triggers > trigger_update_completion_last_viewed (BEFORE UPDATE) > should update last_viewed_at when view_count increases
 FAIL  |server| tests/database/triggers/assignment-triggers.test.ts > Exercise Completion Tracking Triggers > trigger_update_completion_last_viewed (BEFORE UPDATE) > should NOT update last_viewed_at when view_count does not change
 FAIL  |server| tests/database/triggers/assignment-triggers.test.ts > Exercise Completion Tracking Triggers > trigger_update_completion_last_viewed (BEFORE UPDATE) > should update last_viewed_at on multiple view increments
 FAIL  |server| tests/database/triggers/assignment-triggers.test.ts > Exercise Completion Tracking Triggers > trigger_update_completion_last_viewed (BEFORE UPDATE) > should set last_viewed_at to NOW() (recent timestamp)
 FAIL  |server| tests/database/triggers/assignment-triggers.test.ts > Exercise Completion Tracking Triggers > trigger_update_completion_last_viewed (BEFORE UPDATE) > should handle view_count decrease gracefully (edge case)
 FAIL  |server| tests/database/triggers/assignment-triggers.test.ts > Exercise Completion Tracking Triggers > trigger_update_completion_last_viewed (BEFORE UPDATE) > should NOT fire on INSERT (trigger is BEFORE UPDATE only)
 FAIL  |server| tests/database/triggers/assignment-triggers.test.ts > Exercise Completion Tracking Triggers > Integration with completion workflow > should track last viewed correctly in student practice session
 FAIL  |server| tests/database/triggers/assignment-triggers.test.ts > Exercise Completion Tracking Triggers > Integration with completion workflow > should support "recently viewed" feature with accurate timestamps
 FAIL  |server| tests/database/triggers/assignment-triggers.test.ts > Exercise Completion Tracking Triggers > Integration with completion workflow > should handle concurrent view tracking (multiple tabs)
 FAIL  |server| tests/database/triggers/assignment-triggers.test.ts > Exercise Completion Tracking Triggers > Edge cases > should handle view_count = 0 to view_count = 1 transition
 FAIL  |server| tests/database/triggers/assignment-triggers.test.ts > Exercise Completion Tracking Triggers > Edge cases > should preserve completed_at when updating view_count
 FAIL  |server| tests/database/triggers/assignment-triggers.test.ts > Exercise Completion Tracking Triggers > Edge cases > should handle NULL completed_at correctly
TypeError: Cannot read properties of null (reading 'id')
 ❯ tests/database/triggers/assignment-triggers.test.ts:77:29
     75|    .from('exercises')
     76|    .insert({
     77|     created_by: testTeacher.id,
       |                             ^
     78|     type: 'multiple_choice',
     79|     question: 'What is 2 + 2?',

⎯⎯⎯⎯⎯⎯⎯⎯⎯⎯⎯⎯⎯⎯⎯⎯⎯⎯⎯⎯⎯⎯[3/201]⎯

 FAIL  |server| tests/database/triggers/chat-triggers.test.ts > Chat System Triggers > trigger_create_class_chat_room > should create chat conversation when class is created
Unknown Error: duplicate key value violates unique constraint "profiles_pkey"
⎯⎯⎯⎯⎯⎯⎯⎯⎯⎯⎯⎯⎯⎯⎯⎯⎯⎯⎯⎯⎯⎯[4/201]⎯

 FAIL  |server| tests/database/triggers/chat-triggers.test.ts > Chat System Triggers > trigger_create_class_chat_room > should add teacher as participant when class is created
Unknown Error: duplicate key value violates unique constraint "profiles_pkey"
⎯⎯⎯⎯⎯⎯⎯⎯⎯⎯⎯⎯⎯⎯⎯⎯⎯⎯⎯⎯⎯⎯[5/201]⎯

 FAIL  |server| tests/database/triggers/chat-triggers.test.ts > Chat System Triggers > trigger_create_class_chat_room > should add all existing class members to chat on class creation
Unknown Error: duplicate key value violates unique constraint "profiles_pkey"
⎯⎯⎯⎯⎯⎯⎯⎯⎯⎯⎯⎯⎯⎯⎯⎯⎯⎯⎯⎯⎯⎯[6/201]⎯

 FAIL  |server| tests/database/triggers/chat-triggers.test.ts > Chat System Triggers > trigger_add_student_to_class_chat > should add student to class chat when they join class
Unknown Error: duplicate key value violates unique constraint "profiles_pkey"
⎯⎯⎯⎯⎯⎯⎯⎯⎯⎯⎯⎯⎯⎯⎯⎯⎯⎯⎯⎯⎯⎯[7/201]⎯

 FAIL  |server| tests/database/triggers/chat-triggers.test.ts > Chat System Triggers > trigger_add_student_to_class_chat > should handle duplicate participant insertion with ON CONFLICT
Unknown Error: duplicate key value violates unique constraint "profiles_pkey"
⎯⎯⎯⎯⎯⎯⎯⎯⎯⎯⎯⎯⎯⎯⎯⎯⎯⎯⎯⎯⎯⎯[8/201]⎯

 FAIL  |server| tests/database/triggers/chat-triggers.test.ts > Chat System Triggers > trigger_process_message_content > should extract plain text from TipTap JSON content
Unknown Error: duplicate key value violates unique constraint "profiles_pkey"
⎯⎯⎯⎯⎯⎯⎯⎯⎯⎯⎯⎯⎯⎯⎯⎯⎯⎯⎯⎯⎯⎯[9/201]⎯

 FAIL  |server| tests/database/triggers/chat-triggers.test.ts > Chat System Triggers > trigger_process_message_content > should extract plain text from nested TipTap paragraphs
Unknown Error: duplicate key value violates unique constraint "profiles_pkey"
⎯⎯⎯⎯⎯⎯⎯⎯⎯⎯⎯⎯⎯⎯⎯⎯⎯⎯⎯⎯⎯[10/201]⎯

 FAIL  |server| tests/database/triggers/chat-triggers.test.ts > Chat System Triggers > trigger_process_message_content > should flag message when profanity is detected
Unknown Error: duplicate key value violates unique constraint "profiles_pkey"
⎯⎯⎯⎯⎯⎯⎯⎯⎯⎯⎯⎯⎯⎯⎯⎯⎯⎯⎯⎯⎯[11/201]⎯

 FAIL  |server| tests/database/triggers/chat-triggers.test.ts > Chat System Triggers > trigger_process_message_content > should NOT flag message without profanity
Unknown Error: duplicate key value violates unique constraint "profiles_pkey"
⎯⎯⎯⎯⎯⎯⎯⎯⎯⎯⎯⎯⎯⎯⎯⎯⎯⎯⎯⎯⎯[12/201]⎯

 FAIL  |server| tests/database/triggers/chat-triggers.test.ts > Chat System Triggers > trigger_process_message_content > should process content on UPDATE as well as INSERT
Unknown Error: duplicate key value violates unique constraint "profiles_pkey"
⎯⎯⎯⎯⎯⎯⎯⎯⎯⎯⎯⎯⎯⎯⎯⎯⎯⎯⎯⎯⎯[13/201]⎯

 FAIL  |server| tests/database/triggers/chat-triggers.test.ts > Chat System Triggers > trigger_update_conversation_last_message > should update conversation with last message data
Unknown Error: duplicate key value violates unique constraint "profiles_pkey"
⎯⎯⎯⎯⎯⎯⎯⎯⎯⎯⎯⎯⎯⎯⎯⎯⎯⎯⎯⎯⎯[14/201]⎯

 FAIL  |server| tests/database/triggers/chat-triggers.test.ts > Chat System Triggers > trigger_update_conversation_last_message > should truncate preview at 100 characters with ellipsis
Unknown Error: duplicate key value violates unique constraint "profiles_pkey"
⎯⎯⎯⎯⎯⎯⎯⎯⎯⎯⎯⎯⎯⎯⎯⎯⎯⎯⎯⎯⎯[15/201]⎯

 FAIL  |server| tests/database/triggers/chat-triggers.test.ts > Chat System Triggers > trigger_update_conversation_last_message > should NOT add ellipsis for messages under 100 characters
Unknown Error: duplicate key value violates unique constraint "profiles_pkey"
⎯⎯⎯⎯⎯⎯⎯⎯⎯⎯⎯⎯⎯⎯⎯⎯⎯⎯⎯⎯⎯[16/201]⎯

 FAIL  |server| tests/database/triggers/chat-triggers.test.ts > Chat System Triggers > trigger_update_conversation_last_message > should update with most recent message
Unknown Error: duplicate key value violates unique constraint "profiles_pkey"
⎯⎯⎯⎯⎯⎯⎯⎯⎯⎯⎯⎯⎯⎯⎯⎯⎯⎯⎯⎯⎯[17/201]⎯

 FAIL  |server| tests/database/triggers/cleanup-triggers.test.ts > Exercise Cleanup Triggers > trigger_delete_exercise_images → delete_exercise_images() > should delete images from storage.objects when exercise is deleted (old path pattern)
Unknown Error: duplicate key value violates unique constraint "profiles_pkey"
⎯⎯⎯⎯⎯⎯⎯⎯⎯⎯⎯⎯⎯⎯⎯⎯⎯⎯⎯⎯⎯[18/201]⎯

 FAIL  |server| tests/database/triggers/cleanup-triggers.test.ts > Exercise Cleanup Triggers > trigger_delete_exercise_images → delete_exercise_images() > should delete images from storage.objects when exercise is deleted (new path pattern)
Unknown Error: duplicate key value violates unique constraint "profiles_pkey"
⎯⎯⎯⎯⎯⎯⎯⎯⎯⎯⎯⎯⎯⎯⎯⎯⎯⎯⎯⎯⎯[19/201]⎯

 FAIL  |server| tests/database/triggers/cleanup-triggers.test.ts > Exercise Cleanup Triggers > trigger_delete_exercise_images → delete_exercise_images() > should only delete images for specific exercise, not other exercises
Unknown Error: duplicate key value violates unique constraint "profiles_pkey"
⎯⎯⎯⎯⎯⎯⎯⎯⎯⎯⎯⎯⎯⎯⎯⎯⎯⎯⎯⎯⎯[20/201]⎯

 FAIL  |server| tests/database/triggers/cleanup-triggers.test.ts > Exercise Cleanup Triggers > trigger_delete_exercise_images → delete_exercise_images() > should not delete images from other users
Unknown Error: duplicate key value violates unique constraint "profiles_pkey"
⎯⎯⎯⎯⎯⎯⎯⎯⎯⎯⎯⎯⎯⎯⎯⎯⎯⎯⎯⎯⎯[21/201]⎯

 FAIL  |server| tests/database/triggers/cleanup-triggers.test.ts > Exercise Cleanup Triggers > trigger_delete_exercise_images → delete_exercise_images() > should handle deletion when no images exist (no error)
Unknown Error: duplicate key value violates unique constraint "profiles_pkey"
⎯⎯⎯⎯⎯⎯⎯⎯⎯⎯⎯⎯⎯⎯⎯⎯⎯⎯⎯⎯⎯[22/201]⎯

 FAIL  |server| tests/database/triggers/cleanup-triggers.test.ts > Exercise Cleanup Triggers > trigger_delete_exercise_images → delete_exercise_images() > should delete multiple images from mixed path patterns
Unknown Error: duplicate key value violates unique constraint "profiles_pkey"
⎯⎯⎯⎯⎯⎯⎯⎯⎯⎯⎯⎯⎯⎯⎯⎯⎯⎯⎯⎯⎯[23/201]⎯

 FAIL  |server| tests/database/triggers/cleanup-triggers.test.ts > Exercise Cleanup Triggers > trigger_delete_exercise_images → delete_exercise_images() > should verify SECURITY DEFINER function works without exposing permissions
Unknown Error: duplicate key value violates unique constraint "profiles_pkey"
⎯⎯⎯⎯⎯⎯⎯⎯⎯⎯⎯⎯⎯⎯⎯⎯⎯⎯⎯⎯⎯[24/201]⎯

 FAIL  |server| tests/database/triggers/cleanup-triggers.test.ts > Exercise Cleanup Triggers > trigger_delete_exercise_images → delete_exercise_images() > should handle special characters in exercise ID gracefully
Unknown Error: duplicate key value violates unique constraint "profiles_pkey"
⎯⎯⎯⎯⎯⎯⎯⎯⎯⎯⎯⎯⎯⎯⎯⎯⎯⎯⎯⎯⎯[25/201]⎯

 FAIL  |server| tests/database/triggers/cleanup-triggers.test.ts > Exercise Cleanup Triggers > Exercise deletion CASCADE behavior > should verify exercise_assignments are deleted via CASCADE foreign key
Unknown Error: duplicate key value violates unique constraint "profiles_pkey"
⎯⎯⎯⎯⎯⎯⎯⎯⎯⎯⎯⎯⎯⎯⎯⎯⎯⎯⎯⎯⎯[26/201]⎯

 FAIL  |server| tests/database/triggers/error-monitoring-triggers.test.ts > Error Monitoring Triggers > trigger_update_error_occurrence (AFTER INSERT) > should create error_occurrence record on first error
AssertionError: expected 6 to be 1 // Object.is equality

[32m- Expected[39m
[31m+ Received[39m

[32m- 1[39m
[31m+ 6[39m

 ❯ tests/database/triggers/error-monitoring-triggers.test.ts:172:41
    170| 
    171|    expect(occurrence).toBeDefined();
    172|    expect(occurrence?.occurrence_count).toBe(1);
       |                                         ^
    173|    expect(occurrence?.error_signature).toBe(errorLog.error_signature);
    174|    expect(occurrence?.error_type).toBe(errorLog.error_type);

⎯⎯⎯⎯⎯⎯⎯⎯⎯⎯⎯⎯⎯⎯⎯⎯⎯⎯⎯⎯⎯[27/201]⎯

 FAIL  |server| tests/database/triggers/error-monitoring-triggers.test.ts > Error Monitoring Triggers > trigger_update_error_occurrence (AFTER INSERT) > should increment occurrence_count on duplicate error
AssertionError: expected 12 to be 2 // Object.is equality

[32m- Expected[39m
[31m+ Received[39m

[32m- 2[39m
[31m+ 12[39m

 ❯ tests/database/triggers/error-monitoring-triggers.test.ts:210:41
    208|     .single();
    209| 
    210|    expect(occurrence?.occurrence_count).toBe(2);
       |                                         ^
    211|    expect(occurrence?.last_error_log_id).toBe(error2.data?.id);
    212|   });

⎯⎯⎯⎯⎯⎯⎯⎯⎯⎯⎯⎯⎯⎯⎯⎯⎯⎯⎯⎯⎯[28/201]⎯

 FAIL  |server| tests/database/triggers/error-monitoring-triggers.test.ts > Error Monitoring Triggers > trigger_update_error_occurrence (AFTER INSERT) > should track occurrence count correctly for multiple duplicates
AssertionError: expected 35 to be 5 // Object.is equality

[32m- Expected[39m
[31m+ Received[39m

[32m- 5[39m
[31m+ 35[39m

 ❯ tests/database/triggers/error-monitoring-triggers.test.ts:293:41
    291|     .single();
    292| 
    293|    expect(occurrence?.occurrence_count).toBe(5);
       |                                         ^
    294|    expect(occurrence?.last_error_log_id).toBe(errors[4].id);
    295|   });

⎯⎯⎯⎯⎯⎯⎯⎯⎯⎯⎯⎯⎯⎯⎯⎯⎯⎯⎯⎯⎯[29/201]⎯

 FAIL  |server| tests/database/triggers/error-monitoring-triggers.test.ts > Error Monitoring Triggers > trigger_update_error_occurrence (AFTER INSERT) > should maintain separate occurrence counts for different errors
AssertionError: expected 12 to be 2 // Object.is equality

[32m- Expected[39m
[31m+ Received[39m

[32m- 2[39m
[31m+ 12[39m

 ❯ tests/database/triggers/error-monitoring-triggers.test.ts:333:42
    331|     .single();
    332| 
    333|    expect(occurrenceA?.occurrence_count).toBe(2); // Original + 1 dupl…
       |                                          ^
    334|    expect(occurrenceB?.occurrence_count).toBe(1); // Only original
    335|   });

⎯⎯⎯⎯⎯⎯⎯⎯⎯⎯⎯⎯⎯⎯⎯⎯⎯⎯⎯⎯⎯[30/201]⎯

 FAIL  |server| tests/database/triggers/game-triggers.test.ts > Game System Triggers > trigger_create_game_profile_on_user_creation > should create game_players row when student profile is created
Unknown Error: duplicate key value violates unique constraint "profiles_pkey"
⎯⎯⎯⎯⎯⎯⎯⎯⎯⎯⎯⎯⎯⎯⎯⎯⎯⎯⎯⎯⎯[31/201]⎯

 FAIL  |server| tests/database/triggers/game-triggers.test.ts > Game System Triggers > trigger_create_game_profile_on_user_creation > should NOT create game_players row for teacher
Unknown Error: duplicate key value violates unique constraint "profiles_pkey"
⎯⎯⎯⎯⎯⎯⎯⎯⎯⎯⎯⎯⎯⎯⎯⎯⎯⎯⎯⎯⎯[32/201]⎯

 FAIL  |server| tests/database/triggers/game-triggers.test.ts > Game System Triggers > trigger_create_game_profile_on_user_creation > should NOT create game_players row for admin
Unknown Error: duplicate key value violates unique constraint "profiles_pkey"
⎯⎯⎯⎯⎯⎯⎯⎯⎯⎯⎯⎯⎯⎯⎯⎯⎯⎯⎯⎯⎯[33/201]⎯

 FAIL  |server| tests/database/triggers/game-triggers.test.ts > Game System Triggers > trigger_award_gidouilles_on_combat_victory > should award gidouilles to organizer on combat victory
Unknown Error: duplicate key value violates unique constraint "profiles_pkey"
⎯⎯⎯⎯⎯⎯⎯⎯⎯⎯⎯⎯⎯⎯⎯⎯⎯⎯⎯⎯⎯[34/201]⎯

 FAIL  |server| tests/database/triggers/game-triggers.test.ts > Game System Triggers > trigger_award_gidouilles_on_combat_victory > should award gidouilles to all ready participants
Unknown Error: duplicate key value violates unique constraint "profiles_pkey"
⎯⎯⎯⎯⎯⎯⎯⎯⎯⎯⎯⎯⎯⎯⎯⎯⎯⎯⎯⎯⎯[35/201]⎯

 FAIL  |server| tests/database/triggers/game-triggers.test.ts > Game System Triggers > trigger_award_gidouilles_on_combat_victory > should NOT award gidouilles on defeat
Unknown Error: duplicate key value violates unique constraint "profiles_pkey"
⎯⎯⎯⎯⎯⎯⎯⎯⎯⎯⎯⎯⎯⎯⎯⎯⎯⎯⎯⎯⎯[36/201]⎯

 FAIL  |server| tests/database/triggers/game-triggers.test.ts > Game System Triggers > trigger_award_gidouilles_on_combat_victory > should only fire when status changes to completed
Unknown Error: duplicate key value violates unique constraint "profiles_pkey"
⎯⎯⎯⎯⎯⎯⎯⎯⎯⎯⎯⎯⎯⎯⎯⎯⎯⎯⎯⎯⎯[37/201]⎯

 FAIL  |server| tests/database/triggers/game-triggers.test.ts > Game System Triggers > trigger_update_player_combat_stats > should increment total_combats and wins on victory
Unknown Error: duplicate key value violates unique constraint "profiles_pkey"
⎯⎯⎯⎯⎯⎯⎯⎯⎯⎯⎯⎯⎯⎯⎯⎯⎯⎯⎯⎯⎯[38/201]⎯

 FAIL  |server| tests/database/triggers/game-triggers.test.ts > Game System Triggers > trigger_update_player_combat_stats > should increment total_combats and losses on defeat
Unknown Error: duplicate key value violates unique constraint "profiles_pkey"
⎯⎯⎯⎯⎯⎯⎯⎯⎯⎯⎯⎯⎯⎯⎯⎯⎯⎯⎯⎯⎯[39/201]⎯

 FAIL  |server| tests/database/triggers/game-triggers.test.ts > Game System Triggers > trigger_ensure_single_active_deck (WHEN clause) > should deactivate other decks when setting a deck to active
Unknown Error: duplicate key value violates unique constraint "profiles_pkey"
⎯⎯⎯⎯⎯⎯⎯⎯⎯⎯⎯⎯⎯⎯⎯⎯⎯⎯⎯⎯⎯[40/201]⎯

 FAIL  |server| tests/database/triggers/game-triggers.test.ts > Game System Triggers > trigger_ensure_single_active_deck (WHEN clause) > should only fire when is_active changes to true (WHEN clause)
Unknown Error: duplicate key value violates unique constraint "profiles_pkey"
⎯⎯⎯⎯⎯⎯⎯⎯⎯⎯⎯⎯⎯⎯⎯⎯⎯⎯⎯⎯⎯[41/201]⎯

 FAIL  |server| tests/database/triggers/messaging-triggers.test.ts > Private Messaging Triggers > trigger_update_message_search_index > should create search index entry when message is inserted
Unknown Error: duplicate key value violates unique constraint "profiles_pkey"
⎯⎯⎯⎯⎯⎯⎯⎯⎯⎯⎯⎯⎯⎯⎯⎯⎯⎯⎯⎯⎯[42/201]⎯

 FAIL  |server| tests/database/triggers/messaging-triggers.test.ts > Private Messaging Triggers > trigger_update_message_search_index > should populate TSVector fields for full-text search
Unknown Error: duplicate key value violates unique constraint "profiles_pkey"
⎯⎯⎯⎯⎯⎯⎯⎯⎯⎯⎯⎯⎯⎯⎯⎯⎯⎯⎯⎯⎯[43/201]⎯

 FAIL  |server| tests/database/triggers/messaging-triggers.test.ts > Private Messaging Triggers > trigger_update_message_search_index > should update search index when message is updated
Unknown Error: duplicate key value violates unique constraint "profiles_pkey"
⎯⎯⎯⎯⎯⎯⎯⎯⎯⎯⎯⎯⎯⎯⎯⎯⎯⎯⎯⎯⎯[44/201]⎯

 FAIL  |server| tests/database/triggers/messaging-triggers.test.ts > Private Messaging Triggers > trigger_update_message_search_index > should handle empty subject and content gracefully with COALESCE
Unknown Error: duplicate key value violates unique constraint "profiles_pkey"
⎯⎯⎯⎯⎯⎯⎯⎯⎯⎯⎯⎯⎯⎯⎯⎯⎯⎯⎯⎯⎯[45/201]⎯

 FAIL  |server| tests/database/triggers/messaging-triggers.test.ts > Private Messaging Triggers > trigger_update_message_search_index > should populate sender info correctly from profiles table
Unknown Error: duplicate key value violates unique constraint "profiles_pkey"
⎯⎯⎯⎯⎯⎯⎯⎯⎯⎯⎯⎯⎯⎯⎯⎯⎯⎯⎯⎯⎯[46/201]⎯

 FAIL  |server| tests/database/triggers/messaging-triggers.test.ts > Private Messaging Triggers > trigger_update_message_search_index > should set has_attachments to false when no attachments exist
Unknown Error: duplicate key value violates unique constraint "profiles_pkey"
⎯⎯⎯⎯⎯⎯⎯⎯⎯⎯⎯⎯⎯⎯⎯⎯⎯⎯⎯⎯⎯[47/201]⎯

 FAIL  |server| tests/database/triggers/messaging-triggers.test.ts > Private Messaging Triggers > trigger_update_message_search_index > should store correct recipient_count from message
Unknown Error: duplicate key value violates unique constraint "profiles_pkey"
⎯⎯⎯⎯⎯⎯⎯⎯⎯⎯⎯⎯⎯⎯⎯⎯⎯⎯⎯⎯⎯[48/201]⎯

 FAIL  |server| tests/database/triggers/messaging-triggers.test.ts > Private Messaging Triggers > trigger_update_search_index_on_attachment > should update has_attachments flag when attachment is added
Unknown Error: duplicate key value violates unique constraint "profiles_pkey"
⎯⎯⎯⎯⎯⎯⎯⎯⎯⎯⎯⎯⎯⎯⎯⎯⎯⎯⎯⎯⎯[49/201]⎯

 FAIL  |server| tests/database/triggers/messaging-triggers.test.ts > Private Messaging Triggers > trigger_update_search_index_on_attachment > should update search index even when multiple attachments are added
Unknown Error: duplicate key value violates unique constraint "profiles_pkey"
⎯⎯⎯⎯⎯⎯⎯⎯⎯⎯⎯⎯⎯⎯⎯⎯⎯⎯⎯⎯⎯[50/201]⎯

 FAIL  |server| tests/database/triggers/messaging-triggers.test.ts > Private Messaging Triggers > trigger_update_folder_count_on_insert > should increment folder message count when message is added to folder
Unknown Error: duplicate key value violates unique constraint "profiles_pkey"
⎯⎯⎯⎯⎯⎯⎯⎯⎯⎯⎯⎯⎯⎯⎯⎯⎯⎯⎯⎯⎯[51/201]⎯

 FAIL  |server| tests/database/triggers/messaging-triggers.test.ts > Private Messaging Triggers > trigger_update_folder_count_on_insert > should not increment count if folder_id is NULL
Unknown Error: duplicate key value violates unique constraint "profiles_pkey"
⎯⎯⎯⎯⎯⎯⎯⎯⎯⎯⎯⎯⎯⎯⎯⎯⎯⎯⎯⎯⎯[52/201]⎯

 FAIL  |server| tests/database/triggers/messaging-triggers.test.ts > Private Messaging Triggers > trigger_update_folder_count_on_update > should adjust folder counts when message is moved between folders
Unknown Error: duplicate key value violates unique constraint "profiles_pkey"
⎯⎯⎯⎯⎯⎯⎯⎯⎯⎯⎯⎯⎯⎯⎯⎯⎯⎯⎯⎯⎯[53/201]⎯

 FAIL  |server| tests/database/triggers/messaging-triggers.test.ts > Private Messaging Triggers > trigger_update_folder_count_on_update > should only fire when folder_id changes (WHEN clause)
Unknown Error: duplicate key value violates unique constraint "profiles_pkey"
⎯⎯⎯⎯⎯⎯⎯⎯⎯⎯⎯⎯⎯⎯⎯⎯⎯⎯⎯⎯⎯[54/201]⎯

 FAIL  |server| tests/database/triggers/messaging-triggers.test.ts > Private Messaging Triggers > trigger_update_folder_count_on_update > should handle moving from folder to NULL (no folder)
Unknown Error: duplicate key value violates unique constraint "profiles_pkey"
⎯⎯⎯⎯⎯⎯⎯⎯⎯⎯⎯⎯⎯⎯⎯⎯⎯⎯⎯⎯⎯[55/201]⎯

 FAIL  |server| tests/database/triggers/messaging-triggers.test.ts > Private Messaging Triggers > trigger_update_folder_count_on_delete > should decrement folder count when inbox entry is deleted
Unknown Error: duplicate key value violates unique constraint "profiles_pkey"
⎯⎯⎯⎯⎯⎯⎯⎯⎯⎯⎯⎯⎯⎯⎯⎯⎯⎯⎯⎯⎯[56/201]⎯

 FAIL  |server| tests/database/triggers/messaging-triggers.test.ts > Private Messaging Triggers > trigger_update_folder_count_on_delete > should use GREATEST to prevent negative counts
Unknown Error: duplicate key value violates unique constraint "profiles_pkey"
⎯⎯⎯⎯⎯⎯⎯⎯⎯⎯⎯⎯⎯⎯⎯⎯⎯⎯⎯⎯⎯[57/201]⎯

 FAIL  |server| tests/database/triggers/messaging-triggers.test.ts > Private Messaging Triggers > enforce_max_attachments (BEFORE INSERT) > should allow up to 3 attachments per message
Unknown Error: duplicate key value violates unique constraint "profiles_pkey"
⎯⎯⎯⎯⎯⎯⎯⎯⎯⎯⎯⎯⎯⎯⎯⎯⎯⎯⎯⎯⎯[58/201]⎯

 FAIL  |server| tests/database/triggers/messaging-triggers.test.ts > Private Messaging Triggers > enforce_max_attachments (BEFORE INSERT) > should raise exception when trying to add 4th attachment
Unknown Error: duplicate key value violates unique constraint "profiles_pkey"
⎯⎯⎯⎯⎯⎯⎯⎯⎯⎯⎯⎯⎯⎯⎯⎯⎯⎯⎯⎯⎯[59/201]⎯

 FAIL  |server| tests/database/triggers/messaging-triggers.test.ts > Private Messaging Triggers > enforce_max_attachments (BEFORE INSERT) > should check count BEFORE insert (not after)
Unknown Error: duplicate key value violates unique constraint "profiles_pkey"
⎯⎯⎯⎯⎯⎯⎯⎯⎯⎯⎯⎯⎯⎯⎯⎯⎯⎯⎯⎯⎯[60/201]⎯

 FAIL  |server| tests/database/triggers/messaging-triggers.test.ts > Private Messaging Triggers > enforce_max_attachments (BEFORE INSERT) > should allow 3 attachments on different messages independently
Unknown Error: duplicate key value violates unique constraint "profiles_pkey"
⎯⎯⎯⎯⎯⎯⎯⎯⎯⎯⎯⎯⎯⎯⎯⎯⎯⎯⎯⎯⎯[61/201]⎯

 FAIL  |server| tests/database/triggers/profile-triggers.test.ts > Profile Triggers > on_auth_user_created → handle_new_user() > should create profile when user signs up via Supabase Auth
AssertionError: expected { code: 'PGRST116', …(3) } to be null

[32m- Expected:[39m 
null

[31m+ Received:[39m 
{
  "code": "PGRST116",
  "details": "The result contains 0 rows",
  "hint": null,
  "message": "Cannot coerce the result to a single JSON object",
}

 ❯ tests/database/triggers/profile-triggers.test.ts:64:25
     62|     .single();
     63| 
     64|    expect(profileError).toBeNull();
       |                         ^
     65|    expect(profile).toBeDefined();
     66|    expect(profile?.id).toBe(userId);

⎯⎯⎯⎯⎯⎯⎯⎯⎯⎯⎯⎯⎯⎯⎯⎯⎯⎯⎯⎯⎯[62/201]⎯

 FAIL  |server| tests/database/triggers/profile-triggers.test.ts > Profile Triggers > on_auth_user_created → handle_new_user() > should handle missing full_name metadata gracefully
AssertionError: expected undefined to be 'f536e049-de61-415c-a46f-0421ff6837f2@…' // Object.is equality

[32m- Expected:[39m 
"f536e049-de61-415c-a46f-0421ff6837f2@test.com"

[31m+ Received:[39m 
undefined

 ❯ tests/database/triggers/profile-triggers.test.ts:94:31
     92| 
     93|    expect(profile).toBeDefined();
     94|    expect(profile?.full_name).toBe(userEmail); // COALESCE fallback
       |                               ^
     95|   });
     96| 

⎯⎯⎯⎯⎯⎯⎯⎯⎯⎯⎯⎯⎯⎯⎯⎯⎯⎯⎯⎯⎯[63/201]⎯

 FAIL  |server| tests/database/triggers/profile-triggers.test.ts > Profile Triggers > on_auth_user_created → handle_new_user() > should handle duplicate profile attempt gracefully (ON CONFLICT)
Unknown Error: duplicate key value violates unique constraint "profiles_pkey"
⎯⎯⎯⎯⎯⎯⎯⎯⎯⎯⎯⎯⎯⎯⎯⎯⎯⎯⎯⎯⎯[64/201]⎯

 FAIL  |server| tests/database/triggers/profile-triggers.test.ts > Profile Triggers > on_auth_user_created → handle_new_user() > should not fail user creation even if profile creation fails
AssertionError: expected { code: 'PGRST205', …(3) } to be null

[32m- Expected:[39m 
null

[31m+ Received:[39m 
{
  "code": "PGRST205",
  "details": null,
  "hint": "Perhaps you meant the table 'public.user_folders'",
  "message": "Could not find the table 'public.users' in the schema cache",
}

 ❯ tests/database/triggers/profile-triggers.test.ts:135:22
    133| 
    134|    // Assert: Auth user creation should succeed even if profile fails
    135|    expect(authError).toBeNull();
       |                      ^
    136|   });
    137|  });

⎯⎯⎯⎯⎯⎯⎯⎯⎯⎯⎯⎯⎯⎯⎯⎯⎯⎯⎯⎯⎯[65/201]⎯

 FAIL  |server| tests/database/triggers/profile-triggers.test.ts > Profile Triggers > update_profiles_updated_at (BEFORE UPDATE) > should update updated_at timestamp when profile is updated
Unknown Error: duplicate key value violates unique constraint "profiles_pkey"
⎯⎯⎯⎯⎯⎯⎯⎯⎯⎯⎯⎯⎯⎯⎯⎯⎯⎯⎯⎯⎯[66/201]⎯

 FAIL  |server| tests/database/triggers/profile-triggers.test.ts > Profile Triggers > update_profiles_updated_at (BEFORE UPDATE) > should set updated_at to NOW() on each update
Unknown Error: duplicate key value violates unique constraint "profiles_pkey"
⎯⎯⎯⎯⎯⎯⎯⎯⎯⎯⎯⎯⎯⎯⎯⎯⎯⎯⎯⎯⎯[67/201]⎯

 FAIL  |server| tests/database/triggers/profile-triggers.test.ts > Profile Triggers > update_profiles_updated_at (BEFORE UPDATE) > should not modify updated_at on INSERT
Unknown Error: duplicate key value violates unique constraint "profiles_pkey"
⎯⎯⎯⎯⎯⎯⎯⎯⎯⎯⎯⎯⎯⎯⎯⎯⎯⎯⎯⎯⎯[68/201]⎯

 FAIL  |server| tests/database/triggers/sync-triggers.test.ts > Class Synchronization Triggers > sync_class_members_insert > should add class_id to profiles.class_ids when student joins class
Unknown Error: duplicate key value violates unique constraint "profiles_pkey"
⎯⎯⎯⎯⎯⎯⎯⎯⎯⎯⎯⎯⎯⎯⎯⎯⎯⎯⎯⎯⎯[69/201]⎯

 FAIL  |server| tests/database/triggers/sync-triggers.test.ts > Class Synchronization Triggers > sync_class_members_insert > should handle multiple class memberships correctly (array operations)
Unknown Error: duplicate key value violates unique constraint "profiles_pkey"
⎯⎯⎯⎯⎯⎯⎯⎯⎯⎯⎯⎯⎯⎯⎯⎯⎯⎯⎯⎯⎯[70/201]⎯

 FAIL  |server| tests/database/triggers/sync-triggers.test.ts > Class Synchronization Triggers > sync_class_members_insert > should maintain array uniqueness (no duplicates)
Unknown Error: duplicate key value violates unique constraint "profiles_pkey"
⎯⎯⎯⎯⎯⎯⎯⎯⎯⎯⎯⎯⎯⎯⎯⎯⎯⎯⎯⎯⎯[71/201]⎯

 FAIL  |server| tests/database/triggers/sync-triggers.test.ts > Class Synchronization Triggers > sync_class_members_insert > should only affect the specific student being added to class
Unknown Error: duplicate key value violates unique constraint "profiles_pkey"
⎯⎯⎯⎯⎯⎯⎯⎯⎯⎯⎯⎯⎯⎯⎯⎯⎯⎯⎯⎯⎯[72/201]⎯

 FAIL  |server| tests/database/triggers/sync-triggers.test.ts > Class Synchronization Triggers > sync_class_members_delete > should remove class_id from profiles.class_ids when student leaves class
Unknown Error: duplicate key value violates unique constraint "profiles_pkey"
⎯⎯⎯⎯⎯⎯⎯⎯⎯⎯⎯⎯⎯⎯⎯⎯⎯⎯⎯⎯⎯[73/201]⎯

 FAIL  |server| tests/database/triggers/sync-triggers.test.ts > Class Synchronization Triggers > sync_class_members_delete > should remove only the deleted class, keeping other classes
Unknown Error: duplicate key value violates unique constraint "profiles_pkey"
⎯⎯⎯⎯⎯⎯⎯⎯⎯⎯⎯⎯⎯⎯⎯⎯⎯⎯⎯⎯⎯[74/201]⎯

 FAIL  |server| tests/database/triggers/sync-triggers.test.ts > Class Synchronization Triggers > sync_class_members_delete > should set class_ids to empty array when last class is removed
Unknown Error: duplicate key value violates unique constraint "profiles_pkey"
⎯⎯⎯⎯⎯⎯⎯⎯⎯⎯⎯⎯⎯⎯⎯⎯⎯⎯⎯⎯⎯[75/201]⎯

 FAIL  |server| tests/database/triggers/sync-triggers.test.ts > Class Synchronization Triggers > sync_class_members_delete > should only affect the specific student being removed from class
Unknown Error: duplicate key value violates unique constraint "profiles_pkey"
⎯⎯⎯⎯⎯⎯⎯⎯⎯⎯⎯⎯⎯⎯⎯⎯⎯⎯⎯⎯⎯[76/201]⎯

 FAIL  |server| tests/database/triggers/sync-triggers.test.ts > Class Synchronization Triggers > Bidirectional Synchronization (INSERT + DELETE) > should handle rapid add/remove cycles correctly
Unknown Error: duplicate key value violates unique constraint "profiles_pkey"
⎯⎯⎯⎯⎯⎯⎯⎯⎯⎯⎯⎯⎯⎯⎯⎯⎯⎯⎯⎯⎯[77/201]⎯

 FAIL  |server| tests/database/triggers/sync-triggers.test.ts > Class Synchronization Triggers > Bidirectional Synchronization (INSERT + DELETE) > should keep class_ids synchronized with class_members as source of truth
Unknown Error: duplicate key value violates unique constraint "profiles_pkey"
⎯⎯⎯⎯⎯⎯⎯⎯⎯⎯⎯⎯⎯⎯⎯⎯⎯⎯⎯⎯⎯[78/201]⎯

 FAIL  |server| tests/database/triggers/template-triggers.test.ts > Template Version History Triggers > trigger_save_template_version (BEFORE UPDATE) > should create version history when title changes
TypeError: Cannot read properties of null (reading 'id')
 ❯ createTemplate tests/database/triggers/template-triggers.test.ts:69:29
     67|    .from('message_templates')
     68|    .insert({
     69|     created_by: testTeacher.id,
       |                             ^
     70|     title: 'Test Template',
     71|     subject_template: 'Test Subject',
 ❯ tests/database/triggers/template-triggers.test.ts:101:27

⎯⎯⎯⎯⎯⎯⎯⎯⎯⎯⎯⎯⎯⎯⎯⎯⎯⎯⎯⎯⎯[79/201]⎯

 FAIL  |server| tests/database/triggers/template-triggers.test.ts > Template Version History Triggers > trigger_save_template_version (BEFORE UPDATE) > should create version history when subject_template changes
TypeError: Cannot read properties of null (reading 'id')
 ❯ createTemplate tests/database/triggers/template-triggers.test.ts:69:29
     67|    .from('message_templates')
     68|    .insert({
     69|     created_by: testTeacher.id,
       |                             ^
     70|     title: 'Test Template',
     71|     subject_template: 'Test Subject',
 ❯ tests/database/triggers/template-triggers.test.ts:127:27

⎯⎯⎯⎯⎯⎯⎯⎯⎯⎯⎯⎯⎯⎯⎯⎯⎯⎯⎯⎯⎯[80/201]⎯

 FAIL  |server| tests/database/triggers/template-triggers.test.ts > Template Version History Triggers > trigger_save_template_version (BEFORE UPDATE) > should create version history when body_template changes
TypeError: Cannot read properties of null (reading 'id')
 ❯ createTemplate tests/database/triggers/template-triggers.test.ts:69:29
     67|    .from('message_templates')
     68|    .insert({
     69|     created_by: testTeacher.id,
       |                             ^
     70|     title: 'Test Template',
     71|     subject_template: 'Test Subject',
 ❯ tests/database/triggers/template-triggers.test.ts:149:27

⎯⎯⎯⎯⎯⎯⎯⎯⎯⎯⎯⎯⎯⎯⎯⎯⎯⎯⎯⎯⎯[81/201]⎯

 FAIL  |server| tests/database/triggers/template-triggers.test.ts > Template Version History Triggers > trigger_save_template_version (BEFORE UPDATE) > should create version history when variables change
TypeError: Cannot read properties of null (reading 'id')
 ❯ createTemplate tests/database/triggers/template-triggers.test.ts:69:29
     67|    .from('message_templates')
     68|    .insert({
     69|     created_by: testTeacher.id,
       |                             ^
     70|     title: 'Test Template',
     71|     subject_template: 'Test Subject',
 ❯ tests/database/triggers/template-triggers.test.ts:176:27

⎯⎯⎯⎯⎯⎯⎯⎯⎯⎯⎯⎯⎯⎯⎯⎯⎯⎯⎯⎯⎯[82/201]⎯

 FAIL  |server| tests/database/triggers/template-triggers.test.ts > Template Version History Triggers > trigger_save_template_version (BEFORE UPDATE) > should NOT create version when non-tracked fields change
TypeError: Cannot read properties of null (reading 'id')
 ❯ createTemplate tests/database/triggers/template-triggers.test.ts:69:29
     67|    .from('message_templates')
     68|    .insert({
     69|     created_by: testTeacher.id,
       |                             ^
     70|     title: 'Test Template',
     71|     subject_template: 'Test Subject',
 ❯ tests/database/triggers/template-triggers.test.ts:201:27

⎯⎯⎯⎯⎯⎯⎯⎯⎯⎯⎯⎯⎯⎯⎯⎯⎯⎯⎯⎯⎯[83/201]⎯

 FAIL  |server| tests/database/triggers/template-triggers.test.ts > Template Version History Triggers > trigger_save_template_version (BEFORE UPDATE) > should track multiple versions over time
TypeError: Cannot read properties of null (reading 'id')
 ❯ createTemplate tests/database/triggers/template-triggers.test.ts:69:29
     67|    .from('message_templates')
     68|    .insert({
     69|     created_by: testTeacher.id,
       |                             ^
     70|     title: 'Test Template',
     71|     subject_template: 'Test Subject',
 ❯ tests/database/triggers/template-triggers.test.ts:221:27

⎯⎯⎯⎯⎯⎯⎯⎯⎯⎯⎯⎯⎯⎯⎯⎯⎯⎯⎯⎯⎯[84/201]⎯

 FAIL  |server| tests/database/triggers/template-triggers.test.ts > Template Version History Triggers > trigger_save_template_version (BEFORE UPDATE) > should preserve all template fields in version snapshot
TypeError: Cannot read properties of null (reading 'id')
 ❯ createTemplate tests/database/triggers/template-triggers.test.ts:69:29
     67|    .from('message_templates')
     68|    .insert({
     69|     created_by: testTeacher.id,
       |                             ^
     70|     title: 'Test Template',
     71|     subject_template: 'Test Subject',
 ❯ tests/database/triggers/template-triggers.test.ts:276:27

⎯⎯⎯⎯⎯⎯⎯⎯⎯⎯⎯⎯⎯⎯⎯⎯⎯⎯⎯⎯⎯[85/201]⎯

 FAIL  |server| tests/database/triggers/template-triggers.test.ts > Template Version History Triggers > trigger_save_template_version (BEFORE UPDATE) > should handle simultaneous updates to multiple tracked fields
TypeError: Cannot read properties of null (reading 'id')
 ❯ createTemplate tests/database/triggers/template-triggers.test.ts:69:29
     67|    .from('message_templates')
     68|    .insert({
     69|     created_by: testTeacher.id,
       |                             ^
     70|     title: 'Test Template',
     71|     subject_template: 'Test Subject',
 ❯ tests/database/triggers/template-triggers.test.ts:311:27

⎯⎯⎯⎯⎯⎯⎯⎯⎯⎯⎯⎯⎯⎯⎯⎯⎯⎯⎯⎯⎯[86/201]⎯

 FAIL  |server| tests/database/triggers/template-triggers.test.ts > Template Version History Triggers > Edge cases > should handle NULL to non-NULL transitions
TypeError: Cannot read properties of null (reading 'id')
 ❯ createTemplate tests/database/triggers/template-triggers.test.ts:69:29
     67|    .from('message_templates')
     68|    .insert({
     69|     created_by: testTeacher.id,
       |                             ^
     70|     title: 'Test Template',
     71|     subject_template: 'Test Subject',
 ❯ tests/database/triggers/template-triggers.test.ts:343:27

⎯⎯⎯⎯⎯⎯⎯⎯⎯⎯⎯⎯⎯⎯⎯⎯⎯⎯⎯⎯⎯[87/201]⎯

 FAIL  |server| tests/database/triggers/template-triggers.test.ts > Template Version History Triggers > Edge cases > should handle empty arrays in variables
TypeError: Cannot read properties of null (reading 'id')
 ❯ createTemplate tests/database/triggers/template-triggers.test.ts:69:29
     67|    .from('message_templates')
     68|    .insert({
     69|     created_by: testTeacher.id,
       |                             ^
     70|     title: 'Test Template',
     71|     subject_template: 'Test Subject',
 ❯ tests/database/triggers/template-triggers.test.ts:365:27

⎯⎯⎯⎯⎯⎯⎯⎯⎯⎯⎯⎯⎯⎯⎯⎯⎯⎯⎯⎯⎯[88/201]⎯

 FAIL  |server| tests/database/triggers/template-triggers.test.ts > Template Version History Triggers > Edge cases > should handle rapid successive updates with version numbering
TypeError: Cannot read properties of null (reading 'id')
 ❯ createTemplate tests/database/triggers/template-triggers.test.ts:69:29
     67|    .from('message_templates')
     68|    .insert({
     69|     created_by: testTeacher.id,
       |                             ^
     70|     title: 'Test Template',
     71|     subject_template: 'Test Subject',
 ❯ tests/database/triggers/template-triggers.test.ts:387:27

⎯⎯⎯⎯⎯⎯⎯⎯⎯⎯⎯⎯⎯⎯⎯⎯⎯⎯⎯⎯⎯[89/201]⎯

 FAIL  |server| tests/database/triggers/template-triggers.test.ts > Template Version History Triggers > Integration with template operations > should maintain version history when template is updated via UI workflow
TypeError: Cannot read properties of null (reading 'id')
 ❯ createTemplate tests/database/triggers/template-triggers.test.ts:69:29
     67|    .from('message_templates')
     68|    .insert({
     69|     created_by: testTeacher.id,
       |                             ^
     70|     title: 'Test Template',
     71|     subject_template: 'Test Subject',
 ❯ tests/database/triggers/template-triggers.test.ts:419:27

⎯⎯⎯⎯⎯⎯⎯⎯⎯⎯⎯⎯⎯⎯⎯⎯⎯⎯⎯⎯⎯[90/201]⎯

 FAIL  |server| tests/database/triggers/template-triggers.test.ts > Template Version History Triggers > Integration with template operations > should NOT create version on INSERT
TypeError: Cannot read properties of null (reading 'id')
 ❯ createTemplate tests/database/triggers/template-triggers.test.ts:69:29
     67|    .from('message_templates')
     68|    .insert({
     69|     created_by: testTeacher.id,
       |                             ^
     70|     title: 'Test Template',
     71|     subject_template: 'Test Subject',
 ❯ tests/database/triggers/template-triggers.test.ts:466:27

⎯⎯⎯⎯⎯⎯⎯⎯⎯⎯⎯⎯⎯⎯⎯⎯⎯⎯⎯⎯⎯[91/201]⎯

 FAIL  |server| tests/database/triggers/updated-at-triggers.test.ts > Updated_at Triggers (Parameterized) > 'profiles' table > should set updated_at to NOW() when record is updated
Unknown Error: duplicate key value violates unique constraint "profiles_pkey"
⎯⎯⎯⎯⎯⎯⎯⎯⎯⎯⎯⎯⎯⎯⎯⎯⎯⎯⎯⎯⎯[92/201]⎯

 FAIL  |server| tests/database/triggers/updated-at-triggers.test.ts > Updated_at Triggers (Parameterized) > 'profiles' table > should update updated_at on every UPDATE
Unknown Error: duplicate key value violates unique constraint "profiles_pkey"
⎯⎯⎯⎯⎯⎯⎯⎯⎯⎯⎯⎯⎯⎯⎯⎯⎯⎯⎯⎯⎯[93/201]⎯

 FAIL  |server| tests/database/triggers/updated-at-triggers.test.ts > Updated_at Triggers (Parameterized) > 'profiles' table > should NOT set updated_at on INSERT
Unknown Error: duplicate key value violates unique constraint "profiles_pkey"
⎯⎯⎯⎯⎯⎯⎯⎯⎯⎯⎯⎯⎯⎯⎯⎯⎯⎯⎯⎯⎯[94/201]⎯

 FAIL  |server| tests/database/triggers/updated-at-triggers.test.ts > Updated_at Triggers (Parameterized) > 'classes' table > should set updated_at to NOW() when record is updated
Unknown Error: duplicate key value violates unique constraint "profiles_pkey"
⎯⎯⎯⎯⎯⎯⎯⎯⎯⎯⎯⎯⎯⎯⎯⎯⎯⎯⎯⎯⎯[95/201]⎯

 FAIL  |server| tests/database/triggers/updated-at-triggers.test.ts > Updated_at Triggers (Parameterized) > 'classes' table > should update updated_at on every UPDATE
Unknown Error: duplicate key value violates unique constraint "profiles_pkey"
⎯⎯⎯⎯⎯⎯⎯⎯⎯⎯⎯⎯⎯⎯⎯⎯⎯⎯⎯⎯⎯[96/201]⎯

 FAIL  |server| tests/database/triggers/updated-at-triggers.test.ts > Updated_at Triggers (Parameterized) > 'classes' table > should NOT set updated_at on INSERT
Unknown Error: duplicate key value violates unique constraint "profiles_pkey"
⎯⎯⎯⎯⎯⎯⎯⎯⎯⎯⎯⎯⎯⎯⎯⎯⎯⎯⎯⎯⎯[97/201]⎯

 FAIL  |server| tests/database/triggers/updated-at-triggers.test.ts > Updated_at Triggers (Parameterized) > 'exercises' table > should set updated_at to NOW() when record is updated
Unknown Error: insert or update on table "profiles" violates foreign key constraint "profiles_id_fkey"
⎯⎯⎯⎯⎯⎯⎯⎯⎯⎯⎯⎯⎯⎯⎯⎯⎯⎯⎯⎯⎯[98/201]⎯

 FAIL  |server| tests/database/triggers/updated-at-triggers.test.ts > Updated_at Triggers (Parameterized) > 'exercises' table > should update updated_at on every UPDATE
Unknown Error: insert or update on table "profiles" violates foreign key constraint "profiles_id_fkey"
⎯⎯⎯⎯⎯⎯⎯⎯⎯⎯⎯⎯⎯⎯⎯⎯⎯⎯⎯⎯⎯[99/201]⎯

 FAIL  |server| tests/database/triggers/updated-at-triggers.test.ts > Updated_at Triggers (Parameterized) > 'exercises' table > should NOT set updated_at on INSERT
Unknown Error: duplicate key value violates unique constraint "profiles_pkey"
⎯⎯⎯⎯⎯⎯⎯⎯⎯⎯⎯⎯⎯⎯⎯⎯⎯⎯⎯⎯[100/201]⎯

 FAIL  |server| tests/database/triggers/updated-at-triggers.test.ts > Updated_at Triggers (Parameterized) > 'private_messages' table > should set updated_at to NOW() when record is updated
Unknown Error: duplicate key value violates unique constraint "profiles_pkey"
⎯⎯⎯⎯⎯⎯⎯⎯⎯⎯⎯⎯⎯⎯⎯⎯⎯⎯⎯⎯[101/201]⎯

 FAIL  |server| tests/database/triggers/updated-at-triggers.test.ts > Updated_at Triggers (Parameterized) > 'private_messages' table > should update updated_at on every UPDATE
Unknown Error: duplicate key value violates unique constraint "profiles_pkey"
⎯⎯⎯⎯⎯⎯⎯⎯⎯⎯⎯⎯⎯⎯⎯⎯⎯⎯⎯⎯[102/201]⎯

 FAIL  |server| tests/database/triggers/updated-at-triggers.test.ts > Updated_at Triggers (Parameterized) > 'private_messages' table > should NOT set updated_at on INSERT
Unknown Error: duplicate key value violates unique constraint "profiles_pkey"
⎯⎯⎯⎯⎯⎯⎯⎯⎯⎯⎯⎯⎯⎯⎯⎯⎯⎯⎯⎯[103/201]⎯

 FAIL  |server| tests/database/triggers/updated-at-triggers.test.ts > Updated_at Triggers (Parameterized) > Edge cases > should handle rapid successive updates correctly
Unknown Error: duplicate key value violates unique constraint "profiles_pkey"
⎯⎯⎯⎯⎯⎯⎯⎯⎯⎯⎯⎯⎯⎯⎯⎯⎯⎯⎯⎯[104/201]⎯

 FAIL  |server| tests/database/triggers/updated-at-triggers.test.ts > Updated_at Triggers (Parameterized) > Edge cases > should handle NULL field updates correctly
Unknown Error: duplicate key value violates unique constraint "profiles_pkey"
⎯⎯⎯⎯⎯⎯⎯⎯⎯⎯⎯⎯⎯⎯⎯⎯⎯⎯⎯⎯[105/201]⎯

 FAIL  |server| tests/database/triggers/updated-at-triggers.test.ts > Updated_at Triggers (Parameterized) > Performance > should handle bulk updates efficiently
Unknown Error: duplicate key value violates unique constraint "profiles_pkey"
⎯⎯⎯⎯⎯⎯⎯⎯⎯⎯⎯⎯⎯⎯⎯⎯⎯⎯⎯⎯[106/201]⎯

 FAIL  |server| tests/unit/utils/academic-period.test.ts > isDateInPeriod > should return true for date within period
TypeError: (0 , isDateInPeriod) is not a function
 ❯ tests/unit/utils/academic-period.test.ts:211:10
    209| 
    210|  it('should return true for date within period', () => {
    211|   expect(isDateInPeriod('2024-10-15', period)).toBe(true);
       |          ^
    212|  });
    213| 

⎯⎯⎯⎯⎯⎯⎯⎯⎯⎯⎯⎯⎯⎯⎯⎯⎯⎯⎯⎯[107/201]⎯

 FAIL  |server| tests/unit/utils/academic-period.test.ts > isDateInPeriod > should return false for date before period
TypeError: (0 , isDateInPeriod) is not a function
 ❯ tests/unit/utils/academic-period.test.ts:215:10
    213| 
    214|  it('should return false for date before period', () => {
    215|   expect(isDateInPeriod('2024-08-15', period)).toBe(false);
       |          ^
    216|  });
    217| 

⎯⎯⎯⎯⎯⎯⎯⎯⎯⎯⎯⎯⎯⎯⎯⎯⎯⎯⎯⎯[108/201]⎯

 FAIL  |server| tests/unit/utils/academic-period.test.ts > isDateInPeriod > should return false for date after period
TypeError: (0 , isDateInPeriod) is not a function
 ❯ tests/unit/utils/academic-period.test.ts:219:10
    217| 
    218|  it('should return false for date after period', () => {
    219|   expect(isDateInPeriod('2024-12-20', period)).toBe(false);
       |          ^
    220|  });
    221| 

⎯⎯⎯⎯⎯⎯⎯⎯⎯⎯⎯⎯⎯⎯⎯⎯⎯⎯⎯⎯[109/201]⎯

 FAIL  |server| tests/unit/utils/academic-period.test.ts > isDateInPeriod > should handle Date objects
TypeError: (0 , isDateInPeriod) is not a function
 ❯ tests/unit/utils/academic-period.test.ts:224:10
    222|  it('should handle Date objects', () => {
    223|   const date = new Date('2024-10-15');
    224|   expect(isDateInPeriod(date, period)).toBe(true);
       |          ^
    225|  });
    226| });

⎯⎯⎯⎯⎯⎯⎯⎯⎯⎯⎯⎯⎯⎯⎯⎯⎯⎯⎯⎯[110/201]⎯

 FAIL  |server| tests/unit/utils/academic-period.test.ts > getPeriodsForYear > should filter periods by school year
TypeError: (0 , getPeriodsForYear) is not a function
 ❯ tests/unit/utils/academic-period.test.ts:272:18
    270|   ];
    271| 
    272|   const result = getPeriodsForYear(periods, 'year-2024');
       |                  ^
    273|   expect(result).toHaveLength(2);
    274|   expect(result.map((p) => p.id)).toEqual(['period-1', 'period-2']);

⎯⎯⎯⎯⎯⎯⎯⎯⎯⎯⎯⎯⎯⎯⎯⎯⎯⎯⎯⎯[111/201]⎯

 FAIL  |server| tests/unit/utils/academic-period.test.ts > getPeriodsForYear > should return empty array when no periods match
TypeError: (0 , getPeriodsForYear) is not a function
 ❯ tests/unit/utils/academic-period.test.ts:294:18
    292|   ];
    293| 
    294|   const result = getPeriodsForYear(periods, 'year-2023');
       |                  ^
    295|   expect(result).toHaveLength(0);
    296|  });

⎯⎯⎯⎯⎯⎯⎯⎯⎯⎯⎯⎯⎯⎯⎯⎯⎯⎯⎯⎯[112/201]⎯

 FAIL  |server| src/routes/api/assessments/api-routes.test.ts > POST /api/assessments > should reject unauthenticated requests
AssertionError: expected undefined to be 401 // Object.is equality

[32m- Expected:[39m 
401

[31m+ Received:[39m 
undefined

 ❯ src/routes/api/assessments/api-routes.test.ts:97:25
     95|   } catch (err: unknown) {
     96|    const error = err as { status: number; body: { message: string } };
     97|    expect(error.status).toBe(401);
       |                         ^
     98|    expect(error.body.message).toBe('Unauthorized');
     99|   }

⎯⎯⎯⎯⎯⎯⎯⎯⎯⎯⎯⎯⎯⎯⎯⎯⎯⎯⎯⎯[113/201]⎯

 FAIL  |server| src/routes/api/assessments/api-routes.test.ts > POST /api/assessments > should create draft assessment successfully
{
  status: 400,
  body: {
    message: 'Invalid option: expected one of "6eme"|"5eme"|"4eme"|"3eme"|"2nde"|"1ere"|"Terminale"'
  },
  constructor: 'Function<HttpError>',
  toString: 'Function<toString>',
  stacks: []
}
⎯⎯⎯⎯⎯⎯⎯⎯⎯⎯⎯⎯⎯⎯⎯⎯⎯⎯⎯⎯[114/201]⎯

 FAIL  |server| src/routes/api/assessments/api-routes.test.ts > POST /api/assessments > should create published assessment
{
  status: 400,
  body: {
    message: 'Invalid option: expected one of "6eme"|"5eme"|"4eme"|"3eme"|"2nde"|"1ere"|"Terminale"'
  },
  constructor: 'Function<HttpError>',
  toString: 'Function<toString>',
  stacks: []
}
⎯⎯⎯⎯⎯⎯⎯⎯⎯⎯⎯⎯⎯⎯⎯⎯⎯⎯⎯⎯[115/201]⎯

 FAIL  |server| src/routes/api/assessments/api-routes.test.ts > POST /api/assessments > should validate required fields
AssertionError: expected 'Invalid input: expected string, recei…' to be 'Missing required fields' // Object.is equality

Expected: [32m"[7mMiss[27ming re[7mquired fields[27m"[39m
Received: [31m"[7mInvalid input: expected str[27ming[7m,[27m re[7mceived undefined[27m"[39m

 ❯ src/routes/api/assessments/api-routes.test.ts:245:31
    243|    const error = err as { status: number; body: { message: string } };
    244|    expect(error.status).toBe(400);
    245|    expect(error.body.message).toBe('Missing required fields');
       |                               ^
    246|   }
    247|  });

⎯⎯⎯⎯⎯⎯⎯⎯⎯⎯⎯⎯⎯⎯⎯⎯⎯⎯⎯⎯[116/201]⎯

 FAIL  |server| src/routes/api/assessments/api-routes.test.ts > POST /api/assessments > should reject empty categories array
AssertionError: expected 'Invalid option: expected one of "6eme…' to be 'Missing required fields' // Object.is equality

Expected: [32m"Missing required fields"[39m
Received: [31m"Invalid option: expected one of "6eme"|"5eme"|"4eme"|"3eme"|"2nde"|"1ere"|"Terminale""[39m

 ❯ src/routes/api/assessments/api-routes.test.ts:278:31
    276|    const error = err as { status: number; body: { message: string } };
    277|    expect(error.status).toBe(400);
    278|    expect(error.body.message).toBe('Missing required fields');
       |                               ^
    279|   }
    280|  });

⎯⎯⎯⎯⎯⎯⎯⎯⎯⎯⎯⎯⎯⎯⎯⎯⎯⎯⎯⎯[117/201]⎯

 FAIL  |server| src/routes/api/assessments/api-routes.test.ts > POST /api/assessments > should handle database errors
AssertionError: expected 400 to be 500 // Object.is equality

[32m- Expected[39m
[31m+ Received[39m

[32m- 500[39m
[31m+ 400[39m

 ❯ src/routes/api/assessments/api-routes.test.ts:318:25
    316|   } catch (err: unknown) {
    317|    const error = err as { status: number; body: { message: string } };
    318|    expect(error.status).toBe(500);
       |                         ^
    319|    expect(error.body.message).toBe('Failed to create assessment');
    320|   }

⎯⎯⎯⎯⎯⎯⎯⎯⎯⎯⎯⎯⎯⎯⎯⎯⎯⎯⎯⎯[118/201]⎯

 FAIL  |server| src/routes/api/assessments/api-routes.test.ts > GET /api/assessments > should reject unauthenticated requests
AssertionError: expected undefined to be 401 // Object.is equality

[32m- Expected:[39m 
401

[31m+ Received:[39m 
undefined

 ❯ src/routes/api/assessments/api-routes.test.ts:343:25
    341|   } catch (err: unknown) {
    342|    const error = err as { status: number; body: { message: string } };
    343|    expect(error.status).toBe(401);
       |                         ^
    344|    expect(error.body.message).toBe('Unauthorized');
    345|   }

⎯⎯⎯⎯⎯⎯⎯⎯⎯⎯⎯⎯⎯⎯⎯⎯⎯⎯⎯⎯[119/201]⎯

 FAIL  |server| src/routes/api/assessments/api-routes.test.ts > GET /api/assessments > should return all teacher assessments
{
  status: 400,
  body: {
    message: 'Invalid option: expected one of "draft"|"published"|"archived"'
  },
  constructor: 'Function<HttpError>',
  toString: 'Function<toString>',
  stacks: []
}
⎯⎯⎯⎯⎯⎯⎯⎯⎯⎯⎯⎯⎯⎯⎯⎯⎯⎯⎯⎯[120/201]⎯

 FAIL  |server| src/routes/api/assessments/api-routes.test.ts > GET /api/assessments > should filter assessments by status
{
  status: 400,
  body: {
    message: 'Invalid option: expected one of "6eme"|"5eme"|"4eme"|"3eme"|"2nde"|"1ere"|"Terminale"'
  },
  constructor: 'Function<HttpError>',
  toString: 'Function<toString>',
  stacks: []
}
⎯⎯⎯⎯⎯⎯⎯⎯⎯⎯⎯⎯⎯⎯⎯⎯⎯⎯⎯⎯[121/201]⎯

 FAIL  |server| src/routes/api/assessments/api-routes.test.ts > GET /api/assessments > should handle database errors
AssertionError: expected 400 to be 500 // Object.is equality

[32m- Expected[39m
[31m+ Received[39m

[32m- 500[39m
[31m+ 400[39m

 ❯ src/routes/api/assessments/api-routes.test.ts:488:25
    486|   } catch (err: unknown) {
    487|    const error = err as { status: number; body: { message: string } };
    488|    expect(error.status).toBe(500);
       |                         ^
    489|    expect(error.body.message).toBe('Failed to fetch assessments');
    490|   }

⎯⎯⎯⎯⎯⎯⎯⎯⎯⎯⎯⎯⎯⎯⎯⎯⎯⎯⎯⎯[122/201]⎯

 FAIL  |server| src/routes/api/assessments/api-routes.test.ts > GET /api/assessments/[id] > should reject unauthenticated requests
AssertionError: expected undefined to be 401 // Object.is equality

[32m- Expected:[39m 
401

[31m+ Received:[39m 
undefined

 ❯ src/routes/api/assessments/api-routes.test.ts:512:25
    510|   } catch (err: unknown) {
    511|    const error = err as { status: number; body: { message: string } };
    512|    expect(error.status).toBe(401);
       |                         ^
    513|    expect(error.body.message).toBe('Unauthorized');
    514|   }

⎯⎯⎯⎯⎯⎯⎯⎯⎯⎯⎯⎯⎯⎯⎯⎯⎯⎯⎯⎯[123/201]⎯

 FAIL  |server| src/routes/api/assessments/api-routes.test.ts > GET /api/assessments/[id] > should allow teacher to view their own assessment
{
  status: 400,
  body: { message: 'Invalid assessment ID format' },
  constructor: 'Function<HttpError>',
  toString: 'Function<toString>',
  stacks: []
}
⎯⎯⎯⎯⎯⎯⎯⎯⎯⎯⎯⎯⎯⎯⎯⎯⎯⎯⎯⎯[124/201]⎯

 FAIL  |server| src/routes/api/assessments/api-routes.test.ts > GET /api/assessments/[id] > should reject teacher viewing another teacher's assessment
AssertionError: expected 400 to be 403 // Object.is equality

[32m- Expected[39m
[31m+ Received[39m

[32m- 403[39m
[31m+ 400[39m

 ❯ src/routes/api/assessments/api-routes.test.ts:572:25
    570|   } catch (err: unknown) {
    571|    const error = err as { status: number; body: { message: string } };
    572|    expect(error.status).toBe(403);
       |                         ^
    573|    expect(error.body.message).toBe('Forbidden');
    574|   }

⎯⎯⎯⎯⎯⎯⎯⎯⎯⎯⎯⎯⎯⎯⎯⎯⎯⎯⎯⎯[125/201]⎯

 FAIL  |server| src/routes/api/assessments/api-routes.test.ts > GET /api/assessments/[id] > should handle assessment not found
AssertionError: expected 400 to be 404 // Object.is equality

[32m- Expected[39m
[31m+ Received[39m

[32m- 404[39m
[31m+ 400[39m

 ❯ src/routes/api/assessments/api-routes.test.ts:597:25
    595|   } catch (err: unknown) {
    596|    const error = err as { status: number; body: { message: string } };
    597|    expect(error.status).toBe(404);
       |                         ^
    598|    expect(error.body.message).toBe('Assessment not found');
    599|   }

⎯⎯⎯⎯⎯⎯⎯⎯⎯⎯⎯⎯⎯⎯⎯⎯⎯⎯⎯⎯[126/201]⎯

 FAIL  |server| src/routes/api/assessments/api-routes.test.ts > PUT /api/assessments/[id] > should reject unauthenticated requests
AssertionError: expected undefined to be 401 // Object.is equality

[32m- Expected:[39m 
401

[31m+ Received:[39m 
undefined

 ❯ src/routes/api/assessments/api-routes.test.ts:623:25
    621|   } catch (err: unknown) {
    622|    const error = err as { status: number; body: { message: string } };
    623|    expect(error.status).toBe(401);
       |                         ^
    624|    expect(error.body.message).toBe('Unauthorized');
    625|   }

⎯⎯⎯⎯⎯⎯⎯⎯⎯⎯⎯⎯⎯⎯⎯⎯⎯⎯⎯⎯[127/201]⎯

 FAIL  |server| src/routes/api/assessments/api-routes.test.ts > PUT /api/assessments/[id] > should reject non-teacher users
AssertionError: expected 400 to be 403 // Object.is equality

[32m- Expected[39m
[31m+ Received[39m

[32m- 403[39m
[31m+ 400[39m

 ❯ src/routes/api/assessments/api-routes.test.ts:651:25
    649|   } catch (err: unknown) {
    650|    const error = err as { status: number; body: { message: string } };
    651|    expect(error.status).toBe(403);
       |                         ^
    652|    expect(error.body.message).toBe('Forbidden - Teachers only');
    653|   }

⎯⎯⎯⎯⎯⎯⎯⎯⎯⎯⎯⎯⎯⎯⎯⎯⎯⎯⎯⎯[128/201]⎯

 FAIL  |server| src/routes/api/assessments/api-routes.test.ts > PUT /api/assessments/[id] > should update assessment successfully
{
  status: 400,
  body: { message: 'Invalid assessment ID format' },
  constructor: 'Function<HttpError>',
  toString: 'Function<toString>',
  stacks: []
}
⎯⎯⎯⎯⎯⎯⎯⎯⎯⎯⎯⎯⎯⎯⎯⎯⎯⎯⎯⎯[129/201]⎯

 FAIL  |server| src/routes/api/assessments/api-routes.test.ts > PUT /api/assessments/[id] > should reject update when not authorized
AssertionError: expected 400 to be 403 // Object.is equality

[32m- Expected[39m
[31m+ Received[39m

[32m- 403[39m
[31m+ 400[39m

 ❯ src/routes/api/assessments/api-routes.test.ts:727:25
    725|   } catch (err: unknown) {
    726|    const error = err as { status: number; body: { message: string } };
    727|    expect(error.status).toBe(403);
       |                         ^
    728|    expect(error.body.message).toBe('Forbidden - Not your assessment');
    729|   }

⎯⎯⎯⎯⎯⎯⎯⎯⎯⎯⎯⎯⎯⎯⎯⎯⎯⎯⎯⎯[130/201]⎯

 FAIL  |server| src/routes/api/assessments/api-routes.test.ts > DELETE /api/assessments/[id] > should reject unauthenticated requests
AssertionError: expected undefined to be 401 // Object.is equality

[32m- Expected:[39m 
401

[31m+ Received:[39m 
undefined

 ❯ src/routes/api/assessments/api-routes.test.ts:751:25
    749|   } catch (err: unknown) {
    750|    const error = err as { status: number; body: { message: string } };
    751|    expect(error.status).toBe(401);
       |                         ^
    752|    expect(error.body.message).toBe('Unauthorized');
    753|   }

⎯⎯⎯⎯⎯⎯⎯⎯⎯⎯⎯⎯⎯⎯⎯⎯⎯⎯⎯⎯[131/201]⎯

 FAIL  |server| src/routes/api/assessments/api-routes.test.ts > DELETE /api/assessments/[id] > should reject non-teacher users
AssertionError: expected 400 to be 403 // Object.is equality

[32m- Expected[39m
[31m+ Received[39m

[32m- 403[39m
[31m+ 400[39m

 ❯ src/routes/api/assessments/api-routes.test.ts:776:25
    774|   } catch (err: unknown) {
    775|    const error = err as { status: number; body: { message: string } };
    776|    expect(error.status).toBe(403);
       |                         ^
    777|    expect(error.body.message).toBe('Forbidden - Teachers only');
    778|   }

⎯⎯⎯⎯⎯⎯⎯⎯⎯⎯⎯⎯⎯⎯⎯⎯⎯⎯⎯⎯[132/201]⎯

 FAIL  |server| src/routes/api/assessments/api-routes.test.ts > DELETE /api/assessments/[id] > should archive assessment successfully
{
  status: 400,
  body: { message: 'Invalid assessment ID format' },
  constructor: 'Function<HttpError>',
  toString: 'Function<toString>',
  stacks: []
}
⎯⎯⎯⎯⎯⎯⎯⎯⎯⎯⎯⎯⎯⎯⎯⎯⎯⎯⎯⎯[133/201]⎯

 FAIL  |server| src/routes/api/assessments/api-routes.test.ts > DELETE /api/assessments/[id] > should reject delete when not authorized
AssertionError: expected 400 to be 403 // Object.is equality

[32m- Expected[39m
[31m+ Received[39m

[32m- 403[39m
[31m+ 400[39m

 ❯ src/routes/api/assessments/api-routes.test.ts:842:25
    840|   } catch (err: unknown) {
    841|    const error = err as { status: number; body: { message: string } };
    842|    expect(error.status).toBe(403);
       |                         ^
    843|    expect(error.body.message).toBe('Forbidden - Not your assessment');
    844|   }

⎯⎯⎯⎯⎯⎯⎯⎯⎯⎯⎯⎯⎯⎯⎯⎯⎯⎯⎯⎯[134/201]⎯

 FAIL  |server| src/routes/api/assessments/api-routes.test.ts > POST /api/assessments/[id]/assign > should reject unauthenticated requests
AssertionError: expected undefined to be 401 // Object.is equality

[32m- Expected:[39m 
401

[31m+ Received:[39m 
undefined

 ❯ src/routes/api/assessments/api-routes.test.ts:870:25
    868|   } catch (err: unknown) {
    869|    const error = err as { status: number; body: { message: string } };
    870|    expect(error.status).toBe(401);
       |                         ^
    871|    expect(error.body.message).toBe('Unauthorized');
    872|   }

⎯⎯⎯⎯⎯⎯⎯⎯⎯⎯⎯⎯⎯⎯⎯⎯⎯⎯⎯⎯[135/201]⎯

 FAIL  |server| src/routes/api/assessments/api-routes.test.ts > POST /api/assessments/[id]/assign > should reject non-teacher users
AssertionError: expected 400 to be 403 // Object.is equality

[32m- Expected[39m
[31m+ Received[39m

[32m- 403[39m
[31m+ 400[39m

 ❯ src/routes/api/assessments/api-routes.test.ts:900:25
    898|   } catch (err: unknown) {
    899|    const error = err as { status: number; body: { message: string } };
    900|    expect(error.status).toBe(403);
       |                         ^
    901|    expect(error.body.message).toBe('Forbidden - Teachers only');
    902|   }

⎯⎯⎯⎯⎯⎯⎯⎯⎯⎯⎯⎯⎯⎯⎯⎯⎯⎯⎯⎯[136/201]⎯

 FAIL  |server| src/routes/api/assessments/api-routes.test.ts > POST /api/assessments/[id]/assign > should assign to classes successfully
{
  status: 400,
  body: { message: 'Invalid assessment ID format' },
  constructor: 'Function<HttpError>',
  toString: 'Function<toString>',
  stacks: []
}
⎯⎯⎯⎯⎯⎯⎯⎯⎯⎯⎯⎯⎯⎯⎯⎯⎯⎯⎯⎯[137/201]⎯

 FAIL  |server| src/routes/api/assessments/api-routes.test.ts > POST /api/assessments/[id]/assign > should assign to individual students
{
  status: 400,
  body: { message: 'Invalid assessment ID format' },
  constructor: 'Function<HttpError>',
  toString: 'Function<toString>',
  stacks: []
}
⎯⎯⎯⎯⎯⎯⎯⎯⎯⎯⎯⎯⎯⎯⎯⎯⎯⎯⎯⎯[138/201]⎯

 FAIL  |server| src/routes/api/assessments/api-routes.test.ts > POST /api/assessments/[id]/assign > should reject when no targets specified
AssertionError: expected 'Invalid assessment ID format' to be 'Must specify at least one class or st…' // Object.is equality

Expected: [32m"[7mMust specify at least one class or studen[27mt"[39m
Received: [31m"[7mInvalid assessment ID forma[27mt"[39m

 ❯ src/routes/api/assessments/api-routes.test.ts:1074:31
    1072|    const error = err as { status: number; body: { message: string } };
    1073|    expect(error.status).toBe(400);
    1074|    expect(error.body.message).toBe('Must specify at least one class or…
       |                               ^
    1075|   }
    1076|  });

⎯⎯⎯⎯⎯⎯⎯⎯⎯⎯⎯⎯⎯⎯⎯⎯⎯⎯⎯⎯[139/201]⎯

 FAIL  |server| src/routes/api/assessments/api-routes.test.ts > POST /api/assessments/[id]/assign > should reject when assessment is not published
AssertionError: expected 'Invalid assessment ID format' to be 'Assessment must be published before a…' // Object.is equality

Expected: [32m"[7mA[27mssessment [7mmust be published before assigning[27m"[39m
Received: [31m"[7mInvalid a[27mssessment [7mID format[27m"[39m

 ❯ src/routes/api/assessments/api-routes.test.ts:1110:31
    1108|    const error = err as { status: number; body: { message: string } };
    1109|    expect(error.status).toBe(400);
    1110|    expect(error.body.message).toBe('Assessment must be published befor…
       |                               ^
    1111|   }
    1112|  });

⎯⎯⎯⎯⎯⎯⎯⎯⎯⎯⎯⎯⎯⎯⎯⎯⎯⎯⎯⎯[140/201]⎯

 FAIL  |server| src/routes/api/assessments/api-routes.test.ts > POST /api/assessments/[id]/assign > should reject when not authorized
AssertionError: expected 400 to be 403 // Object.is equality

[32m- Expected[39m
[31m+ Received[39m

[32m- 403[39m
[31m+ 400[39m

 ❯ src/routes/api/assessments/api-routes.test.ts:1145:25
    1143|   } catch (err: unknown) {
    1144|    const error = err as { status: number; body: { message: string } };
    1145|    expect(error.status).toBe(403);
       |                         ^
    1146|    expect(error.body.message).toBe('Forbidden - Not your assessment');
    1147|   }

⎯⎯⎯⎯⎯⎯⎯⎯⎯⎯⎯⎯⎯⎯⎯⎯⎯⎯⎯⎯[141/201]⎯

 FAIL  |server| src/routes/api/assessments/api-routes.test.ts > POST /api/assessments/[id]/validate-attempt > should reject unauthenticated requests
AssertionError: expected undefined to be 401 // Object.is equality

[32m- Expected:[39m 
401

[31m+ Received:[39m 
undefined

 ❯ src/routes/api/assessments/api-routes.test.ts:1169:25
    1167|   } catch (err: unknown) {
    1168|    const error = err as { status: number; body: { message: string } };
    1169|    expect(error.status).toBe(401);
       |                         ^
    1170|    expect(error.body.message).toBe('Unauthorized');
    1171|   }

⎯⎯⎯⎯⎯⎯⎯⎯⎯⎯⎯⎯⎯⎯⎯⎯⎯⎯⎯⎯[142/201]⎯

 FAIL  |server| src/routes/api/assessments/api-routes.test.ts > POST /api/assessments/[id]/validate-attempt > should reject non-student users
AssertionError: expected 400 to be 403 // Object.is equality

[32m- Expected[39m
[31m+ Received[39m

[32m- 403[39m
[31m+ 400[39m

 ❯ src/routes/api/assessments/api-routes.test.ts:1194:25
    1192|   } catch (err: unknown) {
    1193|    const error = err as { status: number; body: { message: string } };
    1194|    expect(error.status).toBe(403);
       |                         ^
    1195|    expect(error.body.message).toBe('Forbidden - Students only');
    1196|   }

⎯⎯⎯⎯⎯⎯⎯⎯⎯⎯⎯⎯⎯⎯⎯⎯⎯⎯⎯⎯[143/201]⎯

 FAIL  |server| src/routes/api/assessments/api-routes.test.ts > POST /api/assessments/[id]/validate-attempt > should allow attempt when conditions are met
{
  status: 400,
  body: { message: 'Invalid assignment ID format' },
  constructor: 'Function<HttpError>',
  toString: 'Function<toString>',
  stacks: []
}
⎯⎯⎯⎯⎯⎯⎯⎯⎯⎯⎯⎯⎯⎯⎯⎯⎯⎯⎯⎯[144/201]⎯

 FAIL  |server| src/routes/api/assessments/api-routes.test.ts > POST /api/assessments/[id]/validate-attempt > should reject when deadline has passed
{
  status: 400,
  body: { message: 'Invalid assignment ID format' },
  constructor: 'Function<HttpError>',
  toString: 'Function<toString>',
  stacks: []
}
⎯⎯⎯⎯⎯⎯⎯⎯⎯⎯⎯⎯⎯⎯⎯⎯⎯⎯⎯⎯[145/201]⎯

 FAIL  |server| src/routes/api/assessments/api-routes.test.ts > POST /api/assessments/[id]/validate-attempt > should reject when max attempts reached
{
  status: 400,
  body: { message: 'Invalid assignment ID format' },
  constructor: 'Function<HttpError>',
  toString: 'Function<toString>',
  stacks: []
}
⎯⎯⎯⎯⎯⎯⎯⎯⎯⎯⎯⎯⎯⎯⎯⎯⎯⎯⎯⎯[146/201]⎯

 FAIL  |server| src/routes/api/assessments/api-routes.test.ts > GET /api/assessments/assigned > should reject unauthenticated requests
AssertionError: expected undefined to be 401 // Object.is equality

[32m- Expected:[39m 
401

[31m+ Received:[39m 
undefined

 ❯ src/routes/api/assessments/api-routes.test.ts:1355:25
    1353|   } catch (err: unknown) {
    1354|    const error = err as { status: number; body: { message: string } };
    1355|    expect(error.status).toBe(401);
       |                         ^
    1356|    expect(error.body.message).toBe('Unauthorized');
    1357|   }

⎯⎯⎯⎯⎯⎯⎯⎯⎯⎯⎯⎯⎯⎯⎯⎯⎯⎯⎯⎯[147/201]⎯

 FAIL  |server| src/routes/api/assessments/api-routes.test.ts > GET /api/assessments/assigned > should return empty array when student has no assignments
Error: Test timed out in 5000ms.
If this is a long-running test, pass a timeout value as the last argument or configure it globally with "testTimeout".
 ❯ src/routes/api/assessments/api-routes.test.ts:1441:2
    1439|  });
    1440| 
    1441|  it('should return empty array when student has no assignments', async…
       |  ^
    1442|   const { GET } = await import('./assigned/+server');
    1443| 

⎯⎯⎯⎯⎯⎯⎯⎯⎯⎯⎯⎯⎯⎯⎯⎯⎯⎯⎯⎯[148/201]⎯

 FAIL  |server| src/routes/api/assessments/api-routes.test.ts > GET /api/assessments/[id]/results > should reject unauthenticated requests
AssertionError: expected undefined to be 401 // Object.is equality

[32m- Expected:[39m 
401

[31m+ Received:[39m 
undefined

 ❯ src/routes/api/assessments/api-routes.test.ts:1547:25
    1545|   } catch (err: unknown) {
    1546|    const error = err as { status: number; body: { message: string } };
    1547|    expect(error.status).toBe(401);
       |                         ^
    1548|    expect(error.body.message).toBe('Unauthorized');
    1549|   }

⎯⎯⎯⎯⎯⎯⎯⎯⎯⎯⎯⎯⎯⎯⎯⎯⎯⎯⎯⎯[149/201]⎯

 FAIL  |server| src/routes/api/assessments/api-routes.test.ts > GET /api/assessments/[id]/results > should reject non-teacher users
AssertionError: expected 400 to be 403 // Object.is equality

[32m- Expected[39m
[31m+ Received[39m

[32m- 403[39m
[31m+ 400[39m

 ❯ src/routes/api/assessments/api-routes.test.ts:1575:25
    1573|   } catch (err: unknown) {
    1574|    const error = err as { status: number; body: { message: string } };
    1575|    expect(error.status).toBe(403);
       |                         ^
    1576|    expect(error.body.message).toBe('Forbidden - Teachers only');
    1577|   }

⎯⎯⎯⎯⎯⎯⎯⎯⎯⎯⎯⎯⎯⎯⎯⎯⎯⎯⎯⎯[150/201]⎯

 FAIL  |server| src/routes/api/assessments/api-routes.test.ts > GET /api/assessments/[id]/results > should reject when teacher does not own assessment
AssertionError: expected 400 to be 403 // Object.is equality

[32m- Expected[39m
[31m+ Received[39m

[32m- 403[39m
[31m+ 400[39m

 ❯ src/routes/api/assessments/api-routes.test.ts:1609:25
    1607|   } catch (err: unknown) {
    1608|    const error = err as { status: number; body: { message: string } };
    1609|    expect(error.status).toBe(403);
       |                         ^
    1610|    expect(error.body.message).toBe('Forbidden - Not your assessment');
    1611|   }

⎯⎯⎯⎯⎯⎯⎯⎯⎯⎯⎯⎯⎯⎯⎯⎯⎯⎯⎯⎯[151/201]⎯

 FAIL  |server| src/routes/api/assessments/api-routes.test.ts > GET /api/assessments/[id]/results > should return results successfully
{
  status: 400,
  body: { message: 'Invalid assessment ID format' },
  constructor: 'Function<HttpError>',
  toString: 'Function<toString>',
  stacks: []
}
⎯⎯⎯⎯⎯⎯⎯⎯⎯⎯⎯⎯⎯⎯⎯⎯⎯⎯⎯⎯[152/201]⎯

 FAIL  |server| src/routes/api/assessments/api-routes.test.ts > GET /api/assessments/[id]/results > should include statistics when requested
{
  status: 400,
  body: { message: 'Invalid assessment ID format' },
  constructor: 'Function<HttpError>',
  toString: 'Function<toString>',
  stacks: []
}
⎯⎯⎯⎯⎯⎯⎯⎯⎯⎯⎯⎯⎯⎯⎯⎯⎯⎯⎯⎯[153/201]⎯

 FAIL  |server| src/routes/api/assessments/api-routes.test.ts > GET /api/assessments/[id]/results > should include class statistics when requested
{
  status: 400,
  body: { message: 'Invalid assessment ID format' },
  constructor: 'Function<HttpError>',
  toString: 'Function<toString>',
  stacks: []
}
⎯⎯⎯⎯⎯⎯⎯⎯⎯⎯⎯⎯⎯⎯⎯⎯⎯⎯⎯⎯[154/201]⎯

 FAIL  |server| src/routes/api/exercises/api-routes.test.ts > POST /api/exercises/[id]/assign > should reject unauthenticated requests
Error: Test timed out in 5000ms.
If this is a long-running test, pass a timeout value as the last argument or configure it globally with "testTimeout".
 ❯ src/routes/api/exercises/api-routes.test.ts:73:2
     71| 
     72| describe('POST /api/exercises/[id]/assign', () => {
     73|  it('should reject unauthenticated requests', async () => {
       |  ^
     74|   // Import endpoint handler
     75|   const { POST } = await import('./[id]/assign/+server');

⎯⎯⎯⎯⎯⎯⎯⎯⎯⎯⎯⎯⎯⎯⎯⎯⎯⎯⎯⎯[155/201]⎯

 FAIL  |server| src/routes/api/exercises/api-routes.test.ts > POST /api/exercises/[id]/assign > should create single student assignment
TypeError: Cannot read properties of undefined (reading 'map')
 ❯ POST src/routes/api/exercises/[id]/assign/+server.ts:100:5
     98|  if (!validation.success) {
     99|   const errorMsg = validation.error.errors
    100|    .map((e) => `${e.path.join('.')}: ${e.message}`)
       |     ^
    101|    .join('; ');
    102|   throw error(400, `Validation failed: ${errorMsg}`);
 ❯ src/routes/api/exercises/api-routes.test.ts:159:20

⎯⎯⎯⎯⎯⎯⎯⎯⎯⎯⎯⎯⎯⎯⎯⎯⎯⎯⎯⎯[156/201]⎯

 FAIL  |server| src/routes/api/exercises/api-routes.test.ts > POST /api/exercises/[id]/assign > should create bulk assignments
TypeError: Cannot read properties of undefined (reading 'map')
 ❯ POST src/routes/api/exercises/[id]/assign/+server.ts:62:6
     60|   if (!validation.success) {
     61|    const errorMsg = validation.error.errors
     62|     .map((e) => `${e.path.join('.')}: ${e.message}`)
       |      ^
     63|     .join('; ');
     64|    throw error(400, `Validation failed: ${errorMsg}`);
 ❯ src/routes/api/exercises/api-routes.test.ts:205:20

⎯⎯⎯⎯⎯⎯⎯⎯⎯⎯⎯⎯⎯⎯⎯⎯⎯⎯⎯⎯[157/201]⎯

 FAIL  |server| src/routes/api/exercises/api-routes.test.ts > POST /api/exercises/[id]/assign > should reject assignment when not exercise owner
TypeError: Cannot read properties of undefined (reading 'map')
 ❯ POST src/routes/api/exercises/[id]/assign/+server.ts:100:5
     98|  if (!validation.success) {
     99|   const errorMsg = validation.error.errors
    100|    .map((e) => `${e.path.join('.')}: ${e.message}`)
       |     ^
    101|    .join('; ');
    102|   throw error(400, `Validation failed: ${errorMsg}`);
 ❯ src/routes/api/exercises/api-routes.test.ts:240:20

⎯⎯⎯⎯⎯⎯⎯⎯⎯⎯⎯⎯⎯⎯⎯⎯⎯⎯⎯⎯[158/201]⎯

 FAIL  |server| src/routes/api/exercises/api-routes.test.ts > GET /api/exercises/assigned > should reject unauthenticated requests
TypeError: Cannot destructure property 'user' of '(intermediate value)' as it is null.
 ❯ GET src/routes/api/exercises/assigned/+server.ts:28:10
     26|  */
     27| export const GET: RequestHandler = async ({ url, locals }) => {
     28|  const { user } = await locals.safeGetSession();
       |          ^
     29|  if (!user) {
     30|   return json({ error: 'Unauthorized' }, { status: 401 });
 ❯ src/routes/api/exercises/api-routes.test.ts:263:20

⎯⎯⎯⎯⎯⎯⎯⎯⎯⎯⎯⎯⎯⎯⎯⎯⎯⎯⎯⎯[159/201]⎯

 FAIL  |server| src/routes/api/exercises/api-routes.test.ts > POST /api/exercises/[id]/view > should reject unauthenticated requests
TypeError: Cannot destructure property 'user' of '(intermediate value)' as it is null.
 ❯ POST src/routes/api/exercises/[id]/view/+server.ts:23:10
     21|  */
     22| export const POST: RequestHandler = async ({ params, request, locals }…
     23|  const { user } = await locals.safeGetSession();
       |          ^
     24|  if (!user) {
     25|   return json({ error: 'Unauthorized' }, { status: 401 });
 ❯ src/routes/api/exercises/api-routes.test.ts:371:20

⎯⎯⎯⎯⎯⎯⎯⎯⎯⎯⎯⎯⎯⎯⎯⎯⎯⎯⎯⎯[160/201]⎯

 FAIL  |server| src/routes/api/exercises/api-routes.test.ts > POST /api/exercises/[id]/view > should track view for authenticated user
TypeError: Cannot read properties of undefined (reading 'map')
 ❯ POST src/routes/api/exercises/[id]/view/+server.ts:36:5
     34|  if (!validation.success) {
     35|   const errorMsg = validation.error.errors
     36|    .map((e) => `${e.path.join('.')}: ${e.message}`)
       |     ^
     37|    .join('; ');
     38|   return json({ error: `Validation failed: ${errorMsg}` }, { status: 4…
 ❯ src/routes/api/exercises/api-routes.test.ts:411:20

⎯⎯⎯⎯⎯⎯⎯⎯⎯⎯⎯⎯⎯⎯⎯⎯⎯⎯⎯⎯[161/201]⎯

 FAIL  |server| src/routes/api/exercises/api-routes.test.ts > POST /api/exercises/[id]/complete > should reject unauthenticated requests
TypeError: Cannot destructure property 'user' of '(intermediate value)' as it is null.
 ❯ POST src/routes/api/exercises/[id]/complete/+server.ts:21:10
     19|  */
     20| export const POST: RequestHandler = async ({ params, locals }) => {
     21|  const { user } = await locals.safeGetSession();
       |          ^
     22|  if (!user) {
     23|   return json({ error: 'Unauthorized' }, { status: 401 });
 ❯ src/routes/api/exercises/api-routes.test.ts:479:20

⎯⎯⎯⎯⎯⎯⎯⎯⎯⎯⎯⎯⎯⎯⎯⎯⎯⎯⎯⎯[162/201]⎯

 FAIL  |server| src/routes/api/exercises/api-routes.test.ts > DELETE /api/exercises/[id]/complete > should reject unauthenticated requests
TypeError: Cannot destructure property 'user' of '(intermediate value)' as it is null.
 ❯ DELETE src/routes/api/exercises/[id]/complete/+server.ts:52:10
     50|  */
     51| export const DELETE: RequestHandler = async ({ params, locals }) => {
     52|  const { user } = await locals.safeGetSession();
       |          ^
     53|  if (!user) {
     54|   return json({ error: 'Unauthorized' }, { status: 401 });
 ❯ src/routes/api/exercises/api-routes.test.ts:590:20

⎯⎯⎯⎯⎯⎯⎯⎯⎯⎯⎯⎯⎯⎯⎯⎯⎯⎯⎯⎯[163/201]⎯

 FAIL  |server| src/routes/api/exercises/api-routes.test.ts > GET /api/exercises/[id]/access > should reject unauthenticated requests
TypeError: Cannot destructure property 'user' of '(intermediate value)' as it is null.
 ❯ GET src/routes/api/exercises/[id]/access/+server.ts:23:10
     21|  */
     22| export const GET: RequestHandler = async ({ params, locals }) => {
     23|  const { user } = await locals.safeGetSession();
       |          ^
     24|  if (!user) {
     25|   return json({ error: 'Unauthorized' }, { status: 401 });
 ❯ src/routes/api/exercises/api-routes.test.ts:673:20

⎯⎯⎯⎯⎯⎯⎯⎯⎯⎯⎯⎯⎯⎯⎯⎯⎯⎯⎯⎯[164/201]⎯

 FAIL  |server| src/routes/api/exercises/api-routes.test.ts > Request validation > should validate assignment type fields
TypeError: Cannot read properties of undefined (reading 'map')
 ❯ POST src/routes/api/exercises/[id]/assign/+server.ts:100:5
     98|  if (!validation.success) {
     99|   const errorMsg = validation.error.errors
    100|    .map((e) => `${e.path.join('.')}: ${e.message}`)
       |     ^
    101|    .join('; ');
    102|   throw error(400, `Validation failed: ${errorMsg}`);
 ❯ src/routes/api/exercises/api-routes.test.ts:793:20

⎯⎯⎯⎯⎯⎯⎯⎯⎯⎯⎯⎯⎯⎯⎯⎯⎯⎯⎯⎯[165/201]⎯

 FAIL  |server| src/routes/api/exercises/api-routes.test.ts > Authorization edge cases > should prevent teachers from assigning exercises they do not own
TypeError: Cannot read properties of undefined (reading 'map')
 ❯ POST src/routes/api/exercises/[id]/assign/+server.ts:100:5
     98|  if (!validation.success) {
     99|   const errorMsg = validation.error.errors
    100|    .map((e) => `${e.path.join('.')}: ${e.message}`)
       |     ^
    101|    .join('; ');
    102|   throw error(400, `Validation failed: ${errorMsg}`);
 ❯ src/routes/api/exercises/api-routes.test.ts:959:20

⎯⎯⎯⎯⎯⎯⎯⎯⎯⎯⎯⎯⎯⎯⎯⎯⎯⎯⎯⎯[166/201]⎯

 FAIL  |server| src/routes/api/riddles/api-routes.test.ts > POST /api/riddles/[id]/submit > should handle automatic validation for correct answer
{
  status: 401,
  body: { message: 'Non authentifié' },
  constructor: 'Function<HttpError>',
  toString: 'Function<toString>',
  stacks: []
}
⎯⎯⎯⎯⎯⎯⎯⎯⎯⎯⎯⎯⎯⎯⎯⎯⎯⎯⎯⎯[167/201]⎯

 FAIL  |server| src/routes/api/riddles/api-routes.test.ts > POST /api/riddles/[id]/submit > should handle automatic validation for incorrect answer
{
  status: 401,
  body: { message: 'Non authentifié' },
  constructor: 'Function<HttpError>',
  toString: 'Function<toString>',
  stacks: []
}
⎯⎯⎯⎯⎯⎯⎯⎯⎯⎯⎯⎯⎯⎯⎯⎯⎯⎯⎯⎯[168/201]⎯

 FAIL  |server| src/routes/api/riddles/api-routes.test.ts > POST /api/riddles/[id]/submit > should handle manual validation and create teacher message
{
  status: 401,
  body: { message: 'Non authentifié' },
  constructor: 'Function<HttpError>',
  toString: 'Function<toString>',
  stacks: []
}
⎯⎯⎯⎯⎯⎯⎯⎯⎯⎯⎯⎯⎯⎯⎯⎯⎯⎯⎯⎯[169/201]⎯

 FAIL  |server| src/routes/api/riddles/api-routes.test.ts > POST /api/riddles/[id]/submit > should call RPC with correct parameters
{
  status: 401,
  body: { message: 'Non authentifié' },
  constructor: 'Function<HttpError>',
  toString: 'Function<toString>',
  stacks: []
}
⎯⎯⎯⎯⎯⎯⎯⎯⎯⎯⎯⎯⎯⎯⎯⎯⎯⎯⎯⎯[170/201]⎯

 FAIL  |server| src/routes/api/srs/api-routes.test.ts > POST /api/srs/decks - Create Deck > should create a personal deck with valid data
AssertionError: expected 500 to be 201 // Object.is equality

[32m- Expected[39m
[31m+ Received[39m

[32m- 201[39m
[31m+ 500[39m

 ❯ src/routes/api/srs/api-routes.test.ts:97:27
     95|   const data = await response.json();
     96| 
     97|   expect(response.status).toBe(201);
       |                           ^
     98|   expect(data.deck).toBeDefined();
     99|   expect(data.deck.name).toBe('Test Deck');

⎯⎯⎯⎯⎯⎯⎯⎯⎯⎯⎯⎯⎯⎯⎯⎯⎯⎯⎯⎯[171/201]⎯

 FAIL  |server| src/routes/api/srs/api-routes.test.ts > POST /api/srs/decks - Create Deck > should reject request without deck name
AssertionError: expected 'Invalid input: expected string, recei…' to contain 'name'

Expected: [32m"name"[39m
Received: [31m"Invalid input: expected string, received undefined"[39m

 ❯ src/routes/api/srs/api-routes.test.ts:156:22
    154|   expect(response.status).toBe(400);
    155|   const data = await response.json();
    156|   expect(data.error).toContain('name');
       |                      ^
    157|  });
    158| 

⎯⎯⎯⎯⎯⎯⎯⎯⎯⎯⎯⎯⎯⎯⎯⎯⎯⎯⎯⎯[172/201]⎯

 FAIL  |server| src/routes/api/srs/api-routes.test.ts > POST /api/srs/decks - Create Deck > should reject invalid deck type
AssertionError: expected 'Invalid option: expected one of "offi…' to contain 'deck type'

Expected: [32m"deck type"[39m
Received: [31m"Invalid option: expected one of "official"|"personal""[39m

 ❯ src/routes/api/srs/api-routes.test.ts:185:22
    183|   expect(response.status).toBe(400);
    184|   const data = await response.json();
    185|   expect(data.error).toContain('deck type');
       |                      ^
    186|  });
    187| 

⎯⎯⎯⎯⎯⎯⎯⎯⎯⎯⎯⎯⎯⎯⎯⎯⎯⎯⎯⎯[173/201]⎯

 FAIL  |server| src/routes/api/srs/api-routes.test.ts > POST /api/srs/decks - Create Deck > should reject invalid desired retention
AssertionError: expected 'Too small: expected number to be >=0.7' to contain 'retention'

Expected: [32m"retention"[39m
Received: [31m"Too small: expected number to be >=0.7"[39m

 ❯ src/routes/api/srs/api-routes.test.ts:215:22
    213|   expect(response.status).toBe(400);
    214|   const data = await response.json();
    215|   expect(data.error).toContain('retention');
       |                      ^
    216|  });
    217| 

⎯⎯⎯⎯⎯⎯⎯⎯⎯⎯⎯⎯⎯⎯⎯⎯⎯⎯⎯⎯[174/201]⎯

 FAIL  |server| src/routes/api/srs/api-routes.test.ts > GET /api/srs/decks - List Decks > should return user decks with stats
AssertionError: expected 500 to be 200 // Object.is equality

[32m- Expected[39m
[31m+ Received[39m

[32m- 200[39m
[31m+ 500[39m

 ❯ src/routes/api/srs/api-routes.test.ts:315:27
    313|   const data = await response.json();
    314| 
    315|   expect(response.status).toBe(200);
       |                           ^
    316|   expect(data.decks).toHaveLength(1);
    317|   expect(data.decks[0].stats).toBeDefined();

⎯⎯⎯⎯⎯⎯⎯⎯⎯⎯⎯⎯⎯⎯⎯⎯⎯⎯⎯⎯[175/201]⎯

 FAIL  |server| src/routes/api/srs/api-routes.test.ts > GET /api/srs/decks - List Decks > should handle empty deck list
AssertionError: expected 500 to be 200 // Object.is equality

[32m- Expected[39m
[31m+ Received[39m

[32m- 200[39m
[31m+ 500[39m

 ❯ src/routes/api/srs/api-routes.test.ts:370:27
    368|   const data = await response.json();
    369| 
    370|   expect(response.status).toBe(200);
       |                           ^
    371|   expect(data.decks).toEqual([]);
    372|  });

⎯⎯⎯⎯⎯⎯⎯⎯⎯⎯⎯⎯⎯⎯⎯⎯⎯⎯⎯⎯[176/201]⎯

 FAIL  |server| src/routes/api/srs/api-routes.test.ts > POST /api/srs/cards - Add Card to Deck > should add template card to deck
AssertionError: expected 400 to be 201 // Object.is equality

[32m- Expected[39m
[31m+ Received[39m

[32m- 201[39m
[31m+ 400[39m

 ❯ src/routes/api/srs/api-routes.test.ts:452:27
    450|   const data = await response.json();
    451| 
    452|   expect(response.status).toBe(201);
       |                           ^
    453|   expect(data.card.card_type).toBe('template');
    454|   expect(data.card.template_id).toBe('template-1');

⎯⎯⎯⎯⎯⎯⎯⎯⎯⎯⎯⎯⎯⎯⎯⎯⎯⎯⎯⎯[177/201]⎯

 FAIL  |server| src/routes/api/srs/api-routes.test.ts > POST /api/srs/cards - Add Card to Deck > should add custom card to deck
AssertionError: expected 400 to be 201 // Object.is equality

[32m- Expected[39m
[31m+ Received[39m

[32m- 201[39m
[31m+ 400[39m

 ❯ src/routes/api/srs/api-routes.test.ts:522:27
    520|   const data = await response.json();
    521| 
    522|   expect(response.status).toBe(201);
       |                           ^
    523|   expect(data.card.card_type).toBe('custom');
    524|  });

⎯⎯⎯⎯⎯⎯⎯⎯⎯⎯⎯⎯⎯⎯⎯⎯⎯⎯⎯⎯[178/201]⎯

 FAIL  |server| src/routes/api/srs/api-routes.test.ts > POST /api/srs/cards - Add Card to Deck > should reject adding card to assigned deck
AssertionError: expected 400 to be 403 // Object.is equality

[32m- Expected[39m
[31m+ Received[39m

[32m- 403[39m
[31m+ 400[39m

 ❯ src/routes/api/srs/api-routes.test.ts:565:27
    563|   } as unknown as RequestEvent);
    564| 
    565|   expect(response.status).toBe(403);
       |                           ^
    566|   const data = await response.json();
    567|   expect(data.error).toContain('assigned');

⎯⎯⎯⎯⎯⎯⎯⎯⎯⎯⎯⎯⎯⎯⎯⎯⎯⎯⎯⎯[179/201]⎯

 FAIL  |server| src/routes/api/srs/api-routes.test.ts > POST /api/srs/cards - Add Card to Deck > should reject template card with unpublished template
AssertionError: expected 'Invalid UUID' to contain 'published'

Expected: [32m"published"[39m
Received: [31m"Invalid UUID"[39m

 ❯ src/routes/api/srs/api-routes.test.ts:628:22
    626|   expect(response.status).toBe(400);
    627|   const data = await response.json();
    628|   expect(data.error).toContain('published');
       |                      ^
    629|  });
    630| 

⎯⎯⎯⎯⎯⎯⎯⎯⎯⎯⎯⎯⎯⎯⎯⎯⎯⎯⎯⎯[180/201]⎯

 FAIL  |server| src/routes/api/srs/api-routes.test.ts > POST /api/srs/cards - Add Card to Deck > should reject custom card with empty content
AssertionError: expected 'Invalid UUID' to contain 'empty'

Expected: [32m"empty"[39m
Received: [31m"Invalid UUID"[39m

 ❯ src/routes/api/srs/api-routes.test.ts:673:22
    671|   expect(response.status).toBe(400);
    672|   const data = await response.json();
    673|   expect(data.error).toContain('empty');
       |                      ^
    674|  });
    675| });

⎯⎯⎯⎯⎯⎯⎯⎯⎯⎯⎯⎯⎯⎯⎯⎯⎯⎯⎯⎯[181/201]⎯

 FAIL  |server| src/routes/api/srs/api-routes.test.ts > GET /api/srs/cards - List Cards > should list cards in deck
AssertionError: expected 400 to be 200 // Object.is equality

[32m- Expected[39m
[31m+ Received[39m

[32m- 200[39m
[31m+ 400[39m

 ❯ src/routes/api/srs/api-routes.test.ts:733:27
    731|   const data = await response.json();
    732| 
    733|   expect(response.status).toBe(200);
       |                           ^
    734|   expect(data.cards).toHaveLength(2);
    735|  });

⎯⎯⎯⎯⎯⎯⎯⎯⎯⎯⎯⎯⎯⎯⎯⎯⎯⎯⎯⎯[182/201]⎯

 FAIL  |server| src/routes/api/srs/api-routes.test.ts > GET /api/srs/cards - List Cards > should require deck_id parameter
AssertionError: expected 'Invalid input: expected string, recei…' to contain 'deck_id'

Expected: [32m"deck_id"[39m
Received: [31m"Invalid input: expected string, received null"[39m

 ❯ src/routes/api/srs/api-routes.test.ts:758:22
    756|   expect(response.status).toBe(400);
    757|   const data = await response.json();
    758|   expect(data.error).toContain('deck_id');
       |                      ^
    759|  });
    760| });

⎯⎯⎯⎯⎯⎯⎯⎯⎯⎯⎯⎯⎯⎯⎯⎯⎯⎯⎯⎯[183/201]⎯

 FAIL  |server| src/routes/api/srs/api-routes.test.ts > POST /api/srs/review/submit - Submit Review > should submit review and update stats
AssertionError: expected 400 to be 200 // Object.is equality

[32m- Expected[39m
[31m+ Received[39m

[32m- 200[39m
[31m+ 400[39m

 ❯ src/routes/api/srs/api-routes.test.ts:873:27
    871|   const data = await response.json();
    872| 
    873|   expect(response.status).toBe(200);
       |                           ^
    874|   expect(data.success).toBe(true);
    875|   expect(data.stats).toBeDefined();

⎯⎯⎯⎯⎯⎯⎯⎯⎯⎯⎯⎯⎯⎯⎯⎯⎯⎯⎯⎯[184/201]⎯

 FAIL  |server| src/routes/api/srs/api-routes.test.ts > POST /api/srs/review/submit - Submit Review > should validate grade value
AssertionError: expected 'Invalid UUID' to contain 'grade'

Expected: [32m"grade"[39m
Received: [31m"Invalid UUID"[39m

 ❯ src/routes/api/srs/api-routes.test.ts:906:22
    904|   expect(response.status).toBe(400);
    905|   const data = await response.json();
    906|   expect(data.error).toContain('grade');
       |                      ^
    907|  });
    908| 

⎯⎯⎯⎯⎯⎯⎯⎯⎯⎯⎯⎯⎯⎯⎯⎯⎯⎯⎯⎯[185/201]⎯

 FAIL  |server| src/routes/api/srs/api-routes.test.ts > POST /api/srs/review/submit - Submit Review > should require cardId
AssertionError: expected 'Invalid input: expected string, recei…' to contain 'cardId'

Expected: [32m"[7mcardI[27md"[39m
Received: [31m"[7mInvalid input: expected string, received undefine[27md"[39m

 ❯ src/routes/api/srs/api-routes.test.ts:935:22
    933|   expect(response.status).toBe(400);
    934|   const data = await response.json();
    935|   expect(data.error).toContain('cardId');
       |                      ^
    936|  });
    937| 

⎯⎯⎯⎯⎯⎯⎯⎯⎯⎯⎯⎯⎯⎯⎯⎯⎯⎯⎯⎯[186/201]⎯

 FAIL  |server| src/routes/api/srs/api-routes.test.ts > POST /api/srs/review/submit - Submit Review > should require deckId
AssertionError: expected 'Invalid UUID' to contain 'deckId'

Expected: [32m"deckId"[39m
Received: [31m"Invalid UUID"[39m

 ❯ src/routes/api/srs/api-routes.test.ts:964:22
    962|   expect(response.status).toBe(400);
    963|   const data = await response.json();
    964|   expect(data.error).toContain('deckId');
       |                      ^
    965|  });
    966| });

⎯⎯⎯⎯⎯⎯⎯⎯⎯⎯⎯⎯⎯⎯⎯⎯⎯⎯⎯⎯[187/201]⎯

 FAIL  |server| src/routes/api/srs/api-routes.test.ts > GET /api/srs/review/due - Get Due Cards > should return due cards for deck
AssertionError: expected 400 to be 200 // Object.is equality

[32m- Expected[39m
[31m+ Received[39m

[32m- 200[39m
[31m+ 400[39m

 ❯ src/routes/api/srs/api-routes.test.ts:1020:27
    1018|   const data = await response.json();
    1019| 
    1020|   expect(response.status).toBe(200);
       |                           ^
    1021|   expect(data.cards).toBeDefined();
    1022|  });

⎯⎯⎯⎯⎯⎯⎯⎯⎯⎯⎯⎯⎯⎯⎯⎯⎯⎯⎯⎯[188/201]⎯

 FAIL  |server| src/routes/api/srs/api-routes.test.ts > GET /api/srs/review/due - Get Due Cards > should require deck_id parameter
AssertionError: expected 'Invalid input: expected string, recei…' to contain 'deck_id'

Expected: [32m"deck_id"[39m
Received: [31m"Invalid input: expected string, received null"[39m

 ❯ src/routes/api/srs/api-routes.test.ts:1045:22
    1043|   expect(response.status).toBe(400);
    1044|   const data = await response.json();
    1045|   expect(data.error).toContain('deck_id');
       |                      ^
    1046|  });
    1047| 

⎯⎯⎯⎯⎯⎯⎯⎯⎯⎯⎯⎯⎯⎯⎯⎯⎯⎯⎯⎯[189/201]⎯

 FAIL  |server| src/routes/api/srs/api-routes.test.ts > GET /api/srs/review/due - Get Due Cards > should return empty array when no cards are due
AssertionError: expected 400 to be 200 // Object.is equality

[32m- Expected[39m
[31m+ Received[39m

[32m- 200[39m
[31m+ 400[39m

 ❯ src/routes/api/srs/api-routes.test.ts:1088:27
    1086|   const data = await response.json();
    1087| 
    1088|   expect(response.status).toBe(200);
       |                           ^
    1089|   expect(data.cards).toEqual([]);
    1090|  });

⎯⎯⎯⎯⎯⎯⎯⎯⎯⎯⎯⎯⎯⎯⎯⎯⎯⎯⎯⎯[190/201]⎯

⎯⎯⎯⎯⎯⎯ Unhandled Errors ⎯⎯⎯⎯⎯⎯

Vitest caught 1 unhandled error during the test run.
This might cause false positive tests. Resolve unhandled errors to make sure your tests are not affected.

⎯⎯⎯⎯⎯⎯ Unhandled Error ⎯⎯⎯⎯⎯⎯⎯
Error: Failed to connect to the browser session "9fd778f8-15eb-4b21-bad8-13bd04d06eaa" [client (chromium)] within the timeout.
 ❯ Timeout._onTimeout node_modules/.pnpm/vitest@3.2.4_@types+node@22.18.8_@vitest+browser@3.2.4_jiti@2.6.1_jsdom@27.0.1_postcss@_dbda69358cd13d26a700c2eb6a1f4c70/node_modules/vitest/dist/chunks/cli-api.BkDphVBG.js:5263:17
 ❯ listOnTimeout node:internal/timers:608:17
 ❯ process.processTimers node:internal/timers:543:7

⎯⎯⎯⎯⎯⎯⎯⎯⎯⎯⎯⎯⎯⎯⎯⎯⎯⎯⎯⎯⎯⎯⎯⎯⎯⎯⎯⎯⎯⎯


 Test Files  16 failed | 61 passed (78)
      Tests  201 failed | 2625 passed | 6 skipped (2832)
     Errors  1 error
   Start at  15:39:10
   Duration  61.09s (transform 14.08s, setup 0ms, collect 58.21s, tests 100.61s, environment 19ms, prepare 15.53s)

 ELIFECYCLE  Command failed with exit code 1.
