
> ubumaths@0.1.1 test:unit /Users/david/Coding/js/ubumaths
> vitest


 RUN  v3.2.4 /Users/david/Coding/js/ubumaths

The following Vite config options will be overridden by SvelteKit:
  - base
stderr | src/routes/api/riddles/api-routes.test.ts > POST /api/riddles/auto-select-daily > should handle unexpected errors gracefully
Error in auto-select endpoint: Error: Unexpected error
    at [90m/Users/david/Coding/js/ubumaths/[39msrc/routes/api/riddles/api-routes.test.ts:614:55
    at [90mfile:///Users/david/Coding/js/ubumaths/[39mnode_modules/[4m.pnpm[24m/@vitest+runner@3.2.4/node_modules/[4m@vitest/runner[24m/dist/chunk-hooks.js:155:11
    at [90mfile:///Users/david/Coding/js/ubumaths/[39mnode_modules/[4m.pnpm[24m/@vitest+runner@3.2.4/node_modules/[4m@vitest/runner[24m/dist/chunk-hooks.js:752:26
    at [90mfile:///Users/david/Coding/js/ubumaths/[39mnode_modules/[4m.pnpm[24m/@vitest+runner@3.2.4/node_modules/[4m@vitest/runner[24m/dist/chunk-hooks.js:1897:20
    at new Promise (<anonymous>)
    at runWithTimeout [90m(file:///Users/david/Coding/js/ubumaths/[39mnode_modules/[4m.pnpm[24m/@vitest+runner@3.2.4/node_modules/[4m@vitest/runner[24m/dist/chunk-hooks.js:1863:10[90m)[39m
    at runTest [90m(file:///Users/david/Coding/js/ubumaths/[39mnode_modules/[4m.pnpm[24m/@vitest+runner@3.2.4/node_modules/[4m@vitest/runner[24m/dist/chunk-hooks.js:1574:12[90m)[39m
[90m    at processTicksAndRejections (node:internal/process/task_queues:105:5)[39m
    at runSuite [90m(file:///Users/david/Coding/js/ubumaths/[39mnode_modules/[4m.pnpm[24m/@vitest+runner@3.2.4/node_modules/[4m@vitest/runner[24m/dist/chunk-hooks.js:1729:8[90m)[39m
    at runSuite [90m(file:///Users/david/Coding/js/ubumaths/[39mnode_modules/[4m.pnpm[24m/@vitest+runner@3.2.4/node_modules/[4m@vitest/runner[24m/dist/chunk-hooks.js:1729:8[90m)[39m

 ❯ |server| src/routes/api/riddles/api-routes.test.ts (16 tests | 4 failed) 87ms
   ✓ POST /api/riddles/[id]/submit > should reject unauthenticated requests 9ms
   ✓ POST /api/riddles/[id]/submit > should reject requests without answer 1ms
   × POST /api/riddles/[id]/submit > should handle automatic validation for correct answer 2ms
     → undefined
   × POST /api/riddles/[id]/submit > should handle automatic validation for incorrect answer 1ms
     → undefined
   × POST /api/riddles/[id]/submit > should handle manual validation and create teacher message 5ms
     → undefined
   ✓ POST /api/riddles/[id]/submit > should handle non-existent riddle 11ms
   ✓ POST /api/riddles/[id]/submit > should handle RPC submission errors 6ms
   × POST /api/riddles/[id]/submit > should call RPC with correct parameters 10ms
     → undefined
   ✓ POST /api/riddles/auto-select-daily > should successfully auto-select riddle 16ms
   ✓ POST /api/riddles/auto-select-daily > should skip if riddle already exists 1ms
   ✓ POST /api/riddles/auto-select-daily > should handle auto-selection failure 1ms
   ✓ POST /api/riddles/auto-select-daily > should validate API key when configured 1ms
   ✓ POST /api/riddles/auto-select-daily > should accept valid API key 1ms
   ✓ POST /api/riddles/auto-select-daily > should handle unexpected errors gracefully 12ms
   ✓ GET /api/riddles/auto-select-daily > should return riddle status when riddle exists 5ms
   ✓ GET /api/riddles/auto-select-daily > should return no riddle when none exists 1ms
 ❯ |server| src/lib/questions/generator/instance-generator.test.ts (27 tests | 1 failed | 4 skipped) 1227ms
   ✓ generateInstance - Numerical Exact Questions > should generate simple numerical question instance  594ms
   ✓ generateInstance - Numerical Exact Questions > should generate reproducible instance with seed 3ms
   ✓ generateInstance - Numerical Exact Questions > should generate different instances with different seeds 1ms
   ✓ generateInstance - Algebraic Transform Questions > should generate algebraic transform instance 3ms
   ✓ generateInstance - Fill-in-Blanks Questions > should generate fill-in-blanks instance 87ms
   ✓ generateInstance - Fill-in-Blanks Questions > should generate fill-in-blanks with multiple blanks 121ms
   ✓ generateInstance - Multiple Choice Questions > should generate multiple choice instance with shuffled choices 44ms
   ✓ generateInstance - Multiple Choice Questions > should generate multiple choice with multiple correct answers 2ms
   ↓ generateInstance - Complex Variable Resolution > should generate fraction addition instance
   ✓ generateInstance - Complex Variable Resolution > should generate GCD simplification instance 6ms
   ✓ generateInstance - Content Resolution > should resolve variables in statement 2ms
   ✓ generateInstance - Content Resolution > should resolve LaTeX in statement 1ms
   ✓ generateInstance - Content Resolution > should resolve correction field 2ms
   × generateInstance - Precision Handling > should include decimal precision 206ms
     → expected { type: 'decimal', digits: 2 } to deeply equal { type: 'decimal', …(2) }
   ✓ generateInstance - Precision Handling > should include tolerance precision 95ms
   ✓ generateInstance - Validation Errors > should fail on circular dependency 4ms
   ✓ generateInstance - Validation Errors > should fail on min > max after variable resolution 2ms
   ↓ generateInstance - Validation Errors > should fail on invalid eval expression
   ✓ generateInstance - Edge Cases > should generate instance with no variables 2ms
   ✓ generateInstance - Edge Cases > should generate instance with delay parameter 1ms
   ↓ generateInstance - Edge Cases > should generate instance with multiple statement fields
   ✓ generateInstance - Real-World Templates > should generate quadratic equation instance 25ms
   ↓ generateInstance - Real-World Templates > should generate percentage calculation instance
   ✓ generateInstance - Variation Selection > should select first variation with seed 0 2ms
   ✓ generateInstance - Variation Selection > should select second variation with seed 1 2ms
   ✓ generateInstance - Variation Selection > should handle variation selection with modulo (4 variations) 2ms
   ✓ generateInstance - Variation Selection > should validate variations independently 1ms
 ✓ |server| src/routes/api/messages/api-routes.test.ts (78 tests) 566ms
stderr | src/routes/api/srs/api-routes.test.ts > POST /api/srs/decks - Create Deck > should apply default config if not provided
[RESPONSE VALIDATION ERROR] POST /api/srs/decks: {
  issues: [
    {
      expected: [32m'string'[39m,
      code: [32m'invalid_type'[39m,
      path: [36m[Array][39m,
      message: [32m'Invalid input: expected string, received undefined'[39m
    },
    {
      expected: [32m'string'[39m,
      code: [32m'invalid_type'[39m,
      path: [36m[Array][39m,
      message: [32m'Invalid input: expected string, received undefined'[39m
    }
  ],
  data: [32m'{\n'[39m +
    [32m'  "deck": {\n'[39m +
    [32m'    "name": "Test Deck",\n'[39m +
    [32m'    "description": null,\n'[39m +
    [32m'    "owner_id": "550e8400-e29b-41d4-a716-446655440001",\n'[39m +
    [32m'    "deck_type": "personal",\n'[39m +
    [32m'    "is_assigned": false,\n'[39m +
    [32m'    "config": {\n'[39m +
    [32m'      "desiredRetention": 0.9,\n'[39m +
    [32m'      "maximumInterval": 36500\n'[39m +
    [32m'    },\n'[39m +
    [32m'    "id": "550e8400-e29b-41d4-a716-446655440011"\n'[39m +
    [32m'  }\n'[39m +
    [32m'}'[39m
}
Unexpected error in POST /api/srs/decks: HttpError {
  status: [33m500[39m,
  body: { message: [32m'Internal server error: Invalid response format'[39m }
}

stdout | src/routes/api/srs/api-routes.test.ts > POST /api/srs/review/submit - Submit Review > should submit review and update stats
[SRS Submit] Received review: {
  cardId: [32m'550e8400-e29b-41d4-a716-446655440021'[39m,
  deckId: [32m'550e8400-e29b-41d4-a716-446655440011'[39m,
  grade: [33m3[39m,
  timeSpent: [33m30[39m
}
[SRS Submit] Fetching card: 550e8400-e29b-41d4-a716-446655440021

stdout | src/routes/api/srs/api-routes.test.ts > POST /api/srs/review/submit - Submit Review > should submit review and update stats
[SRS Submit] Card found: template 550e8400-e29b-41d4-a716-446655440031

stdout | src/routes/api/srs/api-routes.test.ts > POST /api/srs/review/submit - Submit Review > should submit review and update stats
[SRS Submit] Card reference: template 550e8400-e29b-41d4-a716-446655440031
[SRS Submit] Fetching existing stats...

stdout | src/routes/api/srs/api-routes.test.ts > POST /api/srs/review/submit - Submit Review > should submit review and update stats
[SRS Submit] No existing stats, initializing new
[SRS Submit] Calculating new stats with FSRS...
[SRS Submit] New stats calculated: learning 2025-10-31T15:09:54.002Z
[SRS Submit] Upserting stats to database...

 ✓ |server| src/lib/shared/parameterization/resolver/variable-resolver.test.ts (46 tests) 419ms
   ✓ resolveVariables > Stage 3: Eval expressions > should evaluate simple math  344ms
 ✓ |client (chromium)| src/routes/(public)/page.svelte.spec.ts (1 test) 37ms
stdout | src/routes/api/srs/api-routes.test.ts > GET /api/srs/review/due - Get Due Cards > should return due cards for deck
[SRS] Fetching due cards for user 550e8400-e29b-41d4-a716-446655440001, deck 550e8400-e29b-41d4-a716-446655440011

stderr | src/routes/api/srs/api-routes.test.ts > GET /api/srs/review/due - Get Due Cards > should return due cards for deck
Error processing card 550e8400-e29b-41d4-a716-446655440021: TypeError: supabase.from(...).select(...).eq(...).single is not a function
    at GET [90m(/Users/david/Coding/js/ubumaths/[39msrc/routes/api/srs/review/due/+server.ts:137:8[90m)[39m
[90m    at processTicksAndRejections (node:internal/process/task_queues:105:5)[39m
    at [90m/Users/david/Coding/js/ubumaths/[39msrc/routes/api/srs/api-routes.test.ts:1073:20
    at [90mfile:///Users/david/Coding/js/ubumaths/[39mnode_modules/[4m.pnpm[24m/@vitest+runner@3.2.4/node_modules/[4m@vitest/runner[24m/dist/chunk-hooks.js:752:20

stdout | src/routes/api/srs/api-routes.test.ts > GET /api/srs/review/due - Get Due Cards > should return due cards for deck
[SRS] RPC returned 1 due cards
[SRS] Processing due cards...
[SRS] Processing card 550e8400-e29b-41d4-a716-446655440021, type: custom
[SRS] Returning 0 review cards to client

stdout | src/routes/api/srs/api-routes.test.ts > GET /api/srs/review/due - Get Due Cards > should return empty array when no cards are due
[SRS] Fetching due cards for user 550e8400-e29b-41d4-a716-446655440001, deck 550e8400-e29b-41d4-a716-446655440011

stdout | src/routes/api/srs/api-routes.test.ts > GET /api/srs/review/due - Get Due Cards > should return empty array when no cards are due
[SRS] RPC returned 0 due cards
[SRS] No due cards found - returning empty array

 ✓ |server| src/routes/api/srs/api-routes.test.ts (23 tests) 8409ms
   ✓ POST /api/srs/decks - Create Deck > should create a personal deck with valid data  2872ms
   ✓ POST /api/srs/cards - Add Card to Deck > should add template card to deck  1767ms
   ✓ POST /api/srs/review/submit - Submit Review > should submit review and update stats  750ms
   ✓ GET /api/srs/review/due - Get Due Cards > should return due cards for deck  2935ms
stderr | src/lib/exercises/services/image-upload.test.ts > Upload Operations > uploadExerciseImage > should handle upload errors
Storage upload error: { message: [32m'Storage quota exceeded'[39m }

stderr | src/lib/exercises/services/image-upload.test.ts > Upload Operations > uploadExerciseImage > should handle "already exists" error gracefully
Storage upload error: { message: [32m'The resource already exists'[39m }

stderr | src/lib/exercises/services/image-upload.test.ts > Upload Operations > uploadExerciseImage > should handle exceptions during upload
Exception during image upload: Error: Network error
    at [90m/Users/david/Coding/js/ubumaths/[39msrc/lib/exercises/services/image-upload.test.ts:321:33
    at [90mfile:///Users/david/Coding/js/ubumaths/[39mnode_modules/[4m.pnpm[24m/@vitest+runner@3.2.4/node_modules/[4m@vitest/runner[24m/dist/chunk-hooks.js:155:11
    at [90mfile:///Users/david/Coding/js/ubumaths/[39mnode_modules/[4m.pnpm[24m/@vitest+runner@3.2.4/node_modules/[4m@vitest/runner[24m/dist/chunk-hooks.js:752:26
    at [90mfile:///Users/david/Coding/js/ubumaths/[39mnode_modules/[4m.pnpm[24m/@vitest+runner@3.2.4/node_modules/[4m@vitest/runner[24m/dist/chunk-hooks.js:1897:20
    at new Promise (<anonymous>)
    at runWithTimeout [90m(file:///Users/david/Coding/js/ubumaths/[39mnode_modules/[4m.pnpm[24m/@vitest+runner@3.2.4/node_modules/[4m@vitest/runner[24m/dist/chunk-hooks.js:1863:10[90m)[39m
    at runTest [90m(file:///Users/david/Coding/js/ubumaths/[39mnode_modules/[4m.pnpm[24m/@vitest+runner@3.2.4/node_modules/[4m@vitest/runner[24m/dist/chunk-hooks.js:1574:12[90m)[39m
[90m    at processTicksAndRejections (node:internal/process/task_queues:105:5)[39m
    at runSuite [90m(file:///Users/david/Coding/js/ubumaths/[39mnode_modules/[4m.pnpm[24m/@vitest+runner@3.2.4/node_modules/[4m@vitest/runner[24m/dist/chunk-hooks.js:1729:8[90m)[39m
    at runSuite [90m(file:///Users/david/Coding/js/ubumaths/[39mnode_modules/[4m.pnpm[24m/@vitest+runner@3.2.4/node_modules/[4m@vitest/runner[24m/dist/chunk-hooks.js:1729:8[90m)[39m

stderr | src/lib/exercises/services/image-upload.test.ts > Delete Operations > deleteExerciseImage > should handle delete errors
Storage delete error: { message: [32m'File not found'[39m }

stderr | src/lib/exercises/services/image-upload.test.ts > Delete Operations > deleteExerciseImage > should handle exceptions during deletion
Exception during image deletion: Error: Network error
    at [90m/Users/david/Coding/js/ubumaths/[39msrc/lib/exercises/services/image-upload.test.ts:457:33
    at [90mfile:///Users/david/Coding/js/ubumaths/[39mnode_modules/[4m.pnpm[24m/@vitest+runner@3.2.4/node_modules/[4m@vitest/runner[24m/dist/chunk-hooks.js:155:11
    at [90mfile:///Users/david/Coding/js/ubumaths/[39mnode_modules/[4m.pnpm[24m/@vitest+runner@3.2.4/node_modules/[4m@vitest/runner[24m/dist/chunk-hooks.js:752:26
    at [90mfile:///Users/david/Coding/js/ubumaths/[39mnode_modules/[4m.pnpm[24m/@vitest+runner@3.2.4/node_modules/[4m@vitest/runner[24m/dist/chunk-hooks.js:1897:20
    at new Promise (<anonymous>)
    at runWithTimeout [90m(file:///Users/david/Coding/js/ubumaths/[39mnode_modules/[4m.pnpm[24m/@vitest+runner@3.2.4/node_modules/[4m@vitest/runner[24m/dist/chunk-hooks.js:1863:10[90m)[39m
    at runTest [90m(file:///Users/david/Coding/js/ubumaths/[39mnode_modules/[4m.pnpm[24m/@vitest+runner@3.2.4/node_modules/[4m@vitest/runner[24m/dist/chunk-hooks.js:1574:12[90m)[39m
[90m    at processTicksAndRejections (node:internal/process/task_queues:105:5)[39m
    at runSuite [90m(file:///Users/david/Coding/js/ubumaths/[39mnode_modules/[4m.pnpm[24m/@vitest+runner@3.2.4/node_modules/[4m@vitest/runner[24m/dist/chunk-hooks.js:1729:8[90m)[39m
    at runSuite [90m(file:///Users/david/Coding/js/ubumaths/[39mnode_modules/[4m.pnpm[24m/@vitest+runner@3.2.4/node_modules/[4m@vitest/runner[24m/dist/chunk-hooks.js:1729:8[90m)[39m

 ✓ |server| src/lib/exercises/services/image-upload.test.ts (50 tests) 484ms
 ❯ |server| src/lib/questions/generator/variable-resolver.test.ts (39 tests | 1 failed | 1 skipped) 436ms
   ✓ resolveVariables - Simple Cases > should resolve simple integer random variable 6ms
   ✓ resolveVariables - Simple Cases > should resolve simple eval expression 177ms
   ✓ resolveVariables - Simple Cases > should resolve literal number 10ms
   ✓ resolveVariables - Simple Cases > should resolve multiple independent variables 5ms
   ✓ resolveVariables - Variable References > should resolve variable referencing another variable 0ms
   ✓ resolveVariables - Variable References > should resolve variable in eval expression 13ms
   ✓ resolveVariables - Variable References > should resolve variable in random bounds 1ms
   ✓ resolveVariables - Variable References > should resolve chain of variable references 5ms
   ✓ resolveVariables - Variable References > should resolve multiple variables in one expression 11ms
   ✓ resolveVariables - 3-Stage Pipeline > should resolve variables before random expressions 4ms
   ✓ resolveVariables - 3-Stage Pipeline > should resolve random before eval 69ms
   ✓ resolveVariables - 3-Stage Pipeline > should resolve full pipeline: variable → random → eval 3ms
   ✓ resolveVariables - 3-Stage Pipeline > should handle complex multi-stage resolution 2ms
   ✓ resolveVariables - Exclusions with Variables > should resolve variable in value exclusion 1ms
   ✓ resolveVariables - Exclusions with Variables > should resolve variables in range exclusion 0ms
   ✓ resolveVariables - Exclusions with Variables > should resolve multiple exclusions with variables 0ms
   ✓ resolveVariables - Seeded Random > should produce same results with same seed 0ms
   ✓ resolveVariables - Seeded Random > should produce different results with different seeds 0ms
   ✓ resolveVariables - Seeded Random > should produce reproducible results for complex variables 3ms
   ✓ resolveVariables - Decimal Variables > should resolve decimal random variable 0ms
   ✓ resolveVariables - Decimal Variables > should resolve decimal by digits 0ms
   ✓ resolveVariables - Decimal Variables > should resolve eval with decimal variables 30ms
   ✓ resolveVariables - Decimal Variables > should resolve decimal variables in bounds 0ms
   ✓ resolveVariables - Complex Mathematical Examples > should resolve fraction addition variables 21ms
   ✓ resolveVariables - Complex Mathematical Examples > should resolve GCD/simplification variables 9ms
   ✓ resolveVariables - Complex Mathematical Examples > should resolve quadratic equation variables 4ms
   ✓ resolveVariables - Complex Mathematical Examples > should resolve percentage calculation variables 3ms
   ✓ resolveVariables - Edge Cases > should handle empty variables array 0ms
   × resolveVariables - Edge Cases > should handle variable with empty expression 40ms
     → expected +0 to be '' // Object.is equality
   ✓ resolveVariables - Edge Cases > should handle LaTeX in variable expressions 3ms
   ✓ resolveVariables - Edge Cases > should handle very long variable names 1ms
   ✓ resolveVariables - Edge Cases > should handle negative numbers in eval 0ms
   ✓ resolveVariables - Edge Cases > should handle zero values 1ms
   ✓ resolveVariables - Error Handling > should throw on circular dependency (direct) 2ms
   ✓ resolveVariables - Error Handling > should throw on circular dependency (indirect) 0ms
   ✓ resolveVariables - Error Handling > should throw on circular dependency (chain) 1ms
   ✓ resolveVariables - Error Handling > should throw on undefined variable reference 1ms
   ✓ resolveVariables - Error Handling > should throw on invalid random expression (min > max) 0ms
   ↓ resolveVariables - Error Handling > should throw on invalid eval expression
 ✓ |server| src/lib/server/validation/rewards-messages-notifications.test.ts (105 tests) 93ms
stderr | src/lib/server/assessments.test.ts > createAssessment > should handle database errors during creation
Error creating assessment: { message: [32m'Database error'[39m }

stderr | src/lib/server/assessments.test.ts > getAssessment > should handle assessment not found
Error fetching assessment: { message: [32m'Not found'[39m }

 ✓ |server| src/lib/exercises/generator/instance-generator.test.ts (27 tests) 502ms
stderr | src/lib/templates/advancedEngine.test.ts > applyFilter > should return original value for unknown filter
Unknown filter: unknown_filter

stderr | src/lib/templates/advancedEngine.test.ts > applyFilters > should handle empty filter expression
Unknown filter: 

 ✓ |server| src/lib/templates/advancedEngine.test.ts (108 tests) 59ms
stderr | src/routes/api/exercises/api-routes.test.ts > DELETE /api/exercises/[id]/complete > should handle database errors
Error marking exercise as incomplete: { message: [32m'Database error'[39m }

stderr | src/routes/api/exercises/api-routes.test.ts > DELETE /api/exercises/[id]/complete > should handle database errors
Failed to mark exercise as incomplete: Database error

stderr | src/routes/api/exercises/api-routes.test.ts > GET /api/exercises/[id]/access > should handle RPC errors gracefully
Error checking exercise access: { message: [32m'RPC error'[39m }

stderr | src/routes/api/exercises/api-routes.test.ts > Error handling > should handle database connection errors gracefully
Error fetching student exercises: { message: [32m'Connection failed'[39m }

 ❯ |server| src/routes/api/exercises/api-routes.test.ts (27 tests | 8 failed) 20786ms
   × POST /api/exercises/[id]/assign > should reject unauthenticated requests 9405ms
     → Test timed out in 5000ms.
If this is a long-running test, pass a timeout value as the last argument or configure it globally with "testTimeout".
   × POST /api/exercises/[id]/assign > should reject non-teacher users 7303ms
     → Test timed out in 5000ms.
If this is a long-running test, pass a timeout value as the last argument or configure it globally with "testTimeout".
   × POST /api/exercises/[id]/assign > should create single student assignment 3685ms
     → undefined
   × POST /api/exercises/[id]/assign > should create bulk assignments 8ms
     → undefined
   × POST /api/exercises/[id]/assign > should reject assignment when not exercise owner 2ms
     → undefined
   ✓ GET /api/exercises/assigned > should reject unauthenticated requests 96ms
   ✓ GET /api/exercises/assigned > should return student exercises with filters 4ms
   ✓ GET /api/exercises/assigned > should parse filter parameters correctly 4ms
   ✓ POST /api/exercises/[id]/view > should reject unauthenticated requests 43ms
   × POST /api/exercises/[id]/view > should track view for authenticated user 20ms
     → expected 400 to be 200 // Object.is equality
   ✓ POST /api/exercises/[id]/view > should handle invalid JSON body gracefully 3ms
   ✓ POST /api/exercises/[id]/complete > should reject unauthenticated requests 46ms
   ✓ POST /api/exercises/[id]/complete > should mark exercise as complete 13ms
   ✓ POST /api/exercises/[id]/complete > should create completion record if none exists 8ms
   ✓ DELETE /api/exercises/[id]/complete > should reject unauthenticated requests 22ms
   ✓ DELETE /api/exercises/[id]/complete > should unmark exercise as complete 2ms
   ✓ DELETE /api/exercises/[id]/complete > should handle database errors 7ms
   ✓ GET /api/exercises/[id]/access > should reject unauthenticated requests 92ms
   ✓ GET /api/exercises/[id]/access > should return true when student has access 2ms
   ✓ GET /api/exercises/[id]/access > should return false when student does not have access 2ms
   ✓ GET /api/exercises/[id]/access > should handle RPC errors gracefully 3ms
   × Request validation > should validate assignment type fields 2ms
     → undefined
   ✓ Request validation > should handle malformed JSON 1ms
   ✓ Error handling > should handle database connection errors gracefully 2ms
   ✓ Error handling > should handle missing parameters gracefully 1ms
   ✓ Authorization edge cases > should prevent students from creating assignments 2ms
   × Authorization edge cases > should prevent teachers from assigning exercises they do not own 2ms
     → undefined
TypeError: Cannot read properties of undefined (reading 'wrapDynamicImport')
    at get_hooks (/Users/david/Coding/js/ubumaths/.svelte-kit/generated/server/internal.js:36:77)
    at /Users/david/Coding/js/ubumaths/node_modules/.pnpm/@sveltejs+kit@2.45.0_@sveltejs+vite-plugin-svelte@6.2.1_svelte@5.39.9_vite@7.1.9_@types_122e3302e7439cd705fecf31a4437cda/node_modules/@sveltejs/kit/src/runtime/server/index.js:108:35
    at Server.init (/Users/david/Coding/js/ubumaths/node_modules/.pnpm/@sveltejs+kit@2.45.0_@sveltejs+vite-plugin-svelte@6.2.1_svelte@5.39.9_vite@7.1.9_@types_122e3302e7439cd705fecf31a4437cda/node_modules/@sveltejs/kit/src/runtime/server/index.js:164:5)
    at file:///Users/david/Coding/js/ubumaths/node_modules/.pnpm/@sveltejs+kit@2.45.0_@sveltejs+vite-plugin-svelte@6.2.1_svelte@5.39.9_vite@7.1.9_@types_122e3302e7439cd705fecf31a4437cda/node_modules/@sveltejs/kit/src/exports/vite/dev/index.js:530:18
TypeError: Cannot read properties of undefined (reading 'wrapDynamicImport')
    at get_hooks (/Users/david/Coding/js/ubumaths/.svelte-kit/generated/server/internal.js:36:77)
    at /Users/david/Coding/js/ubumaths/node_modules/.pnpm/@sveltejs+kit@2.45.0_@sveltejs+vite-plugin-svelte@6.2.1_svelte@5.39.9_vite@7.1.9_@types_122e3302e7439cd705fecf31a4437cda/node_modules/@sveltejs/kit/src/runtime/server/index.js:108:35
    at Server.init (/Users/david/Coding/js/ubumaths/node_modules/.pnpm/@sveltejs+kit@2.45.0_@sveltejs+vite-plugin-svelte@6.2.1_svelte@5.39.9_vite@7.1.9_@types_122e3302e7439cd705fecf31a4437cda/node_modules/@sveltejs/kit/src/runtime/server/index.js:164:5)
    at file:///Users/david/Coding/js/ubumaths/node_modules/.pnpm/@sveltejs+kit@2.45.0_@sveltejs+vite-plugin-svelte@6.2.1_svelte@5.39.9_vite@7.1.9_@types_122e3302e7439cd705fecf31a4437cda/node_modules/@sveltejs/kit/src/exports/vite/dev/index.js:530:18
stdout | src/lib/questions/generator/test-exact-repro.test.ts > Exact reproduction > should generate simple numerical question instance
Result: {
  success: [33mtrue[39m,
  answer: [32m'11'[39m,
  answerType: [32m'string'[39m,
  answerString: [32m'11'[39m,
  variables: [ { name: [32m'a'[39m, value: [32m'3'[39m }, { name: [32m'b'[39m, value: [32m'8'[39m } ]
}

 ✓ |server| src/lib/questions/generator/test-exact-repro.test.ts (1 test) 128ms
 ❯ |server| src/lib/server/assessments.test.ts (44 tests | 2 failed) 5177ms
   ✓ createAssessment > should create a draft assessment successfully 17ms
   ✓ createAssessment > should create a published assessment 8ms
   ✓ createAssessment > should handle database errors during creation 2ms
   ✓ createAssessment > should include categories and settings in JSONB format 2ms
   ✓ getAssessment > should retrieve assessment by ID 1ms
   ✓ getAssessment > should handle assessment not found 1ms
   ✓ getTeacherAssessments > should retrieve all assessments for a teacher 5ms
   ✓ getTeacherAssessments > should filter assessments by status 3ms
   ✓ getTeacherAssessments > should return empty array when teacher has no assessments 2ms
   ✓ updateAssessment > should update assessment title 1ms
   ✓ updateAssessment > should merge settings with existing settings 4ms
   ✓ updateAssessment > should reject update when not authorized 1ms
   ✓ updateAssessment > should reject update when assessment not found 1ms
   ✓ updateAssessment > should update multiple fields at once 2ms
   ✓ publishAssessment > should publish a draft assessment 2ms
   ✓ archiveAssessment > should archive an assessment 2ms
   ✓ deleteAssessment > should soft delete by archiving 2ms
   ✓ assignAssessment > should assign assessment to classes 3ms
   ✓ assignAssessment > should assign assessment to individual students 2ms
   ✓ assignAssessment > should assign to both classes and students 2ms
   ✓ assignAssessment > should reject assignment when not authorized 2ms
   ✓ assignAssessment > should reject assignment when assessment is not published 2ms
   ✓ assignAssessment > should reject assignment when no targets specified 3ms
   ✓ assignAssessment > should reject assignment when assessment not found 1ms
   ✓ getAssessmentAssignments > should retrieve all assignments for an assessment 1ms
   ✓ getAssessmentAssignments > should return empty array when no assignments exist 1ms
   ✓ removeAssignment > should remove an assignment 3ms
   ✓ removeAssignment > should reject removal when not authorized 2ms
   ✓ removeAssignment > should reject removal when assignment not found 1ms
   ✓ getStudentAssignments > should get student assignments (direct + class-based) 2ms
   × getStudentAssignments > should include attempt statistics for each assignment 28ms
     → expected +0 to be 3 // Object.is equality
   × getStudentAssignments > should return empty array when student has no assignments 5013ms
     → Test timed out in 5000ms.
If this is a long-running test, pass a timeout value as the last argument or configure it globally with "testTimeout".
   ✓ validateAttempt > should allow attempt when conditions are met 14ms
   ✓ validateAttempt > should reject when deadline has passed 6ms
   ✓ validateAttempt > should reject when max attempts reached 2ms
   ✓ validateAttempt > should allow unlimited attempts when max_attempts is null 2ms
   ✓ validateAttempt > should handle assignment not found 2ms
   ✓ getAssessmentResults > should get results for class assignments 4ms
   ✓ getAssessmentResults > should filter test students when isTestMode is true 2ms
   ✓ getAssessmentResults > should return empty array when no assignments exist 2ms
   ✓ getAssessmentStatistics > should calculate statistics from results 3ms
   ✓ getAssessmentStatistics > should handle zero assignments 2ms
   ✓ getClassStatistics > should calculate statistics per class 3ms
   ✓ getClassStatistics > should return empty array when no class assignments exist 5ms
 ✓ |server| src/lib/server/env.test.ts (19 tests) 35ms
 ✓ |server| src/lib/server/validation/exercises.test.ts (66 tests) 99ms
stderr | src/lib/server/riddle-auto-select.test.ts > autoSelectRiddleOfTheDay > RPC Function Call > should handle RPC errors
Error setting riddle of the day: { message: [32m'RPC failed'[39m }

stderr | src/lib/server/riddle-auto-select.test.ts > autoSelectRiddleOfTheDay > Error Handling > should handle database errors gracefully
Unexpected error in autoSelectRiddleOfTheDay: Error: Database connection failed
    at [90m/Users/david/Coding/js/ubumaths/[39msrc/lib/server/riddle-auto-select.test.ts:839:41
    at [90mfile:///Users/david/Coding/js/ubumaths/[39mnode_modules/[4m.pnpm[24m/@vitest+runner@3.2.4/node_modules/[4m@vitest/runner[24m/dist/chunk-hooks.js:155:11
    at [90mfile:///Users/david/Coding/js/ubumaths/[39mnode_modules/[4m.pnpm[24m/@vitest+runner@3.2.4/node_modules/[4m@vitest/runner[24m/dist/chunk-hooks.js:752:26
    at [90mfile:///Users/david/Coding/js/ubumaths/[39mnode_modules/[4m.pnpm[24m/@vitest+runner@3.2.4/node_modules/[4m@vitest/runner[24m/dist/chunk-hooks.js:1897:20
    at new Promise (<anonymous>)
    at runWithTimeout [90m(file:///Users/david/Coding/js/ubumaths/[39mnode_modules/[4m.pnpm[24m/@vitest+runner@3.2.4/node_modules/[4m@vitest/runner[24m/dist/chunk-hooks.js:1863:10[90m)[39m
    at runTest [90m(file:///Users/david/Coding/js/ubumaths/[39mnode_modules/[4m.pnpm[24m/@vitest+runner@3.2.4/node_modules/[4m@vitest/runner[24m/dist/chunk-hooks.js:1574:12[90m)[39m
[90m    at processTicksAndRejections (node:internal/process/task_queues:105:5)[39m
    at runSuite [90m(file:///Users/david/Coding/js/ubumaths/[39mnode_modules/[4m.pnpm[24m/@vitest+runner@3.2.4/node_modules/[4m@vitest/runner[24m/dist/chunk-hooks.js:1729:8[90m)[39m
    at runSuite [90m(file:///Users/david/Coding/js/ubumaths/[39mnode_modules/[4m.pnpm[24m/@vitest+runner@3.2.4/node_modules/[4m@vitest/runner[24m/dist/chunk-hooks.js:1729:8[90m)[39m

 ✓ |server| src/lib/server/riddle-auto-select.test.ts (17 tests) 76ms
 ✓ |server| src/lib/questions/parser/tokenizer.test.ts (31 tests) 26ms
 ✓ |server| src/lib/server/validation/common.test.ts (68 tests) 102ms
 ✓ |server| tests/unit/validation/warnings.test.ts (67 tests) 88ms
stdout | src/lib/utils/game/challenge-variables.test.ts > Challenge Variable System > generateChallengeInstance > should generate instance with evaluated variables
Challenge answer definition: {
  "value": "a + b"
}
Variables: {
  "a": 1,
  "b": 1
}
Evaluated correct answer: [33m2[39m

stdout | src/lib/utils/game/challenge-variables.test.ts > Challenge Variable System > generateChallengeInstance > should evaluate numeric values correctly
Challenge answer definition: {
  "value": "a + b"
}
Variables: {
  "a": 5,
  "b": 10
}
Evaluated correct answer: [33m15[39m

stdout | src/lib/utils/game/challenge-variables.test.ts > Challenge Variable System > generateChallengeInstance > should handle variable dependencies
Challenge answer definition: {
  "value": "a + b"
}
Variables: {
  "a": 5,
  "b": 10
}
Evaluated correct answer: [33m15[39m

stdout | src/lib/utils/game/challenge-variables.test.ts > Challenge Variable System > generateChallengeInstance > should handle complex dependencies with topological sorting
Challenge answer definition: {
  "value": "a + b"
}
Variables: {
  "a": 3,
  "b": 6,
  "c": 9
}
Evaluated correct answer: [33m9[39m

stdout | src/lib/utils/game/challenge-variables.test.ts > Challenge Variable System > generateChallengeInstance > should handle array values without evaluation
Challenge answer definition: {
  "value": "a + b"
}
Variables: {
  "options": [
    "A",
    "B",
    "C"
  ]
}
Evaluated correct answer: [1mnull[22m

stderr | src/lib/utils/game/challenge-variables.test.ts > Challenge Variable System > generateChallengeInstance > should handle array values without evaluation
Failed to evaluate expression: a + b Error: Undefined symbol a
    at SymbolNode.onUndefinedSymbol [90m(file:///Users/david/Coding/js/ubumaths/[39mnode_modules/[4m.pnpm[24m/mathjs@15.0.0/node_modules/[4mmathjs[24m/lib/esm/expression/node/SymbolNode.js:101:13[90m)[39m
    at [90mfile:///Users/david/Coding/js/ubumaths/[39mnode_modules/[4m.pnpm[24m/mathjs@15.0.0/node_modules/[4mmathjs[24m/lib/esm/expression/node/SymbolNode.js:73:97
    at evalOperatorNode [90m(file:///Users/david/Coding/js/ubumaths/[39mnode_modules/[4m.pnpm[24m/mathjs@15.0.0/node_modules/[4mmathjs[24m/lib/esm/expression/node/OperatorNode.js:304:21[90m)[39m
    at Object.evaluate [90m(file:///Users/david/Coding/js/ubumaths/[39mnode_modules/[4m.pnpm[24m/mathjs@15.0.0/node_modules/[4mmathjs[24m/lib/esm/expression/node/Node.js:56:16[90m)[39m
    at Object.string_Map__Object [90m(file:///Users/david/Coding/js/ubumaths/[39mnode_modules/[4m.pnpm[24m/mathjs@15.0.0/node_modules/[4mmathjs[24m/lib/esm/expression/function/evaluate.js:54:36[90m)[39m
    at Object.evaluate [90m(/Users/david/Coding/js/ubumaths/[39mnode_modules/[4m.pnpm[24m/typed-function@4.2.1/node_modules/[4mtyped-function[24m/lib/esm/typed-function.mjs:1467:20[90m)[39m
    at evaluateWithContext [90m(/Users/david/Coding/js/ubumaths/[39msrc/lib/utils/game/challenge-variables.ts:187:15[90m)[39m
    at evaluateAnswer [90m(/Users/david/Coding/js/ubumaths/[39msrc/lib/utils/game/challenge-variables.ts:394:11[90m)[39m
    at generateChallengeInstance [90m(/Users/david/Coding/js/ubumaths/[39msrc/lib/utils/game/challenge-variables.ts:146:24[90m)[39m
    at [90m/Users/david/Coding/js/ubumaths/[39msrc/lib/utils/game/challenge-variables.test.ts:92:21

stdout | src/lib/utils/game/challenge-variables.test.ts > Challenge Variable System > generateChallengeInstance > should evaluate randomInt function
Challenge answer definition: {
  "value": "a + b"
}
Variables: {
  "a": 1
}
Evaluated correct answer: [1mnull[22m

stderr | src/lib/utils/game/challenge-variables.test.ts > Challenge Variable System > generateChallengeInstance > should evaluate randomInt function
Failed to evaluate expression: a + b TypeError: Unexpected type of argument in function addScalar (expected: number or bigint or string or boolean or BigNumber or Complex or Fraction, actual: Unit | identifier, index: 1)
    at typed.createError [90m(/Users/david/Coding/js/ubumaths/[39mnode_modules/[4m.pnpm[24m/typed-function@4.2.1/node_modules/[4mtyped-function[24m/lib/esm/typed-function.mjs:719:17[90m)[39m
    at typed.onMismatch [90m(file:///Users/david/Coding/js/ubumaths/[39mnode_modules/[4m.pnpm[24m/mathjs@15.0.0/node_modules/[4mmathjs[24m/lib/esm/core/function/typed.js:432:28[90m)[39m
    at generic [90m(/Users/david/Coding/js/ubumaths/[39mnode_modules/[4m.pnpm[24m/typed-function@4.2.1/node_modules/[4mtyped-function[24m/lib/esm/typed-function.mjs:1446:20[90m)[39m
    at addScalar [90m(/Users/david/Coding/js/ubumaths/[39mnode_modules/[4m.pnpm[24m/typed-function@4.2.1/node_modules/[4mtyped-function[24m/lib/esm/typed-function.mjs:1472:22[90m)[39m
    at generic [90m(/Users/david/Coding/js/ubumaths/[39mnode_modules/[4m.pnpm[24m/typed-function@4.2.1/node_modules/[4mtyped-function[24m/lib/esm/typed-function.mjs:1443:25[90m)[39m
    at add [90m(/Users/david/Coding/js/ubumaths/[39mnode_modules/[4m.pnpm[24m/typed-function@4.2.1/node_modules/[4mtyped-function[24m/lib/esm/typed-function.mjs:1472:22[90m)[39m
    at evalOperatorNode [90m(file:///Users/david/Coding/js/ubumaths/[39mnode_modules/[4m.pnpm[24m/mathjs@15.0.0/node_modules/[4mmathjs[24m/lib/esm/expression/node/OperatorNode.js:304:18[90m)[39m
    at Object.evaluate [90m(file:///Users/david/Coding/js/ubumaths/[39mnode_modules/[4m.pnpm[24m/mathjs@15.0.0/node_modules/[4mmathjs[24m/lib/esm/expression/node/Node.js:56:16[90m)[39m
    at Object.string_Map__Object [90m(file:///Users/david/Coding/js/ubumaths/[39mnode_modules/[4m.pnpm[24m/mathjs@15.0.0/node_modules/[4mmathjs[24m/lib/esm/expression/function/evaluate.js:54:36[90m)[39m
    at Object.evaluate [90m(/Users/david/Coding/js/ubumaths/[39mnode_modules/[4m.pnpm[24m/typed-function@4.2.1/node_modules/[4mtyped-function[24m/lib/esm/typed-function.mjs:1467:20[90m)[39m {
  data: {
    category: [32m'wrongType'[39m,
    fn: [32m'addScalar'[39m,
    index: [33m1[39m,
    actual: [ [32m'Unit'[39m, [32m'identifier'[39m ],
    expected: [
      [32m'number'[39m,
      [32m'bigint'[39m,
      [32m'string'[39m,
      [32m'boolean'[39m,
      [32m'BigNumber'[39m,
      [32m'Complex'[39m,
      [32m'Fraction'[39m
    ]
  }
}

stdout | src/lib/utils/game/challenge-variables.test.ts > Challenge Variable System > generateChallengeInstance > should evaluate pickRandom function
Challenge answer definition: {
  "value": "choice"
}
Variables: {
  "choice": 1
}
Evaluated correct answer: [33m1[39m

stdout | src/lib/utils/game/challenge-variables.test.ts > Challenge Variable System > generateChallengeInstance > should handle expression templates
Challenge answer definition: {
  "value": "a + b"
}
Variables: {
  "a": 5
}
Evaluated correct answer: [1mnull[22m

stderr | src/lib/utils/game/challenge-variables.test.ts > Challenge Variable System > generateChallengeInstance > should handle expression templates
Failed to evaluate expression: a + b TypeError: Unexpected type of argument in function addScalar (expected: number or bigint or string or boolean or BigNumber or Complex or Fraction, actual: Unit | identifier, index: 1)
    at typed.createError [90m(/Users/david/Coding/js/ubumaths/[39mnode_modules/[4m.pnpm[24m/typed-function@4.2.1/node_modules/[4mtyped-function[24m/lib/esm/typed-function.mjs:719:17[90m)[39m
    at typed.onMismatch [90m(file:///Users/david/Coding/js/ubumaths/[39mnode_modules/[4m.pnpm[24m/mathjs@15.0.0/node_modules/[4mmathjs[24m/lib/esm/core/function/typed.js:432:28[90m)[39m
    at generic [90m(/Users/david/Coding/js/ubumaths/[39mnode_modules/[4m.pnpm[24m/typed-function@4.2.1/node_modules/[4mtyped-function[24m/lib/esm/typed-function.mjs:1446:20[90m)[39m
    at addScalar [90m(/Users/david/Coding/js/ubumaths/[39mnode_modules/[4m.pnpm[24m/typed-function@4.2.1/node_modules/[4mtyped-function[24m/lib/esm/typed-function.mjs:1472:22[90m)[39m
    at generic [90m(/Users/david/Coding/js/ubumaths/[39mnode_modules/[4m.pnpm[24m/typed-function@4.2.1/node_modules/[4mtyped-function[24m/lib/esm/typed-function.mjs:1443:25[90m)[39m
    at add [90m(/Users/david/Coding/js/ubumaths/[39mnode_modules/[4m.pnpm[24m/typed-function@4.2.1/node_modules/[4mtyped-function[24m/lib/esm/typed-function.mjs:1472:22[90m)[39m
    at evalOperatorNode [90m(file:///Users/david/Coding/js/ubumaths/[39mnode_modules/[4m.pnpm[24m/mathjs@15.0.0/node_modules/[4mmathjs[24m/lib/esm/expression/node/OperatorNode.js:304:18[90m)[39m
    at Object.evaluate [90m(file:///Users/david/Coding/js/ubumaths/[39mnode_modules/[4m.pnpm[24m/mathjs@15.0.0/node_modules/[4mmathjs[24m/lib/esm/expression/node/Node.js:56:16[90m)[39m
    at Object.string_Map__Object [90m(file:///Users/david/Coding/js/ubumaths/[39mnode_modules/[4m.pnpm[24m/mathjs@15.0.0/node_modules/[4mmathjs[24m/lib/esm/expression/function/evaluate.js:54:36[90m)[39m
    at Object.evaluate [90m(/Users/david/Coding/js/ubumaths/[39mnode_modules/[4m.pnpm[24m/typed-function@4.2.1/node_modules/[4mtyped-function[24m/lib/esm/typed-function.mjs:1467:20[90m)[39m {
  data: {
    category: [32m'wrongType'[39m,
    fn: [32m'addScalar'[39m,
    index: [33m1[39m,
    actual: [ [32m'Unit'[39m, [32m'identifier'[39m ],
    expected: [
      [32m'number'[39m,
      [32m'bigint'[39m,
      [32m'string'[39m,
      [32m'boolean'[39m,
      [32m'BigNumber'[39m,
      [32m'Complex'[39m,
      [32m'Fraction'[39m
    ]
  }
}

stdout | src/lib/utils/game/challenge-variables.test.ts > Challenge Variable System > generateChallengeInstance > should evaluate correct answer from variable
Challenge answer definition: {
  "value": "a + b"
}
Variables: {
  "a": 7,
  "b": 3
}
Evaluated correct answer: [33m10[39m

stdout | src/lib/utils/game/challenge-variables.test.ts > Challenge Variable System > generateChallengeInstance > should evaluate correct answer from array format
Challenge answer definition: [
  "result"
]
Variables: {
  "result": 42
}
Evaluated correct answer: [33m42[39m

stdout | src/lib/utils/game/challenge-variables.test.ts > Challenge Variable System > generateChallengeInstance > should handle conditional answers
Challenge answer definition: [
  {
    "if": "a > 5",
    "choice": "15"
  },
  {
    "if": "a <= 5",
    "choice": "5"
  }
]
Variables: {
  "a": 10
}
Evaluated correct answer: [33m15[39m

stdout | src/lib/utils/game/challenge-variables.test.ts > Challenge Variable System > generateChallengeInstance > should handle determined choice answers
Challenge answer definition: [
  {
    "determined": true,
    "choice": "{a} - {b}"
  }
]
Variables: {
  "a": 10,
  "b": 5
}
Evaluated correct answer: [33m5[39m

stdout | src/lib/utils/game/challenge-variables.test.ts > Challenge Variable System > generateChallengeInstance > should handle pgcd (GCD) function
Challenge answer definition: {
  "value": "a + b"
}
Variables: {
  "result": 4
}
Evaluated correct answer: [1mnull[22m

stderr | src/lib/utils/game/challenge-variables.test.ts > Challenge Variable System > generateChallengeInstance > should handle pgcd (GCD) function
Failed to evaluate expression: a + b Error: Undefined symbol a
    at SymbolNode.onUndefinedSymbol [90m(file:///Users/david/Coding/js/ubumaths/[39mnode_modules/[4m.pnpm[24m/mathjs@15.0.0/node_modules/[4mmathjs[24m/lib/esm/expression/node/SymbolNode.js:101:13[90m)[39m
    at [90mfile:///Users/david/Coding/js/ubumaths/[39mnode_modules/[4m.pnpm[24m/mathjs@15.0.0/node_modules/[4mmathjs[24m/lib/esm/expression/node/SymbolNode.js:73:97
    at evalOperatorNode [90m(file:///Users/david/Coding/js/ubumaths/[39mnode_modules/[4m.pnpm[24m/mathjs@15.0.0/node_modules/[4mmathjs[24m/lib/esm/expression/node/OperatorNode.js:304:21[90m)[39m
    at Object.evaluate [90m(file:///Users/david/Coding/js/ubumaths/[39mnode_modules/[4m.pnpm[24m/mathjs@15.0.0/node_modules/[4mmathjs[24m/lib/esm/expression/node/Node.js:56:16[90m)[39m
    at Object.string_Map__Object [90m(file:///Users/david/Coding/js/ubumaths/[39mnode_modules/[4m.pnpm[24m/mathjs@15.0.0/node_modules/[4mmathjs[24m/lib/esm/expression/function/evaluate.js:54:36[90m)[39m
    at Object.evaluate [90m(/Users/david/Coding/js/ubumaths/[39mnode_modules/[4m.pnpm[24m/typed-function@4.2.1/node_modules/[4mtyped-function[24m/lib/esm/typed-function.mjs:1467:20[90m)[39m
    at evaluateWithContext [90m(/Users/david/Coding/js/ubumaths/[39msrc/lib/utils/game/challenge-variables.ts:187:15[90m)[39m
    at evaluateAnswer [90m(/Users/david/Coding/js/ubumaths/[39msrc/lib/utils/game/challenge-variables.ts:394:11[90m)[39m
    at generateChallengeInstance [90m(/Users/david/Coding/js/ubumaths/[39msrc/lib/utils/game/challenge-variables.ts:146:24[90m)[39m
    at [90m/Users/david/Coding/js/ubumaths/[39msrc/lib/utils/game/challenge-variables.test.ts:212:21

stdout | src/lib/utils/game/challenge-variables.test.ts > Challenge Variable System > generateChallengeInstance > should handle ppcm (LCM) function
Challenge answer definition: {
  "value": "a + b"
}
Variables: {
  "result": 12
}
Evaluated correct answer: [1mnull[22m

stderr | src/lib/utils/game/challenge-variables.test.ts > Challenge Variable System > generateChallengeInstance > should handle ppcm (LCM) function
Failed to evaluate expression: a + b Error: Undefined symbol a
    at SymbolNode.onUndefinedSymbol [90m(file:///Users/david/Coding/js/ubumaths/[39mnode_modules/[4m.pnpm[24m/mathjs@15.0.0/node_modules/[4mmathjs[24m/lib/esm/expression/node/SymbolNode.js:101:13[90m)[39m
    at [90mfile:///Users/david/Coding/js/ubumaths/[39mnode_modules/[4m.pnpm[24m/mathjs@15.0.0/node_modules/[4mmathjs[24m/lib/esm/expression/node/SymbolNode.js:73:97
    at evalOperatorNode [90m(file:///Users/david/Coding/js/ubumaths/[39mnode_modules/[4m.pnpm[24m/mathjs@15.0.0/node_modules/[4mmathjs[24m/lib/esm/expression/node/OperatorNode.js:304:21[90m)[39m
    at Object.evaluate [90m(file:///Users/david/Coding/js/ubumaths/[39mnode_modules/[4m.pnpm[24m/mathjs@15.0.0/node_modules/[4mmathjs[24m/lib/esm/expression/node/Node.js:56:16[90m)[39m
    at Object.string_Map__Object [90m(file:///Users/david/Coding/js/ubumaths/[39mnode_modules/[4m.pnpm[24m/mathjs@15.0.0/node_modules/[4mmathjs[24m/lib/esm/expression/function/evaluate.js:54:36[90m)[39m
    at Object.evaluate [90m(/Users/david/Coding/js/ubumaths/[39mnode_modules/[4m.pnpm[24m/typed-function@4.2.1/node_modules/[4mtyped-function[24m/lib/esm/typed-function.mjs:1467:20[90m)[39m
    at evaluateWithContext [90m(/Users/david/Coding/js/ubumaths/[39msrc/lib/utils/game/challenge-variables.ts:187:15[90m)[39m
    at evaluateAnswer [90m(/Users/david/Coding/js/ubumaths/[39msrc/lib/utils/game/challenge-variables.ts:394:11[90m)[39m
    at generateChallengeInstance [90m(/Users/david/Coding/js/ubumaths/[39msrc/lib/utils/game/challenge-variables.ts:146:24[90m)[39m
    at [90m/Users/david/Coding/js/ubumaths/[39msrc/lib/utils/game/challenge-variables.test.ts:225:21

stdout | src/lib/utils/game/challenge-variables.test.ts > Challenge Variable System > validateAnswer > should validate correct numeric answer
[validateAnswer] Starting validation
[validateAnswer] Student: 42 Type: number
[validateAnswer] Correct: 42 Type: number
[validateAnswer] Tolerance: [33m0.01[39m
[validateAnswer] Correct answer is number, checking student...
[validateAnswer] Numeric comparison: diff = [33m0[39m tolerance = [33m0.01[39m result = [33mtrue[39m
[validateAnswer] Starting validation
[validateAnswer] Student: 42 Type: number
[validateAnswer] Correct: 41 Type: number
[validateAnswer] Tolerance: [33m0.01[39m
[validateAnswer] Correct answer is number, checking student...
[validateAnswer] Numeric comparison: diff = [33m1[39m tolerance = [33m0.01[39m result = [33mfalse[39m

stdout | src/lib/utils/game/challenge-variables.test.ts > Challenge Variable System > validateAnswer > should handle numeric tolerance
[validateAnswer] Starting validation
[validateAnswer] Student: 42.01 Type: number
[validateAnswer] Correct: 42 Type: number
[validateAnswer] Tolerance: [33m0.05[39m
[validateAnswer] Correct answer is number, checking student...
[validateAnswer] Numeric comparison: diff = [33m0.00999999999999801[39m tolerance = [33m0.05[39m result = [33mtrue[39m
[validateAnswer] Starting validation
[validateAnswer] Student: 42.1 Type: number
[validateAnswer] Correct: 42 Type: number
[validateAnswer] Tolerance: [33m0.05[39m
[validateAnswer] Correct answer is number, checking student...
[validateAnswer] Numeric comparison: diff = [33m0.10000000000000142[39m tolerance = [33m0.05[39m result = [33mfalse[39m

stdout | src/lib/utils/game/challenge-variables.test.ts > Challenge Variable System > validateAnswer > should validate string answers (case-insensitive)
[validateAnswer] Starting validation
[validateAnswer] Student: "Paris" Type: string
[validateAnswer] Correct: "paris" Type: string
[validateAnswer] Tolerance: [33m0.01[39m
[validateAnswer] String comparison: paris === paris ? [33mtrue[39m
[validateAnswer] Starting validation
[validateAnswer] Student: "PARIS" Type: string
[validateAnswer] Correct: "paris" Type: string
[validateAnswer] Tolerance: [33m0.01[39m
[validateAnswer] String comparison: paris === paris ? [33mtrue[39m
[validateAnswer] Starting validation
[validateAnswer] Student: "Paris" Type: string
[validateAnswer] Correct: "Lyon" Type: string
[validateAnswer] Tolerance: [33m0.01[39m
[validateAnswer] String comparison: paris === lyon ? [33mfalse[39m

stdout | src/lib/utils/game/challenge-variables.test.ts > Challenge Variable System > validateAnswer > should trim whitespace in string comparison
[validateAnswer] Starting validation
[validateAnswer] Student: "  Paris  " Type: string
[validateAnswer] Correct: "paris" Type: string
[validateAnswer] Tolerance: [33m0.01[39m
[validateAnswer] String comparison: paris === paris ? [33mtrue[39m
[validateAnswer] Starting validation
[validateAnswer] Student: "Paris" Type: string
[validateAnswer] Correct: "  paris  " Type: string
[validateAnswer] Tolerance: [33m0.01[39m
[validateAnswer] String comparison: paris === paris ? [33mtrue[39m

stdout | src/lib/utils/game/challenge-variables.test.ts > Challenge Variable System > validateAnswer > should validate array answers
[validateAnswer] Starting validation
[validateAnswer] Student: [1,2,3] Type: object
[validateAnswer] Correct: [1,2,3] Type: object
[validateAnswer] Tolerance: [33m0.01[39m
[validateAnswer] Array comparison
[validateAnswer] Starting validation
[validateAnswer] Student: 1 Type: number
[validateAnswer] Correct: 1 Type: number
[validateAnswer] Tolerance: [33m0.01[39m
[validateAnswer] Correct answer is number, checking student...
[validateAnswer] Numeric comparison: diff = [33m0[39m tolerance = [33m0.01[39m result = [33mtrue[39m
[validateAnswer] Starting validation
[validateAnswer] Student: 2 Type: number
[validateAnswer] Correct: 2 Type: number
[validateAnswer] Tolerance: [33m0.01[39m
[validateAnswer] Correct answer is number, checking student...
[validateAnswer] Numeric comparison: diff = [33m0[39m tolerance = [33m0.01[39m result = [33mtrue[39m
[validateAnswer] Starting validation
[validateAnswer] Student: 3 Type: number
[validateAnswer] Correct: 3 Type: number
[validateAnswer] Tolerance: [33m0.01[39m
[validateAnswer] Correct answer is number, checking student...
[validateAnswer] Numeric comparison: diff = [33m0[39m tolerance = [33m0.01[39m result = [33mtrue[39m
[validateAnswer] SUCCESS: All array elements match
[validateAnswer] Starting validation
[validateAnswer] Student: [1,2,3] Type: object
[validateAnswer] Correct: [1,2,4] Type: object
[validateAnswer] Tolerance: [33m0.01[39m
[validateAnswer] Array comparison
[validateAnswer] Starting validation
[validateAnswer] Student: 1 Type: number
[validateAnswer] Correct: 1 Type: number
[validateAnswer] Tolerance: [33m0.01[39m
[validateAnswer] Correct answer is number, checking student...
[validateAnswer] Numeric comparison: diff = [33m0[39m tolerance = [33m0.01[39m result = [33mtrue[39m
[validateAnswer] Starting validation
[validateAnswer] Student: 2 Type: number
[validateAnswer] Correct: 2 Type: number
[validateAnswer] Tolerance: [33m0.01[39m
[validateAnswer] Correct answer is number, checking student...
[validateAnswer] Numeric comparison: diff = [33m0[39m tolerance = [33m0.01[39m result = [33mtrue[39m
[validateAnswer] Starting validation
[validateAnswer] Student: 3 Type: number
[validateAnswer] Correct: 4 Type: number
[validateAnswer] Tolerance: [33m0.01[39m
[validateAnswer] Correct answer is number, checking student...
[validateAnswer] Numeric comparison: diff = [33m1[39m tolerance = [33m0.01[39m result = [33mfalse[39m
[validateAnswer] FAIL: Array element [33m2[39m differs
[validateAnswer] Starting validation
[validateAnswer] Student: [1,2] Type: object
[validateAnswer] Correct: [1,2,3] Type: object
[validateAnswer] Tolerance: [33m0.01[39m
[validateAnswer] Array comparison
[validateAnswer] FAIL: Array lengths differ

stdout | src/lib/utils/game/challenge-variables.test.ts > Challenge Variable System > validateAnswer > should handle nested array validation
[validateAnswer] Starting validation
[validateAnswer] Student: [[1,2],[3,4]] Type: object
[validateAnswer] Correct: [[1,2],[3,4]] Type: object
[validateAnswer] Tolerance: [33m0.01[39m
[validateAnswer] Array comparison
[validateAnswer] Starting validation
[validateAnswer] Student: [1,2] Type: object
[validateAnswer] Correct: [1,2] Type: object
[validateAnswer] Tolerance: [33m0.01[39m
[validateAnswer] Array comparison
[validateAnswer] Starting validation
[validateAnswer] Student: 1 Type: number
[validateAnswer] Correct: 1 Type: number
[validateAnswer] Tolerance: [33m0.01[39m
[validateAnswer] Correct answer is number, checking student...
[validateAnswer] Numeric comparison: diff = [33m0[39m tolerance = [33m0.01[39m result = [33mtrue[39m
[validateAnswer] Starting validation
[validateAnswer] Student: 2 Type: number
[validateAnswer] Correct: 2 Type: number
[validateAnswer] Tolerance: [33m0.01[39m
[validateAnswer] Correct answer is number, checking student...
[validateAnswer] Numeric comparison: diff = [33m0[39m tolerance = [33m0.01[39m result = [33mtrue[39m
[validateAnswer] SUCCESS: All array elements match
[validateAnswer] Starting validation
[validateAnswer] Student: [3,4] Type: object
[validateAnswer] Correct: [3,4] Type: object
[validateAnswer] Tolerance: [33m0.01[39m
[validateAnswer] Array comparison
[validateAnswer] Starting validation
[validateAnswer] Student: 3 Type: number
[validateAnswer] Correct: 3 Type: number
[validateAnswer] Tolerance: [33m0.01[39m
[validateAnswer] Correct answer is number, checking student...
[validateAnswer] Numeric comparison: diff = [33m0[39m tolerance = [33m0.01[39m result = [33mtrue[39m
[validateAnswer] Starting validation
[validateAnswer] Student: 4 Type: number
[validateAnswer] Correct: 4 Type: number
[validateAnswer] Tolerance: [33m0.01[39m
[validateAnswer] Correct answer is number, checking student...
[validateAnswer] Numeric comparison: diff = [33m0[39m tolerance = [33m0.01[39m result = [33mtrue[39m
[validateAnswer] SUCCESS: All array elements match
[validateAnswer] SUCCESS: All array elements match
[validateAnswer] Starting validation
[validateAnswer] Student: [[1,2],[3,4]] Type: object
[validateAnswer] Correct: [[1,2],[3,5]] Type: object
[validateAnswer] Tolerance: [33m0.01[39m
[validateAnswer] Array comparison
[validateAnswer] Starting validation
[validateAnswer] Student: [1,2] Type: object
[validateAnswer] Correct: [1,2] Type: object
[validateAnswer] Tolerance: [33m0.01[39m
[validateAnswer] Array comparison
[validateAnswer] Starting validation
[validateAnswer] Student: 1 Type: number
[validateAnswer] Correct: 1 Type: number
[validateAnswer] Tolerance: [33m0.01[39m
[validateAnswer] Correct answer is number, checking student...
[validateAnswer] Numeric comparison: diff = [33m0[39m tolerance = [33m0.01[39m result = [33mtrue[39m
[validateAnswer] Starting validation
[validateAnswer] Student: 2 Type: number
[validateAnswer] Correct: 2 Type: number
[validateAnswer] Tolerance: [33m0.01[39m
[validateAnswer] Correct answer is number, checking student...
[validateAnswer] Numeric comparison: diff = [33m0[39m tolerance = [33m0.01[39m result = [33mtrue[39m
[validateAnswer] SUCCESS: All array elements match
[validateAnswer] Starting validation
[validateAnswer] Student: [3,4] Type: object
[validateAnswer] Correct: [3,5] Type: object
[validateAnswer] Tolerance: [33m0.01[39m
[validateAnswer] Array comparison
[validateAnswer] Starting validation
[validateAnswer] Student: 3 Type: number
[validateAnswer] Correct: 3 Type: number
[validateAnswer] Tolerance: [33m0.01[39m
[validateAnswer] Correct answer is number, checking student...
[validateAnswer] Numeric comparison: diff = [33m0[39m tolerance = [33m0.01[39m result = [33mtrue[39m
[validateAnswer] Starting validation
[validateAnswer] Student: 4 Type: number
[validateAnswer] Correct: 5 Type: number
[validateAnswer] Tolerance: [33m0.01[39m
[validateAnswer] Correct answer is number, checking student...
[validateAnswer] Numeric comparison: diff = [33m1[39m tolerance = [33m0.01[39m result = [33mfalse[39m
[validateAnswer] FAIL: Array element [33m1[39m differs
[validateAnswer] FAIL: Array element [33m1[39m differs

stdout | src/lib/utils/game/challenge-variables.test.ts > Challenge Variable System > validateAnswer > should parse numeric strings
[validateAnswer] Starting validation
[validateAnswer] Student: "42" Type: string
[validateAnswer] Correct: 42 Type: number
[validateAnswer] Tolerance: [33m0.01[39m
[validateAnswer] Parsed student answer from string to number: [33m42[39m
[validateAnswer] Correct answer is number, checking student...
[validateAnswer] Numeric comparison: diff = [33m0[39m tolerance = [33m0.01[39m result = [33mtrue[39m
[validateAnswer] Starting validation
[validateAnswer] Student: "3.14" Type: string
[validateAnswer] Correct: 3.14 Type: number
[validateAnswer] Tolerance: [33m0.01[39m
[validateAnswer] Parsed student answer from string to number: [33m3.14[39m
[validateAnswer] Correct answer is number, checking student...
[validateAnswer] Numeric comparison: diff = [33m0[39m tolerance = [33m0.01[39m result = [33mtrue[39m

stdout | src/lib/utils/game/challenge-variables.test.ts > Challenge Variable System > validateAnswer > should reject null/undefined answers
[validateAnswer] Starting validation
[validateAnswer] Student: null Type: object
[validateAnswer] Correct: 42 Type: number
[validateAnswer] Tolerance: [33m0.01[39m
[validateAnswer] FAIL: Student answer is null/undefined
[validateAnswer] Starting validation
[validateAnswer] Student: [90mundefined[39m Type: undefined
[validateAnswer] Correct: 42 Type: number
[validateAnswer] Tolerance: [33m0.01[39m
[validateAnswer] FAIL: Student answer is null/undefined
[validateAnswer] Starting validation
[validateAnswer] Student: 42 Type: number
[validateAnswer] Correct: null Type: object
[validateAnswer] Tolerance: [33m0.01[39m
[validateAnswer] FAIL: Correct answer is null/undefined
[validateAnswer] Starting validation
[validateAnswer] Student: 42 Type: number
[validateAnswer] Correct: [90mundefined[39m Type: undefined
[validateAnswer] Tolerance: [33m0.01[39m
[validateAnswer] FAIL: Correct answer is null/undefined

stdout | src/lib/utils/game/challenge-variables.test.ts > Challenge Variable System > validateAnswer > should handle object comparison
[validateAnswer] Starting validation
[validateAnswer] Student: {"x":1,"y":2} Type: object
[validateAnswer] Correct: {"x":1,"y":2} Type: object
[validateAnswer] Tolerance: [33m0.01[39m
[validateAnswer] Object comparison: [33mtrue[39m
[validateAnswer] Starting validation
[validateAnswer] Student: {"x":1,"y":2} Type: object
[validateAnswer] Correct: {"x":1,"y":3} Type: object
[validateAnswer] Tolerance: [33m0.01[39m
[validateAnswer] Object comparison: [33mfalse[39m

stdout | src/lib/utils/game/challenge-variables.test.ts > Challenge Variable System > validateAnswer > should apply default tolerance of 0.01
[validateAnswer] Starting validation
[validateAnswer] Student: 42.005 Type: number
[validateAnswer] Correct: 42 Type: number
[validateAnswer] Tolerance: [33m0.01[39m
[validateAnswer] Correct answer is number, checking student...
[validateAnswer] Numeric comparison: diff = [33m0.005000000000002558[39m tolerance = [33m0.01[39m result = [33mtrue[39m
[validateAnswer] Starting validation
[validateAnswer] Student: 42.02 Type: number
[validateAnswer] Correct: 42 Type: number
[validateAnswer] Tolerance: [33m0.01[39m
[validateAnswer] Correct answer is number, checking student...
[validateAnswer] Numeric comparison: diff = [33m0.020000000000003126[39m tolerance = [33m0.01[39m result = [33mfalse[39m

stdout | src/lib/utils/game/challenge-variables.test.ts > Challenge Variable System > validateAnswer > should handle negative numbers
[validateAnswer] Starting validation
[validateAnswer] Student: -42 Type: number
[validateAnswer] Correct: -42 Type: number
[validateAnswer] Tolerance: [33m0.01[39m
[validateAnswer] Correct answer is number, checking student...
[validateAnswer] Numeric comparison: diff = [33m0[39m tolerance = [33m0.01[39m result = [33mtrue[39m
[validateAnswer] Starting validation
[validateAnswer] Student: "-42" Type: string
[validateAnswer] Correct: -42 Type: number
[validateAnswer] Tolerance: [33m0.01[39m
[validateAnswer] Parsed student answer from string to number: [33m-42[39m
[validateAnswer] Correct answer is number, checking student...
[validateAnswer] Numeric comparison: diff = [33m0[39m tolerance = [33m0.01[39m result = [33mtrue[39m
[validateAnswer] Starting validation
[validateAnswer] Student: -42 Type: number
[validateAnswer] Correct: 42 Type: number
[validateAnswer] Tolerance: [33m0.01[39m
[validateAnswer] Correct answer is number, checking student...
[validateAnswer] Numeric comparison: diff = [33m84[39m tolerance = [33m0.01[39m result = [33mfalse[39m

stdout | src/lib/utils/game/challenge-variables.test.ts > Challenge Variable System > validateAnswer > should validate zero
[validateAnswer] Starting validation
[validateAnswer] Student: 0 Type: number
[validateAnswer] Correct: 0 Type: number
[validateAnswer] Tolerance: [33m0.01[39m
[validateAnswer] Correct answer is number, checking student...
[validateAnswer] Numeric comparison: diff = [33m0[39m tolerance = [33m0.01[39m result = [33mtrue[39m
[validateAnswer] Starting validation
[validateAnswer] Student: "0" Type: string
[validateAnswer] Correct: 0 Type: number
[validateAnswer] Tolerance: [33m0.01[39m
[validateAnswer] Parsed student answer from string to number: [33m0[39m
[validateAnswer] Correct answer is number, checking student...
[validateAnswer] Numeric comparison: diff = [33m0[39m tolerance = [33m0.01[39m result = [33mtrue[39m

stdout | src/lib/utils/game/challenge-variables.test.ts > Challenge Variable System > Edge Cases & Error Handling > should handle circular dependencies gracefully
Challenge answer definition: {
  "value": "a + b"
}
Variables: {}
Evaluated correct answer: [1mnull[22m

stderr | src/lib/utils/game/challenge-variables.test.ts > Challenge Variable System > Edge Cases & Error Handling > should handle circular dependencies gracefully
Failed to evaluate expression: a + b Error: Undefined symbol a
    at SymbolNode.onUndefinedSymbol [90m(file:///Users/david/Coding/js/ubumaths/[39mnode_modules/[4m.pnpm[24m/mathjs@15.0.0/node_modules/[4mmathjs[24m/lib/esm/expression/node/SymbolNode.js:101:13[90m)[39m
    at [90mfile:///Users/david/Coding/js/ubumaths/[39mnode_modules/[4m.pnpm[24m/mathjs@15.0.0/node_modules/[4mmathjs[24m/lib/esm/expression/node/SymbolNode.js:73:97
    at evalOperatorNode [90m(file:///Users/david/Coding/js/ubumaths/[39mnode_modules/[4m.pnpm[24m/mathjs@15.0.0/node_modules/[4mmathjs[24m/lib/esm/expression/node/OperatorNode.js:304:21[90m)[39m
    at Object.evaluate [90m(file:///Users/david/Coding/js/ubumaths/[39mnode_modules/[4m.pnpm[24m/mathjs@15.0.0/node_modules/[4mmathjs[24m/lib/esm/expression/node/Node.js:56:16[90m)[39m
    at Object.string_Map__Object [90m(file:///Users/david/Coding/js/ubumaths/[39mnode_modules/[4m.pnpm[24m/mathjs@15.0.0/node_modules/[4mmathjs[24m/lib/esm/expression/function/evaluate.js:54:36[90m)[39m
    at Object.evaluate [90m(/Users/david/Coding/js/ubumaths/[39mnode_modules/[4m.pnpm[24m/typed-function@4.2.1/node_modules/[4mtyped-function[24m/lib/esm/typed-function.mjs:1467:20[90m)[39m
    at evaluateWithContext [90m(/Users/david/Coding/js/ubumaths/[39msrc/lib/utils/game/challenge-variables.ts:187:15[90m)[39m
    at evaluateAnswer [90m(/Users/david/Coding/js/ubumaths/[39msrc/lib/utils/game/challenge-variables.ts:394:11[90m)[39m
    at generateChallengeInstance [90m(/Users/david/Coding/js/ubumaths/[39msrc/lib/utils/game/challenge-variables.ts:146:24[90m)[39m
    at [90m/Users/david/Coding/js/ubumaths/[39msrc/lib/utils/game/challenge-variables.test.ts:409:21

stdout | src/lib/utils/game/challenge-variables.test.ts > Challenge Variable System > Edge Cases & Error Handling > should handle invalid Math.js expressions
Challenge answer definition: {
  "value": "a + b"
}
Variables: {
  "a": null
}
Evaluated correct answer: [1mnull[22m

stderr | src/lib/utils/game/challenge-variables.test.ts > Challenge Variable System > Edge Cases & Error Handling > should handle invalid Math.js expressions
Failed to evaluate expression: invalid expression !!! Error: Undefined symbol invalid
    at SymbolNode.onUndefinedSymbol [90m(file:///Users/david/Coding/js/ubumaths/[39mnode_modules/[4m.pnpm[24m/mathjs@15.0.0/node_modules/[4mmathjs[24m/lib/esm/expression/node/SymbolNode.js:101:13[90m)[39m
    at [90mfile:///Users/david/Coding/js/ubumaths/[39mnode_modules/[4m.pnpm[24m/mathjs@15.0.0/node_modules/[4mmathjs[24m/lib/esm/expression/node/SymbolNode.js:73:97
    at evalOperatorNode [90m(file:///Users/david/Coding/js/ubumaths/[39mnode_modules/[4m.pnpm[24m/mathjs@15.0.0/node_modules/[4mmathjs[24m/lib/esm/expression/node/OperatorNode.js:304:21[90m)[39m
    at Object.evaluate [90m(file:///Users/david/Coding/js/ubumaths/[39mnode_modules/[4m.pnpm[24m/mathjs@15.0.0/node_modules/[4mmathjs[24m/lib/esm/expression/node/Node.js:56:16[90m)[39m
    at Object.string_Map__Object [90m(file:///Users/david/Coding/js/ubumaths/[39mnode_modules/[4m.pnpm[24m/mathjs@15.0.0/node_modules/[4mmathjs[24m/lib/esm/expression/function/evaluate.js:54:36[90m)[39m
    at Object.evaluate [90m(/Users/david/Coding/js/ubumaths/[39mnode_modules/[4m.pnpm[24m/typed-function@4.2.1/node_modules/[4mtyped-function[24m/lib/esm/typed-function.mjs:1467:20[90m)[39m
    at evaluateWithContext [90m(/Users/david/Coding/js/ubumaths/[39msrc/lib/utils/game/challenge-variables.ts:187:15[90m)[39m
    at generateChallengeInstance [90m(/Users/david/Coding/js/ubumaths/[39msrc/lib/utils/game/challenge-variables.ts:124:24[90m)[39m
    at [90m/Users/david/Coding/js/ubumaths/[39msrc/lib/utils/game/challenge-variables.test.ts:422:21
    at [90mfile:///Users/david/Coding/js/ubumaths/[39mnode_modules/[4m.pnpm[24m/@vitest+runner@3.2.4/node_modules/[4m@vitest/runner[24m/dist/chunk-hooks.js:155:11
Failed to evaluate expression: a + b TypeError: Unexpected type of argument in function addScalar (expected: number or Complex or BigNumber or bigint or Fraction or Unit or string or boolean, actual: identifier | null, index: 0)
    at typed.createError [90m(/Users/david/Coding/js/ubumaths/[39mnode_modules/[4m.pnpm[24m/typed-function@4.2.1/node_modules/[4mtyped-function[24m/lib/esm/typed-function.mjs:719:17[90m)[39m
    at typed.onMismatch [90m(file:///Users/david/Coding/js/ubumaths/[39mnode_modules/[4m.pnpm[24m/mathjs@15.0.0/node_modules/[4mmathjs[24m/lib/esm/core/function/typed.js:432:28[90m)[39m
    at generic [90m(/Users/david/Coding/js/ubumaths/[39mnode_modules/[4m.pnpm[24m/typed-function@4.2.1/node_modules/[4mtyped-function[24m/lib/esm/typed-function.mjs:1446:20[90m)[39m
    at addScalar [90m(/Users/david/Coding/js/ubumaths/[39mnode_modules/[4m.pnpm[24m/typed-function@4.2.1/node_modules/[4mtyped-function[24m/lib/esm/typed-function.mjs:1472:22[90m)[39m
    at generic [90m(/Users/david/Coding/js/ubumaths/[39mnode_modules/[4m.pnpm[24m/typed-function@4.2.1/node_modules/[4mtyped-function[24m/lib/esm/typed-function.mjs:1443:25[90m)[39m
    at add [90m(/Users/david/Coding/js/ubumaths/[39mnode_modules/[4m.pnpm[24m/typed-function@4.2.1/node_modules/[4mtyped-function[24m/lib/esm/typed-function.mjs:1472:22[90m)[39m
    at evalOperatorNode [90m(file:///Users/david/Coding/js/ubumaths/[39mnode_modules/[4m.pnpm[24m/mathjs@15.0.0/node_modules/[4mmathjs[24m/lib/esm/expression/node/OperatorNode.js:304:18[90m)[39m
    at Object.evaluate [90m(file:///Users/david/Coding/js/ubumaths/[39mnode_modules/[4m.pnpm[24m/mathjs@15.0.0/node_modules/[4mmathjs[24m/lib/esm/expression/node/Node.js:56:16[90m)[39m
    at Object.string_Map__Object [90m(file:///Users/david/Coding/js/ubumaths/[39mnode_modules/[4m.pnpm[24m/mathjs@15.0.0/node_modules/[4mmathjs[24m/lib/esm/expression/function/evaluate.js:54:36[90m)[39m
    at Object.evaluate [90m(/Users/david/Coding/js/ubumaths/[39mnode_modules/[4m.pnpm[24m/typed-function@4.2.1/node_modules/[4mtyped-function[24m/lib/esm/typed-function.mjs:1467:20[90m)[39m {
  data: {
    category: [32m'wrongType'[39m,
    fn: [32m'addScalar'[39m,
    index: [33m0[39m,
    actual: [ [32m'identifier'[39m, [32m'null'[39m ],
    expected: [
      [32m'number'[39m,    [32m'Complex'[39m,
      [32m'BigNumber'[39m, [32m'bigint'[39m,
      [32m'Fraction'[39m,  [32m'Unit'[39m,
      [32m'string'[39m,    [32m'boolean'[39m
    ]
  }
}

stdout | src/lib/utils/game/challenge-variables.test.ts > Challenge Variable System > Edge Cases & Error Handling > should handle division by zero
Challenge answer definition: {
  "value": "a + b"
}
Variables: {
  "a": 10,
  "b": 0,
  "result": null
}
Evaluated correct answer: [33m10[39m

stderr | src/lib/utils/game/challenge-variables.test.ts > Challenge Variable System > Edge Cases & Error Handling > should handle missing variable references
Failed to evaluate expression: {nonexistent} Error: Undefined symbol nonexistent
    at SymbolNode.onUndefinedSymbol [90m(file:///Users/david/Coding/js/ubumaths/[39mnode_modules/[4m.pnpm[24m/mathjs@15.0.0/node_modules/[4mmathjs[24m/lib/esm/expression/node/SymbolNode.js:101:13[90m)[39m
    at [90mfile:///Users/david/Coding/js/ubumaths/[39mnode_modules/[4m.pnpm[24m/mathjs@15.0.0/node_modules/[4mmathjs[24m/lib/esm/expression/node/SymbolNode.js:73:97
    at Object.evaluate [90m(file:///Users/david/Coding/js/ubumaths/[39mnode_modules/[4m.pnpm[24m/mathjs@15.0.0/node_modules/[4mmathjs[24m/lib/esm/expression/node/Node.js:56:16[90m)[39m
    at Object.string_Map__Object [90m(file:///Users/david/Coding/js/ubumaths/[39mnode_modules/[4m.pnpm[24m/mathjs@15.0.0/node_modules/[4mmathjs[24m/lib/esm/expression/function/evaluate.js:54:36[90m)[39m
    at Object.evaluate [90m(/Users/david/Coding/js/ubumaths/[39mnode_modules/[4m.pnpm[24m/typed-function@4.2.1/node_modules/[4mtyped-function[24m/lib/esm/typed-function.mjs:1467:20[90m)[39m
    at evaluateWithContext [90m(/Users/david/Coding/js/ubumaths/[39msrc/lib/utils/game/challenge-variables.ts:187:15[90m)[39m
    at generateChallengeInstance [90m(/Users/david/Coding/js/ubumaths/[39msrc/lib/utils/game/challenge-variables.ts:124:24[90m)[39m
    at [90m/Users/david/Coding/js/ubumaths/[39msrc/lib/utils/game/challenge-variables.test.ts:452:21
    at [90mfile:///Users/david/Coding/js/ubumaths/[39mnode_modules/[4m.pnpm[24m/@vitest+runner@3.2.4/node_modules/[4m@vitest/runner[24m/dist/chunk-hooks.js:155:11
    at [90mfile:///Users/david/Coding/js/ubumaths/[39mnode_modules/[4m.pnpm[24m/@vitest+runner@3.2.4/node_modules/[4m@vitest/runner[24m/dist/chunk-hooks.js:752:26
Failed to evaluate expression: a + b TypeError: Unexpected type of argument in function addScalar (expected: number or Complex or BigNumber or bigint or Fraction or Unit or string or boolean, actual: identifier | null, index: 0)
    at typed.createError [90m(/Users/david/Coding/js/ubumaths/[39mnode_modules/[4m.pnpm[24m/typed-function@4.2.1/node_modules/[4mtyped-function[24m/lib/esm/typed-function.mjs:719:17[90m)[39m
    at typed.onMismatch [90m(file:///Users/david/Coding/js/ubumaths/[39mnode_modules/[4m.pnpm[24m/mathjs@15.0.0/node_modules/[4mmathjs[24m/lib/esm/core/function/typed.js:432:28[90m)[39m
    at generic [90m(/Users/david/Coding/js/ubumaths/[39mnode_modules/[4m.pnpm[24m/typed-function@4.2.1/node_modules/[4mtyped-function[24m/lib/esm/typed-function.mjs:1446:20[90m)[39m
    at addScalar [90m(/Users/david/Coding/js/ubumaths/[39mnode_modules/[4m.pnpm[24m/typed-function@4.2.1/node_modules/[4mtyped-function[24m/lib/esm/typed-function.mjs:1472:22[90m)[39m
    at generic [90m(/Users/david/Coding/js/ubumaths/[39mnode_modules/[4m.pnpm[24m/typed-function@4.2.1/node_modules/[4mtyped-function[24m/lib/esm/typed-function.mjs:1443:25[90m)[39m
    at add [90m(/Users/david/Coding/js/ubumaths/[39mnode_modules/[4m.pnpm[24m/typed-function@4.2.1/node_modules/[4mtyped-function[24m/lib/esm/typed-function.mjs:1472:22[90m)[39m
    at evalOperatorNode [90m(file:///Users/david/Coding/js/ubumaths/[39mnode_modules/[4m.pnpm[24m/mathjs@15.0.0/node_modules/[4mmathjs[24m/lib/esm/expression/node/OperatorNode.js:304:18[90m)[39m
    at Object.evaluate [90m(file:///Users/david/Coding/js/ubumaths/[39mnode_modules/[4m.pnpm[24m/mathjs@15.0.0/node_modules/[4mmathjs[24m/lib/esm/expression/node/Node.js:56:16[90m)[39m
    at Object.string_Map__Object [90m(file:///Users/david/Coding/js/ubumaths/[39mnode_modules/[4m.pnpm[24m/mathjs@15.0.0/node_modules/[4mmathjs[24m/lib/esm/expression/function/evaluate.js:54:36[90m)[39m
    at Object.evaluate [90m(/Users/david/Coding/js/ubumaths/[39mnode_modules/[4m.pnpm[24m/typed-function@4.2.1/node_modules/[4mtyped-function[24m/lib/esm/typed-function.mjs:1467:20[90m)[39m {
  data: {
    category: [32m'wrongType'[39m,
    fn: [32m'addScalar'[39m,
    index: [33m0[39m,
    actual: [ [32m'identifier'[39m, [32m'null'[39m ],
    expected: [
      [32m'number'[39m,    [32m'Complex'[39m,
      [32m'BigNumber'[39m, [32m'bigint'[39m,
      [32m'Fraction'[39m,  [32m'Unit'[39m,
      [32m'string'[39m,    [32m'boolean'[39m
    ]
  }
}

stdout | src/lib/utils/game/challenge-variables.test.ts > Challenge Variable System > Edge Cases & Error Handling > should handle missing variable references
Challenge answer definition: {
  "value": "a + b"
}
Variables: {
  "a": null
}
Evaluated correct answer: [1mnull[22m

stdout | src/lib/utils/game/challenge-variables.test.ts > Challenge Variable System > Edge Cases & Error Handling > should handle "x" as multiplication operator
Challenge answer definition: {
  "value": "a + b"
}
Variables: {
  "result": 15
}
Evaluated correct answer: [1mnull[22m

stderr | src/lib/utils/game/challenge-variables.test.ts > Challenge Variable System > Edge Cases & Error Handling > should handle "x" as multiplication operator
Failed to evaluate expression: a + b Error: Undefined symbol a
    at SymbolNode.onUndefinedSymbol [90m(file:///Users/david/Coding/js/ubumaths/[39mnode_modules/[4m.pnpm[24m/mathjs@15.0.0/node_modules/[4mmathjs[24m/lib/esm/expression/node/SymbolNode.js:101:13[90m)[39m
    at [90mfile:///Users/david/Coding/js/ubumaths/[39mnode_modules/[4m.pnpm[24m/mathjs@15.0.0/node_modules/[4mmathjs[24m/lib/esm/expression/node/SymbolNode.js:73:97
    at evalOperatorNode [90m(file:///Users/david/Coding/js/ubumaths/[39mnode_modules/[4m.pnpm[24m/mathjs@15.0.0/node_modules/[4mmathjs[24m/lib/esm/expression/node/OperatorNode.js:304:21[90m)[39m
    at Object.evaluate [90m(file:///Users/david/Coding/js/ubumaths/[39mnode_modules/[4m.pnpm[24m/mathjs@15.0.0/node_modules/[4mmathjs[24m/lib/esm/expression/node/Node.js:56:16[90m)[39m
    at Object.string_Map__Object [90m(file:///Users/david/Coding/js/ubumaths/[39mnode_modules/[4m.pnpm[24m/mathjs@15.0.0/node_modules/[4mmathjs[24m/lib/esm/expression/function/evaluate.js:54:36[90m)[39m
    at Object.evaluate [90m(/Users/david/Coding/js/ubumaths/[39mnode_modules/[4m.pnpm[24m/typed-function@4.2.1/node_modules/[4mtyped-function[24m/lib/esm/typed-function.mjs:1467:20[90m)[39m
    at evaluateWithContext [90m(/Users/david/Coding/js/ubumaths/[39msrc/lib/utils/game/challenge-variables.ts:187:15[90m)[39m
    at evaluateAnswer [90m(/Users/david/Coding/js/ubumaths/[39msrc/lib/utils/game/challenge-variables.ts:394:11[90m)[39m
    at generateChallengeInstance [90m(/Users/david/Coding/js/ubumaths/[39msrc/lib/utils/game/challenge-variables.ts:146:24[90m)[39m
    at [90m/Users/david/Coding/js/ubumaths/[39msrc/lib/utils/game/challenge-variables.test.ts:466:21

stdout | src/lib/utils/game/challenge-variables.test.ts > Challenge Variable System > Edge Cases & Error Handling > should handle "x" without spaces
Challenge answer definition: {
  "value": "a + b"
}
Variables: {
  "result": 15
}
Evaluated correct answer: [1mnull[22m

stderr | src/lib/utils/game/challenge-variables.test.ts > Challenge Variable System > Edge Cases & Error Handling > should handle "x" without spaces
Failed to evaluate expression: a + b Error: Undefined symbol a
    at SymbolNode.onUndefinedSymbol [90m(file:///Users/david/Coding/js/ubumaths/[39mnode_modules/[4m.pnpm[24m/mathjs@15.0.0/node_modules/[4mmathjs[24m/lib/esm/expression/node/SymbolNode.js:101:13[90m)[39m
    at [90mfile:///Users/david/Coding/js/ubumaths/[39mnode_modules/[4m.pnpm[24m/mathjs@15.0.0/node_modules/[4mmathjs[24m/lib/esm/expression/node/SymbolNode.js:73:97
    at evalOperatorNode [90m(file:///Users/david/Coding/js/ubumaths/[39mnode_modules/[4m.pnpm[24m/mathjs@15.0.0/node_modules/[4mmathjs[24m/lib/esm/expression/node/OperatorNode.js:304:21[90m)[39m
    at Object.evaluate [90m(file:///Users/david/Coding/js/ubumaths/[39mnode_modules/[4m.pnpm[24m/mathjs@15.0.0/node_modules/[4mmathjs[24m/lib/esm/expression/node/Node.js:56:16[90m)[39m
    at Object.string_Map__Object [90m(file:///Users/david/Coding/js/ubumaths/[39mnode_modules/[4m.pnpm[24m/mathjs@15.0.0/node_modules/[4mmathjs[24m/lib/esm/expression/function/evaluate.js:54:36[90m)[39m
    at Object.evaluate [90m(/Users/david/Coding/js/ubumaths/[39mnode_modules/[4m.pnpm[24m/typed-function@4.2.1/node_modules/[4mtyped-function[24m/lib/esm/typed-function.mjs:1467:20[90m)[39m
    at evaluateWithContext [90m(/Users/david/Coding/js/ubumaths/[39msrc/lib/utils/game/challenge-variables.ts:187:15[90m)[39m
    at evaluateAnswer [90m(/Users/david/Coding/js/ubumaths/[39msrc/lib/utils/game/challenge-variables.ts:394:11[90m)[39m
    at generateChallengeInstance [90m(/Users/david/Coding/js/ubumaths/[39msrc/lib/utils/game/challenge-variables.ts:146:24[90m)[39m
    at [90m/Users/david/Coding/js/ubumaths/[39msrc/lib/utils/game/challenge-variables.test.ts:479:21

stdout | src/lib/utils/game/challenge-variables.test.ts > Challenge Variable System > Simple Challenge Types (Priority) > Addition Challenges > should generate valid addition challenge
Challenge answer definition: {
  "value": "a + b"
}
Variables: {
  "a": 1,
  "b": 1
}
Evaluated correct answer: [33m2[39m

stdout | src/lib/utils/game/challenge-variables.test.ts > Challenge Variable System > Simple Challenge Types (Priority) > Addition Challenges > should interpolate addition question correctly
Challenge answer definition: {
  "value": "a + b"
}
Variables: {
  "a": 1,
  "b": 1
}
Evaluated correct answer: [33m2[39m

stdout | src/lib/utils/game/challenge-variables.test.ts > Challenge Variable System > Simple Challenge Types (Priority) > Subtraction Challenges > should generate valid subtraction challenge
Challenge answer definition: {
  "value": "a - b"
}
Variables: {
  "a": 10,
  "b": 1
}
Evaluated correct answer: [33m9[39m

stdout | src/lib/utils/game/challenge-variables.test.ts > Challenge Variable System > Simple Challenge Types (Priority) > Subtraction Challenges > should ensure a > b for positive results
Challenge answer definition: {
  "value": "a - b"
}
Variables: {
  "a": 10,
  "b": 1
}
Evaluated correct answer: [33m9[39m

stdout | src/lib/utils/game/challenge-variables.test.ts > Challenge Variable System > Simple Challenge Types (Priority) > Multiplication Challenges > should generate valid multiplication challenge
Challenge answer definition: {
  "value": "a * b"
}
Variables: {
  "a": 2,
  "b": 2
}
Evaluated correct answer: [33m4[39m

 ✓ |server| src/lib/utils/game/challenge-variables.test.ts (48 tests) 97ms
stderr | src/routes/api/assessments/api-routes.test.ts > GET /api/assessments/assigned > should handle database errors
Error fetching student assignments: { message: [32m'Database error'[39m }

stderr | src/routes/api/assessments/api-routes.test.ts > GET /api/assessments/assigned > should handle database errors
Failed to fetch assigned assessments: { message: [32m'Database error'[39m }

 ✓ |server| src/lib/server/validation/tests.test.ts (50 tests) 56ms
 ❯ |server| src/routes/api/assessments/api-routes.test.ts (47 tests | 17 failed) 8024ms
   ✓ POST /api/assessments > should reject unauthenticated requests  617ms
   ✓ POST /api/assessments > should reject non-teacher users 2ms
   × POST /api/assessments > should create draft assessment successfully 5ms
     → undefined
   × POST /api/assessments > should create published assessment 3ms
     → undefined
   × POST /api/assessments > should validate required fields 25ms
     → expected 'Invalid input: expected string, recei…' to be 'Missing required fields' // Object.is equality
   × POST /api/assessments > should reject empty categories array 5ms
     → expected 'At least one category required' to be 'Missing required fields' // Object.is equality
   × POST /api/assessments > should handle database errors 5ms
     → expected 400 to be 500 // Object.is equality
   ✓ GET /api/assessments > should reject unauthenticated requests 3ms
   ✓ GET /api/assessments > should reject non-teacher users 2ms
   × GET /api/assessments > should return all teacher assessments 3ms
     → undefined
   × GET /api/assessments > should filter assessments by status 3ms
     → undefined
   × GET /api/assessments > should handle database errors 4ms
     → expected 400 to be 500 // Object.is equality
   ✓ GET /api/assessments/[id] > should reject unauthenticated requests  588ms
   ✓ GET /api/assessments/[id] > should allow teacher to view their own assessment 11ms
   ✓ GET /api/assessments/[id] > should reject teacher viewing another teacher's assessment 1ms
   × GET /api/assessments/[id] > should handle assessment not found 6ms
     → expected 400 to be 404 // Object.is equality
   ✓ PUT /api/assessments/[id] > should reject unauthenticated requests 1ms
   ✓ PUT /api/assessments/[id] > should reject non-teacher users 1ms
   ✓ PUT /api/assessments/[id] > should update assessment successfully 4ms
   ✓ PUT /api/assessments/[id] > should reject update when not authorized 3ms
   ✓ DELETE /api/assessments/[id] > should reject unauthenticated requests 1ms
   ✓ DELETE /api/assessments/[id] > should reject non-teacher users 1ms
   ✓ DELETE /api/assessments/[id] > should archive assessment successfully 2ms
   ✓ DELETE /api/assessments/[id] > should reject delete when not authorized 1ms
   ✓ POST /api/assessments/[id]/assign > should reject unauthenticated requests  1100ms
   ✓ POST /api/assessments/[id]/assign > should reject non-teacher users 4ms
   × POST /api/assessments/[id]/assign > should assign to classes successfully 7ms
     → undefined
   × POST /api/assessments/[id]/assign > should assign to individual students 2ms
     → undefined
   ✓ POST /api/assessments/[id]/assign > should reject when no targets specified 2ms
   × POST /api/assessments/[id]/assign > should reject when assessment is not published 6ms
     → expected 'Invalid class ID format' to be 'Assessment must be published before a…' // Object.is equality
   × POST /api/assessments/[id]/assign > should reject when not authorized 2ms
     → expected 400 to be 403 // Object.is equality
   ✓ POST /api/assessments/[id]/validate-attempt > should reject unauthenticated requests  368ms
   ✓ POST /api/assessments/[id]/validate-attempt > should reject non-student users 2ms
   ✓ POST /api/assessments/[id]/validate-attempt > should allow attempt when conditions are met 5ms
   ✓ POST /api/assessments/[id]/validate-attempt > should reject when deadline has passed 4ms
   ✓ POST /api/assessments/[id]/validate-attempt > should reject when max attempts reached 2ms
   ✓ GET /api/assessments/assigned > should reject unauthenticated requests 157ms
   ✓ GET /api/assessments/assigned > should reject non-student users 1ms
   ✓ GET /api/assessments/assigned > should return student assignments 4ms
   × GET /api/assessments/assigned > should return empty array when student has no assignments 5010ms
     → Test timed out in 5000ms.
If this is a long-running test, pass a timeout value as the last argument or configure it globally with "testTimeout".
   ✓ GET /api/assessments/assigned > should handle database errors 8ms
   ✓ GET /api/assessments/[id]/results > should reject unauthenticated requests 23ms
   ✓ GET /api/assessments/[id]/results > should reject non-teacher users 2ms
   ✓ GET /api/assessments/[id]/results > should reject when teacher does not own assessment 1ms
   × GET /api/assessments/[id]/results > should return results successfully 5ms
     → undefined
   × GET /api/assessments/[id]/results > should include statistics when requested 2ms
     → undefined
   × GET /api/assessments/[id]/results > should include class statistics when requested 1ms
     → undefined
 ✓ |server| src/lib/exercises/markdown-frontmatter.test.ts (17 tests) 57ms
 ✓ |server| src/lib/server/validation/assessments.test.ts (42 tests) 62ms
 ✓ |server| src/lib/srs/fsrs.test.ts (60 tests) 17ms
 ✓ |server| src/lib/questions/parser/random-parser.test.ts (29 tests | 1 skipped) 11ms
stderr | src/lib/server/exercise-assignments.test.ts > createExerciseAssignment > should reject assignment when exercise not found
Error fetching exercise: { message: [32m'Not found'[39m }

 ✓ |server| src/lib/server/validation/response-utils.test.ts (34 tests) 87ms
stderr | src/lib/server/exercise-assignments.test.ts > studentHasAccess > should return false on error
Error checking exercise access: { message: [32m'Database error'[39m }

stderr | src/lib/server/exercise-assignments.test.ts > getStudentClasses > should handle error gracefully
Error fetching student classes: { message: [32m'Database error'[39m }

 ✓ |server| src/lib/server/exercise-assignments.test.ts (43 tests) 165ms
 ✓ |server| src/lib/server/validation/misc-modules.test.ts (114 tests) 136ms
stderr | src/lib/server/riddle-messages.test.ts > createRiddleValidationMessage > should handle database errors
Error creating validation message: { message: [32m'Database insert failed'[39m }

stderr | src/lib/server/riddle-messages.test.ts > createRiddleValidationMessage > should handle unexpected errors
Error in createRiddleValidationMessage: Error: Unexpected error
    at Object.<anonymous> [90m(/Users/david/Coding/js/ubumaths/[39msrc/lib/server/riddle-messages.test.ts:166:10[90m)[39m
    at Object.mockCall [90m(file:///Users/david/Coding/js/ubumaths/[39mnode_modules/[4m.pnpm[24m/@vitest+spy@3.2.4/node_modules/[4m@vitest/spy[24m/dist/index.js:96:15[90m)[39m
    at Object.spy [as from] [90m(file:///Users/david/Coding/js/ubumaths/[39mnode_modules/[4m.pnpm[24m/tinyspy@4.0.4/node_modules/[4mtinyspy[24m/dist/index.js:47:80[90m)[39m
    at createRiddleValidationMessage [90m(/Users/david/Coding/js/ubumaths/[39msrc/lib/server/riddle-messages.ts:39:5[90m)[39m
    at [90m/Users/david/Coding/js/ubumaths/[39msrc/lib/server/riddle-messages.test.ts:169:24
    at [90mfile:///Users/david/Coding/js/ubumaths/[39mnode_modules/[4m.pnpm[24m/@vitest+runner@3.2.4/node_modules/[4m@vitest/runner[24m/dist/chunk-hooks.js:155:11
    at [90mfile:///Users/david/Coding/js/ubumaths/[39mnode_modules/[4m.pnpm[24m/@vitest+runner@3.2.4/node_modules/[4m@vitest/runner[24m/dist/chunk-hooks.js:752:26
    at [90mfile:///Users/david/Coding/js/ubumaths/[39mnode_modules/[4m.pnpm[24m/@vitest+runner@3.2.4/node_modules/[4m@vitest/runner[24m/dist/chunk-hooks.js:1897:20
    at new Promise (<anonymous>)
    at runWithTimeout [90m(file:///Users/david/Coding/js/ubumaths/[39mnode_modules/[4m.pnpm[24m/@vitest+runner@3.2.4/node_modules/[4m@vitest/runner[24m/dist/chunk-hooks.js:1863:10[90m)[39m

stderr | src/lib/server/riddle-messages.test.ts > getRiddleTeacherId > should return null for non-existent riddle
Error fetching riddle teacher: { message: [32m'Not found'[39m }

stderr | src/lib/server/riddle-messages.test.ts > getRiddleTeacherId > should return null on database error
Error fetching riddle teacher: { message: [32m'Database error'[39m }

stderr | src/lib/server/riddle-messages.test.ts > sendValidationResultMessage > should handle database errors
Error sending validation result: { message: [32m'Insert failed'[39m }

stderr | src/lib/server/riddle-messages.test.ts > sendValidationResultMessage > should handle unexpected errors
Error in sendValidationResultMessage: Error: Unexpected error
    at Object.<anonymous> [90m(/Users/david/Coding/js/ubumaths/[39msrc/lib/server/riddle-messages.test.ts:529:10[90m)[39m
    at Object.mockCall [90m(file:///Users/david/Coding/js/ubumaths/[39mnode_modules/[4m.pnpm[24m/@vitest+spy@3.2.4/node_modules/[4m@vitest/spy[24m/dist/index.js:96:15[90m)[39m
    at Object.spy [as from] [90m(file:///Users/david/Coding/js/ubumaths/[39mnode_modules/[4m.pnpm[24m/tinyspy@4.0.4/node_modules/[4mtinyspy[24m/dist/index.js:47:80[90m)[39m
    at sendValidationResultMessage [90m(/Users/david/Coding/js/ubumaths/[39msrc/lib/server/riddle-messages.ts:132:50[90m)[39m
    at [90m/Users/david/Coding/js/ubumaths/[39msrc/lib/server/riddle-messages.test.ts:532:24
    at [90mfile:///Users/david/Coding/js/ubumaths/[39mnode_modules/[4m.pnpm[24m/@vitest+runner@3.2.4/node_modules/[4m@vitest/runner[24m/dist/chunk-hooks.js:155:11
    at [90mfile:///Users/david/Coding/js/ubumaths/[39mnode_modules/[4m.pnpm[24m/@vitest+runner@3.2.4/node_modules/[4m@vitest/runner[24m/dist/chunk-hooks.js:752:26
    at [90mfile:///Users/david/Coding/js/ubumaths/[39mnode_modules/[4m.pnpm[24m/@vitest+runner@3.2.4/node_modules/[4m@vitest/runner[24m/dist/chunk-hooks.js:1897:20
    at new Promise (<anonymous>)
    at runWithTimeout [90m(file:///Users/david/Coding/js/ubumaths/[39mnode_modules/[4m.pnpm[24m/@vitest+runner@3.2.4/node_modules/[4m@vitest/runner[24m/dist/chunk-hooks.js:1863:10[90m)[39m

 ✓ |server| src/lib/server/riddle-messages.test.ts (22 tests) 46ms
 ✓ |server| src/lib/questions/generator/choice-shuffler.test.ts (23 tests) 40ms
 ✓ |server| src/lib/exercises/parser/list-parser.test.ts (33 tests) 15ms
 ✓ |server| src/lib/templates/templateVariables.test.ts (79 tests) 65ms
 ✓ |server| src/lib/server/exercise-import-export.test.ts (23 tests) 103ms
 ✓ |server| src/lib/server/validation/admin.test.ts (40 tests) 31ms
 ✓ |server| src/lib/server/validation/srs.test.ts (50 tests) 52ms
 ✓ |server| src/lib/shared/parameterization/validator/circular-dependency.test.ts (26 tests) 86ms
 ✓ |server| src/lib/questions/validators/template-validator.test.ts (34 tests) 13ms
 ✓ |server| src/lib/templates/templateEngine.test.ts (63 tests) 93ms
 ✓ |server| src/lib/utils/game/combat.test.ts (38 tests) 10ms
 ✓ |server| src/lib/shared/parameterization/resolver/random-generator.test.ts (37 tests) 16ms
 ✓ |server| src/lib/exercises/transpilers/latex-transpiler.test.ts (31 tests) 28ms
 ✓ |server| src/lib/srs/generator.test.ts (25 tests) 30ms
 ✓ |server| src/lib/questions/generator/random-generator.test.ts (36 tests) 77ms
 ✓ |server| tests/unit/validation/academic.test.ts (113 tests) 73ms
 ✓ |server| src/lib/exercises/validation.test.ts (14 tests) 16ms
 ✓ |server| src/lib/questions/generator/content-resolver.test.ts (41 tests | 1 skipped) 14ms
 ✓ |server| src/lib/exercises/parser/table-parser.test.ts (36 tests) 23ms
stderr | src/lib/server/exercises.test.ts > getExercise > should handle not found error
Error fetching exercise: { message: [32m'Not found'[39m }

 ✓ |server| src/lib/server/exercises.test.ts (15 tests) 30ms
 ✓ |server| src/lib/server/validation/message-templates.test.ts (81 tests) 30ms
 ✓ |server| src/lib/exercises/parser/markdown-parser.test.ts (15 tests) 77ms
 ✓ |server| src/lib/shared/parameterization/resolver/text-resolver.test.ts (31 tests) 8ms
 ✓ |server| src/lib/exercises/parser/math-extractor.test.ts (26 tests) 11ms
stderr | src/lib/server/csrfProtection.test.ts > CSRF Protection > validateOrigin > should block requests from evil.com
[CSRF] Blocked request from invalid origin: https://evil.com

stderr | src/lib/server/csrfProtection.test.ts > CSRF Protection > validateOrigin > should block requests from malicious subdomain
[CSRF] Blocked request from invalid origin: https://phishing.ubumaths.com

stderr | src/lib/server/csrfProtection.test.ts > CSRF Protection > validateOrigin > should block requests without origin or referer
[CSRF] Request missing both origin and referer headers

stderr | src/lib/server/csrfProtection.test.ts > CSRF Protection > validateOrigin > should block requests with invalid referer when origin is missing
[CSRF] Blocked request from invalid referer: https://evil.com/page

stderr | src/lib/server/csrfProtection.test.ts > CSRF Protection > isValidOrigin > should return false for invalid origin
[CSRF] Blocked request from invalid origin: https://evil.com

stderr | src/lib/server/csrfProtection.test.ts > CSRF Protection > isValidOrigin > should return false for missing headers
[CSRF] Request missing both origin and referer headers

 ✓ |server| src/lib/server/csrfProtection.test.ts (14 tests) 16ms
 ✓ |server| src/lib/utils/riddle-badges.test.ts (33 tests) 35ms
 ✓ |server| src/lib/utils/riddle-validator.test.ts (55 tests) 54ms
 ✓ |server| tests/unit/utils/academic-period.test.ts (13 tests) 11ms
 ✓ |server| src/lib/shared/parameterization/parser/random-parser.test.ts (47 tests) 22ms
 ✓ |server| src/lib/srs/config.test.ts (39 tests) 13ms
 ✓ |server| src/lib/shared/parameterization/validator/variable-validator.test.ts (42 tests) 26ms
 ✓ |server| src/lib/questions/parser/eval-parser.test.ts (42 tests) 11ms
 ✓ |server| src/lib/shared/parameterization/parser/tokenizer.test.ts (25 tests) 11ms
 ✓ |server| src/lib/server/passwordPolicy.test.ts (31 tests) 16ms
 ✓ |server| src/lib/server/rateLimiter.test.ts (20 tests) 10ms
 ✓ |server| src/lib/questions/parser/variable-parser.test.ts (31 tests) 15ms
 ✓ |server| src/lib/shared/parameterization/parser/variable-parser.test.ts (19 tests) 7ms
 ✓ |server| src/lib/shared/parameterization/parser/eval-parser.test.ts (23 tests) 12ms

⎯⎯⎯⎯⎯⎯ Failed Tests 33 ⎯⎯⎯⎯⎯⎯⎯

 FAIL  |server| src/lib/server/assessments.test.ts > getStudentAssignments > should include attempt statistics for each assignment
AssertionError: expected +0 to be 3 // Object.is equality

[32m- Expected[39m
[31m+ Received[39m

[32m- 3[39m
[31m+ 0[39m

 ❯ src/lib/server/assessments.test.ts:982:43
    980| 
    981|   expect(result.error).toBeNull();
    982|   expect(result.data?.[0].attempts_count).toBe(3);
       |                                           ^
    983|   expect(result.data?.[0].best_score).toBe(9);
    984|   expect(result.data?.[0].status).toBe('completed');

⎯⎯⎯⎯⎯⎯⎯⎯⎯⎯⎯⎯⎯⎯⎯⎯⎯⎯⎯⎯⎯⎯⎯[1/33]⎯

 FAIL  |server| src/lib/server/assessments.test.ts > getStudentAssignments > should return empty array when student has no assignments
Error: Test timed out in 5000ms.
If this is a long-running test, pass a timeout value as the last argument or configure it globally with "testTimeout".
 ❯ src/lib/server/assessments.test.ts:987:2
    985|  });
    986| 
    987|  it('should return empty array when student has no assignments', async…
       |  ^
    988|   // Mock no classes - query 1: .select().eq() (awaited directly)
    989|   supabase._mockChain.then.mockImplementationOnce((onFulfilled) => {

⎯⎯⎯⎯⎯⎯⎯⎯⎯⎯⎯⎯⎯⎯⎯⎯⎯⎯⎯⎯⎯⎯⎯[2/33]⎯

 FAIL  |server| src/routes/api/assessments/api-routes.test.ts > POST /api/assessments > should create draft assessment successfully
{
  status: 400,
  body: { message: 'Invalid input: expected string, received undefined' },
  constructor: 'Function<HttpError>',
  toString: 'Function<toString>',
  stacks: []
}
⎯⎯⎯⎯⎯⎯⎯⎯⎯⎯⎯⎯⎯⎯⎯⎯⎯⎯⎯⎯⎯⎯⎯[3/33]⎯

 FAIL  |server| src/routes/api/assessments/api-routes.test.ts > POST /api/assessments > should create published assessment
{
  status: 400,
  body: { message: 'Invalid input: expected string, received undefined' },
  constructor: 'Function<HttpError>',
  toString: 'Function<toString>',
  stacks: []
}
⎯⎯⎯⎯⎯⎯⎯⎯⎯⎯⎯⎯⎯⎯⎯⎯⎯⎯⎯⎯⎯⎯⎯[4/33]⎯

 FAIL  |server| src/routes/api/assessments/api-routes.test.ts > POST /api/assessments > should validate required fields
AssertionError: expected 'Invalid input: expected string, recei…' to be 'Missing required fields' // Object.is equality

Expected: [32m"[7mMiss[27ming re[7mquired fields[27m"[39m
Received: [31m"[7mInvalid input: expected str[27ming[7m,[27m re[7mceived undefined[27m"[39m

 ❯ src/routes/api/assessments/api-routes.test.ts:255:31
    253|    const error = err as { status: number; body: { message: string } };
    254|    expect(error.status).toBe(400);
    255|    expect(error.body.message).toBe('Missing required fields');
       |                               ^
    256|   }
    257|  });

⎯⎯⎯⎯⎯⎯⎯⎯⎯⎯⎯⎯⎯⎯⎯⎯⎯⎯⎯⎯⎯⎯⎯[5/33]⎯

 FAIL  |server| src/routes/api/assessments/api-routes.test.ts > POST /api/assessments > should reject empty categories array
AssertionError: expected 'At least one category required' to be 'Missing required fields' // Object.is equality

Expected: [32m"Missing required fields"[39m
Received: [31m"At least one category required"[39m

 ❯ src/routes/api/assessments/api-routes.test.ts:288:31
    286|    const error = err as { status: number; body: { message: string } };
    287|    expect(error.status).toBe(400);
    288|    expect(error.body.message).toBe('Missing required fields');
       |                               ^
    289|   }
    290|  });

⎯⎯⎯⎯⎯⎯⎯⎯⎯⎯⎯⎯⎯⎯⎯⎯⎯⎯⎯⎯⎯⎯⎯[6/33]⎯

 FAIL  |server| src/routes/api/assessments/api-routes.test.ts > POST /api/assessments > should handle database errors
AssertionError: expected 400 to be 500 // Object.is equality

[32m- Expected[39m
[31m+ Received[39m

[32m- 500[39m
[31m+ 400[39m

 ❯ src/routes/api/assessments/api-routes.test.ts:328:25
    326|   } catch (err: unknown) {
    327|    const error = err as { status: number; body: { message: string } };
    328|    expect(error.status).toBe(500);
       |                         ^
    329|    expect(error.body.message).toBe('Failed to create assessment');
    330|   }

⎯⎯⎯⎯⎯⎯⎯⎯⎯⎯⎯⎯⎯⎯⎯⎯⎯⎯⎯⎯⎯⎯⎯[7/33]⎯

 FAIL  |server| src/routes/api/assessments/api-routes.test.ts > GET /api/assessments > should return all teacher assessments
{
  status: 400,
  body: {
    message: 'Invalid option: expected one of "draft"|"published"|"archived"'
  },
  constructor: 'Function<HttpError>',
  toString: 'Function<toString>',
  stacks: []
}
⎯⎯⎯⎯⎯⎯⎯⎯⎯⎯⎯⎯⎯⎯⎯⎯⎯⎯⎯⎯⎯⎯⎯[8/33]⎯

 FAIL  |server| src/routes/api/assessments/api-routes.test.ts > GET /api/assessments > should filter assessments by status
{
  status: 400,
  body: {
    message: 'Invalid option: expected one of "6eme"|"5eme"|"4eme"|"3eme"|"2nde"|"1ere"|"Terminale"'
  },
  constructor: 'Function<HttpError>',
  toString: 'Function<toString>',
  stacks: []
}
⎯⎯⎯⎯⎯⎯⎯⎯⎯⎯⎯⎯⎯⎯⎯⎯⎯⎯⎯⎯⎯⎯⎯[9/33]⎯

 FAIL  |server| src/routes/api/assessments/api-routes.test.ts > GET /api/assessments > should handle database errors
AssertionError: expected 400 to be 500 // Object.is equality

[32m- Expected[39m
[31m+ Received[39m

[32m- 500[39m
[31m+ 400[39m

 ❯ src/routes/api/assessments/api-routes.test.ts:498:25
    496|   } catch (err: unknown) {
    497|    const error = err as { status: number; body: { message: string } };
    498|    expect(error.status).toBe(500);
       |                         ^
    499|    expect(error.body.message).toBe('Failed to fetch assessments');
    500|   }

⎯⎯⎯⎯⎯⎯⎯⎯⎯⎯⎯⎯⎯⎯⎯⎯⎯⎯⎯⎯⎯⎯[10/33]⎯

 FAIL  |server| src/routes/api/assessments/api-routes.test.ts > GET /api/assessments/[id] > should handle assessment not found
AssertionError: expected 400 to be 404 // Object.is equality

[32m- Expected[39m
[31m+ Received[39m

[32m- 404[39m
[31m+ 400[39m

 ❯ src/routes/api/assessments/api-routes.test.ts:607:25
    605|   } catch (err: unknown) {
    606|    const error = err as { status: number; body: { message: string } };
    607|    expect(error.status).toBe(404);
       |                         ^
    608|    expect(error.body.message).toBe('Assessment not found');
    609|   }

⎯⎯⎯⎯⎯⎯⎯⎯⎯⎯⎯⎯⎯⎯⎯⎯⎯⎯⎯⎯⎯⎯[11/33]⎯

 FAIL  |server| src/routes/api/assessments/api-routes.test.ts > POST /api/assessments/[id]/assign > should assign to classes successfully
{
  status: 400,
  body: { message: 'Invalid class ID format' },
  constructor: 'Function<HttpError>',
  toString: 'Function<toString>',
  stacks: []
}
⎯⎯⎯⎯⎯⎯⎯⎯⎯⎯⎯⎯⎯⎯⎯⎯⎯⎯⎯⎯⎯⎯[12/33]⎯

 FAIL  |server| src/routes/api/assessments/api-routes.test.ts > POST /api/assessments/[id]/assign > should assign to individual students
{
  status: 400,
  body: { message: 'Invalid student ID format' },
  constructor: 'Function<HttpError>',
  toString: 'Function<toString>',
  stacks: []
}
⎯⎯⎯⎯⎯⎯⎯⎯⎯⎯⎯⎯⎯⎯⎯⎯⎯⎯⎯⎯⎯⎯[13/33]⎯

 FAIL  |server| src/routes/api/assessments/api-routes.test.ts > POST /api/assessments/[id]/assign > should reject when assessment is not published
AssertionError: expected 'Invalid class ID format' to be 'Assessment must be published before a…' // Object.is equality

Expected: [32m"Assessment must be published before assigning"[39m
Received: [31m"Invalid class ID format"[39m

 ❯ src/routes/api/assessments/api-routes.test.ts:1120:31
    1118|    const error = err as { status: number; body: { message: string } };
    1119|    expect(error.status).toBe(400);
    1120|    expect(error.body.message).toBe('Assessment must be published befor…
       |                               ^
    1121|   }
    1122|  });

⎯⎯⎯⎯⎯⎯⎯⎯⎯⎯⎯⎯⎯⎯⎯⎯⎯⎯⎯⎯⎯⎯[14/33]⎯

 FAIL  |server| src/routes/api/assessments/api-routes.test.ts > POST /api/assessments/[id]/assign > should reject when not authorized
AssertionError: expected 400 to be 403 // Object.is equality

[32m- Expected[39m
[31m+ Received[39m

[32m- 403[39m
[31m+ 400[39m

 ❯ src/routes/api/assessments/api-routes.test.ts:1155:25
    1153|   } catch (err: unknown) {
    1154|    const error = err as { status: number; body: { message: string } };
    1155|    expect(error.status).toBe(403);
       |                         ^
    1156|    expect(error.body.message).toBe('Forbidden - Not your assessment');
    1157|   }

⎯⎯⎯⎯⎯⎯⎯⎯⎯⎯⎯⎯⎯⎯⎯⎯⎯⎯⎯⎯⎯⎯[15/33]⎯

 FAIL  |server| src/routes/api/assessments/api-routes.test.ts > GET /api/assessments/assigned > should return empty array when student has no assignments
Error: Test timed out in 5000ms.
If this is a long-running test, pass a timeout value as the last argument or configure it globally with "testTimeout".
 ❯ src/routes/api/assessments/api-routes.test.ts:1451:2
    1449|  });
    1450| 
    1451|  it('should return empty array when student has no assignments', async…
       |  ^
    1452|   const { GET } = await import('./assigned/+server');
    1453| 

⎯⎯⎯⎯⎯⎯⎯⎯⎯⎯⎯⎯⎯⎯⎯⎯⎯⎯⎯⎯⎯⎯[16/33]⎯

 FAIL  |server| src/routes/api/assessments/api-routes.test.ts > GET /api/assessments/[id]/results > should return results successfully
{
  status: 400,
  body: { message: 'Invalid input: expected string, received null' },
  constructor: 'Function<HttpError>',
  toString: 'Function<toString>',
  stacks: []
}
⎯⎯⎯⎯⎯⎯⎯⎯⎯⎯⎯⎯⎯⎯⎯⎯⎯⎯⎯⎯⎯⎯[17/33]⎯

 FAIL  |server| src/routes/api/assessments/api-routes.test.ts > GET /api/assessments/[id]/results > should include statistics when requested
{
  status: 400,
  body: { message: 'Invalid input: expected string, received null' },
  constructor: 'Function<HttpError>',
  toString: 'Function<toString>',
  stacks: []
}
⎯⎯⎯⎯⎯⎯⎯⎯⎯⎯⎯⎯⎯⎯⎯⎯⎯⎯⎯⎯⎯⎯[18/33]⎯

 FAIL  |server| src/routes/api/assessments/api-routes.test.ts > GET /api/assessments/[id]/results > should include class statistics when requested
{
  status: 400,
  body: { message: 'Invalid input: expected string, received null' },
  constructor: 'Function<HttpError>',
  toString: 'Function<toString>',
  stacks: []
}
⎯⎯⎯⎯⎯⎯⎯⎯⎯⎯⎯⎯⎯⎯⎯⎯⎯⎯⎯⎯⎯⎯[19/33]⎯

 FAIL  |server| src/routes/api/exercises/api-routes.test.ts > POST /api/exercises/[id]/assign > should reject unauthenticated requests
Error: Test timed out in 5000ms.
If this is a long-running test, pass a timeout value as the last argument or configure it globally with "testTimeout".
 ❯ src/routes/api/exercises/api-routes.test.ts:73:2
     71| 
     72| describe('POST /api/exercises/[id]/assign', () => {
     73|  it('should reject unauthenticated requests', async () => {
       |  ^
     74|   // Import endpoint handler
     75|   const { POST } = await import('./[id]/assign/+server');

⎯⎯⎯⎯⎯⎯⎯⎯⎯⎯⎯⎯⎯⎯⎯⎯⎯⎯⎯⎯⎯⎯[20/33]⎯

 FAIL  |server| src/routes/api/exercises/api-routes.test.ts > POST /api/exercises/[id]/assign > should reject non-teacher users
Error: Test timed out in 5000ms.
If this is a long-running test, pass a timeout value as the last argument or configure it globally with "testTimeout".
 ❯ src/routes/api/exercises/api-routes.test.ts:94:2
     92|  });
     93| 
     94|  it('should reject non-teacher users', async () => {
       |  ^
     95|   const { POST } = await import('./[id]/assign/+server');
     96| 

⎯⎯⎯⎯⎯⎯⎯⎯⎯⎯⎯⎯⎯⎯⎯⎯⎯⎯⎯⎯⎯⎯[21/33]⎯

 FAIL  |server| src/routes/api/exercises/api-routes.test.ts > POST /api/exercises/[id]/assign > should create single student assignment
{
  status: 400,
  body: { message: 'Validation failed: student_id: Invalid student ID' },
  constructor: 'Function<HttpError>',
  toString: 'Function<toString>',
  stacks: []
}
⎯⎯⎯⎯⎯⎯⎯⎯⎯⎯⎯⎯⎯⎯⎯⎯⎯⎯⎯⎯⎯⎯[22/33]⎯

 FAIL  |server| src/routes/api/exercises/api-routes.test.ts > POST /api/exercises/[id]/assign > should create bulk assignments
{
  status: 400,
  body: {
    message: 'Validation failed: students.0: Invalid student ID; students.1: Invalid student ID; students.2: Invalid student ID'
  },
  constructor: 'Function<HttpError>',
  toString: 'Function<toString>',
  stacks: []
}
⎯⎯⎯⎯⎯⎯⎯⎯⎯⎯⎯⎯⎯⎯⎯⎯⎯⎯⎯⎯⎯⎯[23/33]⎯

 FAIL  |server| src/routes/api/exercises/api-routes.test.ts > POST /api/exercises/[id]/assign > should reject assignment when not exercise owner
{
  status: 400,
  body: { message: 'Validation failed: student_id: Invalid student ID' },
  constructor: 'Function<HttpError>',
  toString: 'Function<toString>',
  stacks: []
}
⎯⎯⎯⎯⎯⎯⎯⎯⎯⎯⎯⎯⎯⎯⎯⎯⎯⎯⎯⎯⎯⎯[24/33]⎯

 FAIL  |server| src/routes/api/exercises/api-routes.test.ts > POST /api/exercises/[id]/view > should track view for authenticated user
AssertionError: expected 400 to be 200 // Object.is equality

[32m- Expected[39m
[31m+ Received[39m

[32m- 200[39m
[31m+ 400[39m

 ❯ src/routes/api/exercises/api-routes.test.ts:418:27
    416| 
    417|   const data = await response.json();
    418|   expect(response.status).toBe(200);
       |                           ^
    419|   expect(data.view_count).toBe(1);
    420|   expect(data.completed_at).toBeNull();

⎯⎯⎯⎯⎯⎯⎯⎯⎯⎯⎯⎯⎯⎯⎯⎯⎯⎯⎯⎯⎯⎯[25/33]⎯

 FAIL  |server| src/routes/api/exercises/api-routes.test.ts > Request validation > should validate assignment type fields
{
  status: 400,
  body: {
    message: 'Validation failed: : Must provide student_id for student assignments or class_id for class assignments'
  },
  constructor: 'Function<HttpError>',
  toString: 'Function<toString>',
  stacks: []
}
⎯⎯⎯⎯⎯⎯⎯⎯⎯⎯⎯⎯⎯⎯⎯⎯⎯⎯⎯⎯⎯⎯[26/33]⎯

 FAIL  |server| src/routes/api/exercises/api-routes.test.ts > Authorization edge cases > should prevent teachers from assigning exercises they do not own
{
  status: 400,
  body: { message: 'Validation failed: student_id: Invalid student ID' },
  constructor: 'Function<HttpError>',
  toString: 'Function<toString>',
  stacks: []
}
⎯⎯⎯⎯⎯⎯⎯⎯⎯⎯⎯⎯⎯⎯⎯⎯⎯⎯⎯⎯⎯⎯[27/33]⎯

 FAIL  |server| src/routes/api/riddles/api-routes.test.ts > POST /api/riddles/[id]/submit > should handle automatic validation for correct answer
{
  status: 401,
  body: { message: 'Non authentifié' },
  constructor: 'Function<HttpError>',
  toString: 'Function<toString>',
  stacks: []
}
⎯⎯⎯⎯⎯⎯⎯⎯⎯⎯⎯⎯⎯⎯⎯⎯⎯⎯⎯⎯⎯⎯[28/33]⎯

 FAIL  |server| src/routes/api/riddles/api-routes.test.ts > POST /api/riddles/[id]/submit > should handle automatic validation for incorrect answer
{
  status: 401,
  body: { message: 'Non authentifié' },
  constructor: 'Function<HttpError>',
  toString: 'Function<toString>',
  stacks: []
}
⎯⎯⎯⎯⎯⎯⎯⎯⎯⎯⎯⎯⎯⎯⎯⎯⎯⎯⎯⎯⎯⎯[29/33]⎯

 FAIL  |server| src/routes/api/riddles/api-routes.test.ts > POST /api/riddles/[id]/submit > should handle manual validation and create teacher message
{
  status: 401,
  body: { message: 'Non authentifié' },
  constructor: 'Function<HttpError>',
  toString: 'Function<toString>',
  stacks: []
}
⎯⎯⎯⎯⎯⎯⎯⎯⎯⎯⎯⎯⎯⎯⎯⎯⎯⎯⎯⎯⎯⎯[30/33]⎯

 FAIL  |server| src/routes/api/riddles/api-routes.test.ts > POST /api/riddles/[id]/submit > should call RPC with correct parameters
{
  status: 401,
  body: { message: 'Non authentifié' },
  constructor: 'Function<HttpError>',
  toString: 'Function<toString>',
  stacks: []
}
⎯⎯⎯⎯⎯⎯⎯⎯⎯⎯⎯⎯⎯⎯⎯⎯⎯⎯⎯⎯⎯⎯[31/33]⎯

 FAIL  |server| src/lib/questions/generator/instance-generator.test.ts > generateInstance - Precision Handling > should include decimal precision
AssertionError: expected { type: 'decimal', digits: 2 } to deeply equal { type: 'decimal', …(2) }

[32m- Expected[39m
[31m+ Received[39m

[2m  {[22m
[2m    "digits": 2,[22m
[32m-   "status": "draft",[39m
[2m    "type": "decimal",[22m
[2m  }[22m

 ❯ src/lib/questions/generator/instance-generator.test.ts:620:37
    618|   if (!result.success) return;
    619| 
    620|   expect(result.instance.precision).toEqual({ type: 'decimal',
       |                                     ^
    621|    status: 'draft' as const, digits: 2 });
    622|  });

⎯⎯⎯⎯⎯⎯⎯⎯⎯⎯⎯⎯⎯⎯⎯⎯⎯⎯⎯⎯⎯⎯[32/33]⎯

 FAIL  |server| src/lib/questions/generator/variable-resolver.test.ts > resolveVariables - Edge Cases > should handle variable with empty expression
AssertionError: expected +0 to be '' // Object.is equality

[32m- Expected:[39m 
""

[31m+ Received:[39m 
0

 ❯ src/lib/questions/generator/variable-resolver.test.ts:442:28
    440|   const result = toObject(resolved);
    441| 
    442|   expect(Number(result.a)).toBe('');
       |                            ^
    443|  });
    444| 

⎯⎯⎯⎯⎯⎯⎯⎯⎯⎯⎯⎯⎯⎯⎯⎯⎯⎯⎯⎯⎯⎯[33/33]⎯


 Test Files  6 failed | 62 passed (68)
      Tests  33 failed | 2670 passed | 7 skipped (2710)
   Start at  18:09:41
   Duration  33.74s (transform 19.42s, setup 244ms, collect 72.37s, tests 48.79s, environment 24ms, prepare 27.54s)

 ELIFECYCLE  Command failed with exit code 1.
