electron/images/curseurGomme.png 32×32
electron/images/downArrow.png 16×16
electron/images/downMaxArrow.png 16×16
electron/images/downMax.png 16×16
electron/images/down.png 16×16
electron/images/dropdown.png 26×26
electron/images/LatexAccoladeDouble.png 32×32
electron/images/LatexAccolade.png 32×32
electron/images/LatexAngle.png 32×32
electron/images/LatexCos.png 32×32
electron/images/LatexCrochet.png 32×32
electron/images/LatexExp.png 32×32
electron/images/LatexIntegrale.png 32×32
electron/images/LatexLimite.png 32×32
electron/images/LatexLn.png 32×32
electron/images/LatexMatrice12.png 32×32
electron/images/LatexMatrice13.png 32×32
electron/images/LatexMatrice21.png 32×32
electron/images/LatexMatrice22.png 32×32
electron/images/LatexMatrice31.png 32×32
electron/images/LatexMesureAlgebrique.png 32×32
electron/images/LatexNorme.png 32×32
electron/images/LatexPar.png 32×32
electron/images/LatexQuotient.png 32×32
electron/images/LatexRacineN.png 32×32
electron/images/LatexRacine.png 32×32
electron/images/LatexSigma.png 32×32
electron/images/LatexSin.png 32×32
electron/images/LatexSouligne.png 32×32
electron/images/LatexTan.png 32×32
electron/images/LatexTexte.png 32×32
electron/images/LatexValeurAbsolue.png 32×32
electron/images/LatexVecteur.png 32×32
electron/images/menuArrow.png 32×32
electron/images/outilAdd.png 64×64
electron/images/outilAffichageCoordLie.png 64×64
electron/images/outilAffichageCoord.png 64×64
electron/images/outilAffichageEqLie.png 64×64
electron/images/outilAffichageEq.png 64×64
electron/images/outilAffichageValeurLiePt.png 64×64
electron/images/outilAffichageValeur.png 64×64
electron/images/outilAnimation.png 64×64
electron/images/outilAnnuler.png 64×64
electron/images/outilArcDirectParAng.png 64×64
electron/images/outilArcDirect.png 64×64
electron/images/outilArcGrandParAng.png 64×64
electron/images/outilArcGrandParRapporteur.png 64×64
electron/images/outilArcGrand.png 64×64
electron/images/outilArcIndirectParAng.png 64×64
electron/images/outilArcIndirect.png 64×64
electron/images/outilArcParRapporteur.png 64×64
electron/images/outilArcPetitParAng.png 64×64
electron/images/outilArcPetit.png 64×64
electron/images/outilBarycentre.png 64×64
electron/images/outilCalculComp.png 64×64
electron/images/outilCalcul.png 64×64
electron/images/outilCaptNom.png 64×64
electron/images/outilCapt.png 64×64
electron/images/outilCarre.png 64×64
electron/images/outilCentreGrav.png 64×64
electron/images/outilCerOAB.png 32×32
electron/images/outilCerOA.png 64×64
electron/images/outilCerOR.png 64×64
electron/images/outilCommentaireLiePt.png 64×64
electron/images/outilCommentaire.png 64×64
electron/images/outilCopierStyle.png 64×64
electron/images/outilCourbeAvecTan.png 64×64
electron/images/outilCourbeFoncCr.png 64×64
electron/images/outilCourbeFonc.png 64×64
electron/images/outilCourbePoly.png 64×64
electron/images/outilCouronne.png 64×64
electron/images/outilCreationConst.png 64×64
electron/images/outilCreationLiaisonAff.png 64×64
electron/images/outilCreationLiaison.png 64×64
electron/images/outilCurseur.png 64×64
electron/images/outilDemarquerPt.png 64×64
electron/images/outilDemiDt.png 64×64
electron/images/outilDemiPlan.png 64×64
electron/images/outilDepunaiser.png 64×64
electron/images/outilDerivee.png 64×64
electron/images/outilDtAB.png 64×64
electron/images/outilDtBis.png 64×64
electron/images/outilDtHor.png 64×64
electron/images/outilDtMed.png 64×64
electron/images/outilDtParCoef.png 64×64
electron/images/outilDtParEq.png 64×64
electron/images/outilDtPar.png 64×64
electron/images/outilDtPer.png 64×64
electron/images/outilDtVer.png 64×64
electron/images/outilEditeurFormule.png 64×64
electron/images/outilExecutionMacro.png 64×64
electron/images/outilExport.png 64×64
electron/images/outilFoncComp.png 64×64
electron/images/outilFonc.png 64×64
electron/images/outilGestionConst.png 64×64
electron/images/outilGomme.png 64×64
electron/images/outilGrapheSuiteRecComp.png 64×64
electron/images/outilGrapheSuiteRec.png 64×64
electron/images/outilHelp.png 64×64
electron/images/outilHom.png 64×64
electron/images/outilImageLibre.png 64×64
electron/images/outilImageLiee.png 64×64
electron/images/outilInt.png 64×64
electron/images/outilLatexLiePt.png 64×64
electron/images/outilLatex.png 64×64
electron/images/outilLieuDiscretParPtLie.png 64×64
electron/images/outilLieuDiscretParVariable.png 64×64
electron/images/outilLieuObjetParPtLie.png 64×64
electron/images/outilLieuObjetParVariable.png 64×64
electron/images/outilLieuParPtLie.png 64×64
electron/images/outilLieuParVariable.png 64×64
electron/images/outilLigneBrisee.png 64×64
electron/images/outilMacroAdd.png 64×64
electron/images/outilMarqueAngOr.png 64×64
electron/images/outilMarqueAngOrSD.png 64×64
electron/images/outilMarqueAngOrSI.png 64×64
electron/images/outilMarqueAng.png 64×64
electron/images/outilMarquerPt.png 64×64
electron/images/outilMarqueSeg.png 64×64
electron/images/outilMax.png 64×64
electron/images/outilMesAbs.png 64×64
electron/images/outilMesAbsRep.png 64×64
electron/images/outilMesAffRep.png 64×64
electron/images/outilMesAire.png 64×64
electron/images/outilMesAngNor.png 64×64
electron/images/outilMesAngOr.png 64×64
electron/images/outilMesCoefDir.png 64×64
electron/images/outilMesLongLigne.png 64×64
electron/images/outilMesLongOr.png 32×32
electron/images/outilMesLong.png 64×64
electron/images/outilMesOrdRep.png 64×64
electron/images/outilMesProSca.png 64×64
electron/images/outilMilieu.png 64×64
electron/images/outilMin.png 64×64
electron/images/outilModePointsAuto.png 64×64
electron/images/outilModeTrace.png 64×64
electron/images/outilModifObjGraph.png 64×64
electron/images/outilModifObjNum.png 64×64
electron/images/outilNew.png 64×64
electron/images/outilNommer.png 64×64
electron/images/outilOpen.png 64×64
electron/images/outilOptionsFig.png 64×64
electron/images/outilPalette.png 64×64
electron/images/outilParallelog.png 64×64
electron/images/outilPolygone.png 64×64
electron/images/outilPolygoneReg.png 64×64
electron/images/outilProj.png 64×64
electron/images/outilProtocole.png 64×64
electron/images/outilPtBaseEnt.png 64×64
electron/images/outilPtInterieur.png 64×64
electron/images/outilPtLib.png 64×64
electron/images/outilPtLie.png 64×64
electron/images/outilPtParAbs.png 64×64
electron/images/outilPtParAff.png 64×64
electron/images/outilPtParCoord.png 64×64
electron/images/outilPtParMultVec.png 64×64
electron/images/outilPtParSommeVec.png 64×64
electron/images/outilPunaiser.png 64×64
electron/images/outilRapporteur.png 64×64
electron/images/outilRecalculer.png 64×64
electron/images/outilReclassDebObjGra.png 64×64
electron/images/outilReclassFinObjGra.png 64×64
electron/images/outilRefaire.png 64×64
electron/images/outilRepere.png 64×64
electron/images/outilRideau.png 64×64
electron/images/outilRot.png 64×64
electron/images/outilSave.png 64×64
electron/images/outilSegmentParLong.png 64×64
electron/images/outilSeg.png 64×64
electron/images/outilSim.png 64×64
electron/images/outilSolutionEq.png 64×64
electron/images/outilSuiteRecComplexe.png 64×64
electron/images/outilSuiteRec.png 64×64
electron/images/outilSup.png 64×64
electron/images/outilSuppressionLiaisonAff.png 64×64
electron/images/outilSuppressionLiaison.png 64×64
electron/images/outilSurface2Lieux.png 64×64
electron/images/outilSurfaceLieu2Pts.png 64×64
electron/images/outilSurfaceLieuDroite.png 64×64
electron/images/outilSurface.png 64×64
electron/images/outilSymAxiale.png 64×64
electron/images/outilSymCentrale.png 64×64
electron/images/outilTailleMoins.png 64×64
electron/images/outilTaillePlus.png 64×64
electron/images/outilTangente.png 64×64
electron/images/outilToggleToolsAdd.png 64×64
electron/images/outilTranslationFigure.png 64×64
electron/images/outilTransParCoord.png 64×64
electron/images/outilTrans.png 64×64
electron/images/outilTriangleEq.png 64×64
electron/images/outilVariable.png 64×64
electron/images/outilVect.png 64×64
electron/images/outilZoomMoins.png 64×64
electron/images/outilZoomPlus.png 64×64
electron/images/stop.png 48×48
electron/images/styleFleche1.png 32×32
electron/images/styleFleche2.png 32×32
electron/images/styleFleche3.png 32×32
electron/images/styleFleche4.png 32×32
electron/images/styleHachure45Bas.png 52×26
electron/images/styleHachure45Haut.png 52×24
electron/images/styleHachureHor - Copie.png 52×24
electron/images/styleHachureHor.png 52×24
electron/images/styleHachurePlein.png 52×24
electron/images/styleHachureTransp.png 52×24
electron/images/styleHachureVer.png 52×24
electron/images/styleMarqueAngle10.png 64×64
electron/images/styleMarqueAngle1.png 64×64
electron/images/styleMarqueAngle2.png 64×64
electron/images/styleMarqueAngle3.png 64×64
electron/images/styleMarqueAngle4.png 64×64
electron/images/styleMarqueAngle5.png 64×64
electron/images/styleMarqueAngle6.png 64×64
electron/images/styleMarqueAngle7.png 64×64
electron/images/styleMarqueAngle8.png 64×64
electron/images/styleMarqueAngle9.png 64×64
electron/images/styleMarqueSegment1.png 64×64
electron/images/styleMarqueSegment2.png 64×64
electron/images/styleMarqueSegment3.png 64×64
electron/images/styleMarqueSegment4.png 64×64
electron/images/stylePointCroix.png 64×64
electron/images/stylePointGrandMult.png 64×64
electron/images/stylePointGrandRond.png 64×64
electron/images/stylePointLosange.png 64×64
electron/images/stylePointMult.png 64×64
electron/images/stylePointPave.png 64×64
electron/images/stylePointPetitRond.png 64×64
electron/images/stylePointPixel.png 64×64
electron/images/stylePointRond.png 64×64
electron/images/styleTexteExposant.png 32×32
electron/images/styleTexteGras.png 32×32
electron/images/styleTexteIndice.png 32×32
electron/images/styleTexteItalique.png 32×32
electron/images/styleTexteNormal.png 32×32
electron/images/styleTexteSouligne.png 32×32
electron/images/supEnd.png 32×32
electron/images/traitContinu.png 76×24
electron/images/traitLongTrait.png 76×24
electron/images/traitPointille.png 76×24
electron/images/traitPointPoint.png 76×24
electron/images/traitPointPointPoint.png 76×24
electron/images/traitTrait.png 76×24
electron/images/upArrow.png 16×16
electron/images/upMaxArrow.png 16×16
electron/images/upMax.png 16×16
electron/images/up.png 16×16
