www/images/curseurGomme.png 32×32
www/images/downArrow.png 16×16
www/images/downMaxArrow.png 16×16
www/images/downMax.png 16×16
www/images/down.png 16×16
www/images/dropdown.png 26×26
www/images/LatexAccoladeDouble.png 32×32
www/images/LatexAccolade.png 32×32
www/images/LatexAngle.png 32×32
www/images/LatexCos.png 32×32
www/images/LatexCrochet.png 32×32
www/images/LatexExp.png 32×32
www/images/LatexIntegrale.png 32×32
www/images/LatexLimite.png 32×32
www/images/LatexLn.png 32×32
www/images/LatexMatrice12.png 32×32
www/images/LatexMatrice13.png 32×32
www/images/LatexMatrice21.png 32×32
www/images/LatexMatrice22.png 32×32
www/images/LatexMatrice31.png 32×32
www/images/LatexMesureAlgebrique.png 32×32
www/images/LatexNorme.png 32×32
www/images/LatexPar.png 32×32
www/images/LatexQuotient.png 32×32
www/images/LatexRacineN.png 32×32
www/images/LatexRacine.png 32×32
www/images/LatexSigma.png 32×32
www/images/LatexSin.png 32×32
www/images/LatexSouligne.png 32×32
www/images/LatexTan.png 32×32
www/images/LatexTexte.png 32×32
www/images/LatexValeurAbsolue.png 32×32
www/images/LatexVecteur.png 32×32
www/images/menuArrow.png 32×32
www/images/outilAdd.png 32×32
www/images/outilAffichageCoordLie.png 64×64
www/images/outilAffichageCoord.png 64×64
www/images/outilAffichageEqLie.png 64×64
www/images/outilAffichageEq.png 64×64
www/images/outilAffichageValeurLiePt.png 32×32
www/images/outilAffichageValeur.png 64×64
www/images/outilAnimation.png 32×32
www/images/outilAnnuler.png 32×32
www/images/outilArcDirectParAng.png 32×32
www/images/outilArcDirect.png 32×32
www/images/outilArcGrandParAng.png 32×32
www/images/outilArcGrandParRapporteur.png 32×32
www/images/outilArcGrand.png 32×32
www/images/outilArcIndirectParAng.png 32×32
www/images/outilArcIndirect.png 32×32
www/images/outilArcParRapporteur.png 32×32
www/images/outilArcPetitParAng.png 32×32
www/images/outilArcPetit.png 32×32
www/images/outilBarycentre.png 32×32
www/images/outilCalculComp.png 32×32
www/images/outilCalcul.png 32×32
www/images/outilCaptNom.png 32×32
www/images/outilCapt.png 32×32
www/images/outilCarre.png 32×32
www/images/outilCentreGrav.png 32×32
www/images/outilCerOAB.png 32×32
www/images/outilCerOA.png 32×32
www/images/outilCerOR.png 32×32
www/images/outilCommentaireLiePt.png 32×32
www/images/outilCommentaire.png 32×32
www/images/outilCopierStyle.png 64×64
www/images/outilCourbeAvecTan.png 32×32
www/images/outilCourbeFoncCr.png 32×32
www/images/outilCourbeFonc.png 32×32
www/images/outilCourbePoly.png 32×32
www/images/outilCouronne.png 32×32
www/images/outilCreationConst.png 32×32
www/images/outilCreationLiaisonAff.png 32×32
www/images/outilCreationLiaison.png 32×32
www/images/outilCurseur.png 32×32
www/images/outilDemarquerPt.png 32×32
www/images/outilDemiDt.png 32×32
www/images/outilDemiPlan.png 32×32
www/images/outilDepunaiser.png 32×32
www/images/outilDerivee.png 32×32
www/images/outilDtAB.png 32×32
www/images/outilDtBis.png 32×32
www/images/outilDtHor.png 32×32
www/images/outilDtMed.png 32×32
www/images/outilDtParCoef.png 32×32
www/images/outilDtParEq.png 64×64
www/images/outilDtPar.png 32×32
www/images/outilDtPer.png 32×32
www/images/outilDtVer.png 32×32
www/images/outilEditeurFormule.png 32×32
www/images/outilExecutionMacro.png 32×32
www/images/outilExport.png 32×32
www/images/outilFoncComp.png 32×32
www/images/outilFonc.png 32×32
www/images/outilGestionConst.png 32×32
www/images/outilGomme.png 32×32
www/images/outilGrapheSuiteRecComp.png 32×32
www/images/outilGrapheSuiteRec.png 64×64
www/images/outilHelp.png 32×32
www/images/outilHom.png 32×32
www/images/outilImageLibre.png 32×32
www/images/outilImageLiee.png 32×32
www/images/outilInt.png 32×32
www/images/outilLatexLiePt.png 32×32
www/images/outilLatex.png 32×32
www/images/outilLieuDiscretParPtLie.png 32×32
www/images/outilLieuDiscretParVariable.png 32×32
www/images/outilLieuObjetParPtLie.png 32×32
www/images/outilLieuObjetParVariable.png 64×64
www/images/outilLieuParPtLie.png 32×32
www/images/outilLieuParVariable.png 32×32
www/images/outilLigneBrisee.png 32×32
www/images/outilMacroAdd.png 64×64
www/images/outilMarqueAngOr.png 32×32
www/images/outilMarqueAngOrSD.png 64×64
www/images/outilMarqueAngOrSI.png 32×32
www/images/outilMarqueAng.png 32×32
www/images/outilMarquerPt.png 32×32
www/images/outilMarqueSeg.png 32×32
www/images/outilMax.png 32×32
www/images/outilMesAbs.png 32×32
www/images/outilMesAbsRep.png 32×32
www/images/outilMesAffRep.png 32×32
www/images/outilMesAire.png 32×32
www/images/outilMesAngNor.png 32×32
www/images/outilMesAngOr.png 32×32
www/images/outilMesCoefDir.png 32×32
www/images/outilMesLongLigne.png 32×32
www/images/outilMesLongOr.png 32×32
www/images/outilMesLong.png 32×32
www/images/outilMesOrdRep.png 32×32
www/images/outilMesProSca.png 32×32
www/images/outilMilieu.png 32×32
www/images/outilMin.png 32×32
www/images/outilModePointsAuto.png 64×64
www/images/outilModeTrace.png 32×32
www/images/outilModifObjGraph.png 32×32
www/images/outilModifObjNum.png 32×32
www/images/outilNew.png 32×32
www/images/outilNommer.png 32×32
www/images/outilOpen.png 32×32
www/images/outilOptionsFig.png 32×32
www/images/outilPalette.png 32×32
www/images/outilParallelog.png 32×32
www/images/outilPolygone.png 32×32
www/images/outilPolygoneReg.png 32×32
www/images/outilProj.png 32×32
www/images/outilProtocole.png 32×32
www/images/outilPtBaseEnt.png 32×32
www/images/outilPtInterieur.png 32×32
www/images/outilPtLib.png 32×32
www/images/outilPtLie.png 32×32
www/images/outilPtParAbs.png 32×32
www/images/outilPtParAff.png 32×32
www/images/outilPtParCoord.png 32×32
www/images/outilPtParMultVec.png 32×32
www/images/outilPtParSommeVec.png 32×32
www/images/outilPunaiser.png 32×32
www/images/outilRapporteur.png 32×32
www/images/outilRecalculer.png 32×32
www/images/outilReclassDebObjGra.png 32×32
www/images/outilReclassFinObjGra.png 32×32
www/images/outilRefaire.png 32×32
www/images/outilRepere.png 32×32
www/images/outilRideau.png 32×32
www/images/outilRot.png 32×32
www/images/outilSave.png 32×32
www/images/outilSegmentParLong.png 32×32
www/images/outilSeg.png 32×32
www/images/outilSim.png 32×32
www/images/outilSolutionEq.png 32×32
www/images/outilSuiteRecComplexe.png 32×32
www/images/outilSuiteRec.png 32×32
www/images/outilSup.png 32×32
www/images/outilSuppressionLiaisonAff.png 32×32
www/images/outilSuppressionLiaison.png 32×32
www/images/outilSurface2Lieux.png 32×32
www/images/outilSurfaceLieu2Pts.png 32×32
www/images/outilSurfaceLieuDroite.png 32×32
www/images/outilSurface.png 32×32
www/images/outilSymAxiale.png 32×32
www/images/outilSymCentrale.png 32×32
www/images/outilTailleMoins.png 64×64
www/images/outilTaillePlus.png 64×64
www/images/outilTangente.png 32×32
www/images/outilToggleToolsAdd.png 32×32
www/images/outilTranslationFigure.png 32×32
www/images/outilTransParCoord.png 32×32
www/images/outilTrans.png 32×32
www/images/outilTriangleEq.png 32×32
www/images/outilVariable.png 32×32
www/images/outilVect.png 32×32
www/images/outilZoomMoins.png 32×32
www/images/outilZoomPlus.png 32×32
www/images/stop.png 48×48
www/images/styleFleche1.png 16×16
www/images/styleFleche2.png 16×16
www/images/styleFleche3.png 16×16
www/images/styleFleche4.png 16×16
www/images/styleHachure45Bas.png 26×13
www/images/styleHachure45Haut.png 26×12
www/images/styleHachureHor - Copie.png 26×12
www/images/styleHachureHor.png 26×12
www/images/styleHachurePlein.png 26×12
www/images/styleHachureTransp.png 26×12
www/images/styleHachureVer.png 26×12
www/images/styleMarqueAngle10.png 32×32
www/images/styleMarqueAngle1.png 32×32
www/images/styleMarqueAngle2.png 32×32
www/images/styleMarqueAngle3.png 32×32
www/images/styleMarqueAngle4.png 32×32
www/images/styleMarqueAngle5.png 32×32
www/images/styleMarqueAngle6.png 32×32
www/images/styleMarqueAngle7.png 32×32
www/images/styleMarqueAngle8.png 32×32
www/images/styleMarqueAngle9.png 32×32
www/images/styleMarqueSegment1.png 32×32
www/images/styleMarqueSegment2.png 32×32
www/images/styleMarqueSegment3.png 32×32
www/images/styleMarqueSegment4.png 32×32
www/images/stylePointCroix.png 32×32
www/images/stylePointGrandMult.png 32×32
www/images/stylePointGrandRond.png 32×32
www/images/stylePointLosange.png 32×32
www/images/stylePointMult.png 32×32
www/images/stylePointPave.png 32×32
www/images/stylePointPetitRond.png 32×32
www/images/stylePointPixel.png 32×32
www/images/stylePointRond.png 32×32
www/images/styleTexteExposant.png 32×32
www/images/styleTexteGras.png 32×32
www/images/styleTexteIndice.png 32×32
www/images/styleTexteItalique.png 32×32
www/images/styleTexteNormal.png 32×32
www/images/styleTexteSouligne.png 32×32
www/images/supEnd.png 32×32
www/images/traitContinu.png 38×12
www/images/traitLongTrait.png 38×12
www/images/traitPointille.png 38×12
www/images/traitPointPoint.png 38×12
www/images/traitPointPointPoint.png 38×12
www/images/traitTrait.png 38×12
www/images/upArrow.png 16×16
www/images/upMaxArrow.png 16×16
www/images/upMax.png 16×16
www/images/up.png 16×16
